Archive member included to satisfy reference by file (symbol)

/opt/riscv-newlib/lib/gcc/riscv32-unknown-elf/15.2.0/libgcc.a(_udivdi3.o)
                              build/objs/a/b/c/util.o (__udivdi3)
/opt/riscv-newlib/lib/gcc/riscv32-unknown-elf/15.2.0/libgcc.a(addsf3.o)
                              build/objs/a/b/c/driver_st7789.o (__addsf3)
/opt/riscv-newlib/lib/gcc/riscv32-unknown-elf/15.2.0/libgcc.a(divsf3.o)
                              build/objs/a/b/c/driver_st7789.o (__divsf3)
/opt/riscv-newlib/lib/gcc/riscv32-unknown-elf/15.2.0/libgcc.a(mulsf3.o)
                              build/objs/a/b/c/driver_st7789.o (__mulsf3)
/opt/riscv-newlib/lib/gcc/riscv32-unknown-elf/15.2.0/libgcc.a(subsf3.o)
                              build/objs/a/b/c/driver_st7789.o (__subsf3)
/opt/riscv-newlib/lib/gcc/riscv32-unknown-elf/15.2.0/libgcc.a(fixunssfsi.o)
                              build/objs/a/b/c/driver_st7789.o (__fixunssfsi)
/opt/riscv-newlib/lib/gcc/riscv32-unknown-elf/15.2.0/libgcc.a(floatunsisf.o)
                              build/objs/a/b/c/driver_st7789.o (__floatunsisf)
/opt/riscv-newlib/lib/gcc/riscv32-unknown-elf/15.2.0/libgcc.a(muldi3.o)
                              build/objs/a/b/c/driver_st7789.o (__mulsi3)
/opt/riscv-newlib/lib/gcc/riscv32-unknown-elf/15.2.0/libgcc.a(div.o)
                              build/objs/a/b/c/main.o (__divsi3)
/opt/riscv-newlib/lib/gcc/riscv32-unknown-elf/15.2.0/libgcc.a(_clz.o)
                              /opt/riscv-newlib/lib/gcc/riscv32-unknown-elf/15.2.0/libgcc.a(_udivdi3.o) (__clz_tab)
/opt/riscv-newlib/lib/gcc/riscv32-unknown-elf/15.2.0/libgcc.a(_clzsi2.o)
                              /opt/riscv-newlib/lib/gcc/riscv32-unknown-elf/15.2.0/libgcc.a(addsf3.o) (__clzsi2)
/opt/riscv-newlib/lib/gcc/riscv32-unknown-elf/15.2.0/../../../../riscv32-unknown-elf/lib/libc.a(libc_a-exit.o)
                              /opt/riscv-newlib/lib/gcc/riscv32-unknown-elf/15.2.0/../../../../riscv32-unknown-elf/lib/crt0.o (exit)
/opt/riscv-newlib/lib/gcc/riscv32-unknown-elf/15.2.0/../../../../riscv32-unknown-elf/lib/libc.a(libc_a-findfp.o)
                              /opt/riscv-newlib/lib/gcc/riscv32-unknown-elf/15.2.0/../../../../riscv32-unknown-elf/lib/libc.a(libc_a-exit.o) (__stdio_exit_handler)
/opt/riscv-newlib/lib/gcc/riscv32-unknown-elf/15.2.0/../../../../riscv32-unknown-elf/lib/libc.a(libc_a-fwalk.o)
                              /opt/riscv-newlib/lib/gcc/riscv32-unknown-elf/15.2.0/../../../../riscv32-unknown-elf/lib/libc.a(libc_a-findfp.o) (_fwalk_sglue)
/opt/riscv-newlib/lib/gcc/riscv32-unknown-elf/15.2.0/../../../../riscv32-unknown-elf/lib/libc.a(libc_a-printf.o)
                              build/objs/a/b/c/main.o (printf)
/opt/riscv-newlib/lib/gcc/riscv32-unknown-elf/15.2.0/../../../../riscv32-unknown-elf/lib/libc.a(libc_a-stdio.o)
                              /opt/riscv-newlib/lib/gcc/riscv32-unknown-elf/15.2.0/../../../../riscv32-unknown-elf/lib/libc.a(libc_a-findfp.o) (__sread)
/opt/riscv-newlib/lib/gcc/riscv32-unknown-elf/15.2.0/../../../../riscv32-unknown-elf/lib/libc.a(libc_a-vprintf.o)
                              build/objs/a/b/c/driver_st7789_interface.o (vprintf)
/opt/riscv-newlib/lib/gcc/riscv32-unknown-elf/15.2.0/../../../../riscv32-unknown-elf/lib/libc.a(libc_a-strncpy.o)
                              build/objs/a/b/c/driver_st7789.o (strncpy)
/opt/riscv-newlib/lib/gcc/riscv32-unknown-elf/15.2.0/../../../../riscv32-unknown-elf/lib/libc.a(libc_a-closer.o)
                              /opt/riscv-newlib/lib/gcc/riscv32-unknown-elf/15.2.0/../../../../riscv32-unknown-elf/lib/libc.a(libc_a-stdio.o) (_close_r)
/opt/riscv-newlib/lib/gcc/riscv32-unknown-elf/15.2.0/../../../../riscv32-unknown-elf/lib/libc.a(libc_a-reent.o)
                              /opt/riscv-newlib/lib/gcc/riscv32-unknown-elf/15.2.0/../../../../riscv32-unknown-elf/lib/libc.a(libc_a-closer.o) (errno)
/opt/riscv-newlib/lib/gcc/riscv32-unknown-elf/15.2.0/../../../../riscv32-unknown-elf/lib/libc.a(libc_a-impure.o)
                              /opt/riscv-newlib/lib/gcc/riscv32-unknown-elf/15.2.0/../../../../riscv32-unknown-elf/lib/libc.a(libc_a-printf.o) (_impure_ptr)
/opt/riscv-newlib/lib/gcc/riscv32-unknown-elf/15.2.0/../../../../riscv32-unknown-elf/lib/libc.a(libc_a-lseekr.o)
                              /opt/riscv-newlib/lib/gcc/riscv32-unknown-elf/15.2.0/../../../../riscv32-unknown-elf/lib/libc.a(libc_a-stdio.o) (_lseek_r)
/opt/riscv-newlib/lib/gcc/riscv32-unknown-elf/15.2.0/../../../../riscv32-unknown-elf/lib/libc.a(libc_a-readr.o)
                              /opt/riscv-newlib/lib/gcc/riscv32-unknown-elf/15.2.0/../../../../riscv32-unknown-elf/lib/libc.a(libc_a-stdio.o) (_read_r)
/opt/riscv-newlib/lib/gcc/riscv32-unknown-elf/15.2.0/../../../../riscv32-unknown-elf/lib/libc.a(libc_a-writer.o)
                              /opt/riscv-newlib/lib/gcc/riscv32-unknown-elf/15.2.0/../../../../riscv32-unknown-elf/lib/libc.a(libc_a-stdio.o) (_write_r)
[...]
Memory Configuration

Name             Origin             Length             Attributes
ROM              0x00000000         0x01000000         xr
RAM              0x01000000         0x00800000         rw
*default*        0x00000000         0xffffffff

Linker script and memory map

LOAD /opt/riscv-newlib/lib/gcc/riscv32-unknown-elf/15.2.0/../../../../riscv32-unknown-elf/lib/crt0.o
LOAD /opt/riscv-newlib/lib/gcc/riscv32-unknown-elf/15.2.0/crtbegin.o
LOAD build/objs/a/b/c/crt0_boot.o
LOAD build/objs/a/b/c/main.o
LOAD build/objs/a/b/c/ui.o
LOAD build/objs/a/b/c/logo.o
LOAD build/objs/a/b/c/spi_driver.o
LOAD build/objs/a/b/c/gpio_driver.o
LOAD build/objs/a/b/c/driver_st7789_interface.o
LOAD build/objs/a/b/c/driver_st7789.o
LOAD build/objs/a/b/c/driver_st7789_basic.o
LOAD build/objs/a/b/c/util.o
LOAD build/objs/a/b/c/syscalls.o
LOAD build/objs/a/b/c/irq.o
LOAD build/objs/a/b/c/trap_handler.o

.text           0x00000000     0xceda
 *(.text.start)
 .text.start    0x00000000       0x34 build/objs/a/b/c/crt0_boot.o
                0x00000000                _start_boot
 *(.text)
 .text          0x00000034       0x52 /opt/riscv-newlib/lib/gcc/riscv32-unknown-elf/15.2.0/../../../../riscv32-unknown-elf/lib/crt0.o
                0x00000034                _start
 .text          0x00000086       0x4c /opt/riscv-newlib/lib/gcc/riscv32-unknown-elf/15.2.0/crtbegin.o
 .text          0x000000d2      0x3d6 /opt/riscv-newlib/lib/gcc/riscv32-unknown-elf/15.2.0/libgcc.a(_udivdi3.o)
                0x000000d2                __udivdi3
 .text          0x000004a8       0x14 /opt/riscv-newlib/lib/gcc/riscv32-unknown-elf/15.2.0/libgcc.a(muldi3.o)
                0x000004a8                __mulsi3
 .text          0x000004bc       0x7e /opt/riscv-newlib/lib/gcc/riscv32-unknown-elf/15.2.0/libgcc.a(div.o)
                0x000004bc                __divsi3
                0x000004c4                __hidden___udivsi3
                0x000004c4                __udivsi3
                0x000004f0                __umodsi3
                0x00000514                __modsi3
 .text          0x0000053a       0x3a /opt/riscv-newlib/lib/gcc/riscv32-unknown-elf/15.2.0/libgcc.a(_clzsi2.o)
                0x0000053a                __clzsi2
 .text          0x00000574       0xa8 /opt/riscv-newlib/lib/gcc/riscv32-unknown-elf/15.2.0/../../../../riscv32-unknown-elf/lib/libc.a(libc_a-memset.o)
                0x00000574                memset
 .text          0x0000061c      0x3fc /opt/riscv-newlib/lib/gcc/riscv32-unknown-elf/15.2.0/libgcc.a(_umoddi3.o)
                0x0000061c                __umoddi3
 .text          0x00000a18      0x58e /opt/riscv-newlib/lib/gcc/riscv32-unknown-elf/15.2.0/libgcc.a(adddf3.o)
                0x00000a18                __adddf3
 .text          0x00000fa6      0x5a8 /opt/riscv-newlib/lib/gcc/riscv32-unknown-elf/15.2.0/libgcc.a(divdf3.o)
                0x00000fa6                __divdf3
 .text          0x0000154e       0x66 /opt/riscv-newlib/lib/gcc/riscv32-unknown-elf/15.2.0/libgcc.a(eqdf2.o)
                0x0000154e                __eqdf2
                0x0000154e                __nedf2
 .text          0x000015b4       0xb6 /opt/riscv-newlib/lib/gcc/riscv32-unknown-elf/15.2.0/libgcc.a(gedf2.o)
                0x000015b4                __gtdf2
                0x000015b4                __gedf2
 .text          0x0000166a       0xb6 /opt/riscv-newlib/lib/gcc/riscv32-unknown-elf/15.2.0/libgcc.a(ledf2.o)
                0x0000166a                __ltdf2
                0x0000166a                __ledf2
 .text          0x00001720      0x4ac /opt/riscv-newlib/lib/gcc/riscv32-unknown-elf/15.2.0/libgcc.a(muldf3.o)
                0x00001720                __muldf3
 .text          0x00001bcc      0x5ba /opt/riscv-newlib/lib/gcc/riscv32-unknown-elf/15.2.0/libgcc.a(subdf3.o)
                0x00001bcc                __subdf3
 .text          0x00002186       0x62 /opt/riscv-newlib/lib/gcc/riscv32-unknown-elf/15.2.0/libgcc.a(fixdfsi.o)
                0x00002186                __fixdfsi
 .text          0x000021e8       0x64 /opt/riscv-newlib/lib/gcc/riscv32-unknown-elf/15.2.0/libgcc.a(floatsidf.o)
                0x000021e8                __floatsidf
 .text          0x0000224c       0xc2 /opt/riscv-newlib/lib/gcc/riscv32-unknown-elf/15.2.0/libgcc.a(eqtf2.o)
                0x0000224c                __eqtf2
                0x0000224c                __netf2
 .text          0x0000230e       0xf2 /opt/riscv-newlib/lib/gcc/riscv32-unknown-elf/15.2.0/libgcc.a(getf2.o)
                0x0000230e                __getf2
                0x0000230e                __gttf2
 .text          0x00002400       0xf2 /opt/riscv-newlib/lib/gcc/riscv32-unknown-elf/15.2.0/libgcc.a(letf2.o)
                0x00002400                __letf2
                0x00002400                __lttf2
 .text          0x000024f2      0xd3a /opt/riscv-newlib/lib/gcc/riscv32-unknown-elf/15.2.0/libgcc.a(multf3.o)
                0x000024f2                __multf3
 .text          0x0000322c      0xd74 /opt/riscv-newlib/lib/gcc/riscv32-unknown-elf/15.2.0/libgcc.a(subtf3.o)
                0x0000322c                __subtf3
 .text          0x00003fa0       0x62 /opt/riscv-newlib/lib/gcc/riscv32-unknown-elf/15.2.0/libgcc.a(unordtf2.o)
                0x00003fa0                __unordtf2
 .text          0x00004002       0x98 /opt/riscv-newlib/lib/gcc/riscv32-unknown-elf/15.2.0/libgcc.a(fixtfsi.o)
                0x00004002                __fixtfsi
 .text          0x0000409a       0xca /opt/riscv-newlib/lib/gcc/riscv32-unknown-elf/15.2.0/libgcc.a(floatsitf.o)
                0x0000409a                __floatsitf
 .text          0x00004164      0x158 /opt/riscv-newlib/lib/gcc/riscv32-unknown-elf/15.2.0/libgcc.a(extenddftf2.o)
                0x00004164                __extenddftf2
 *(.text.*)
 .text.displayDemo
                0x000042bc      0x1c4 build/objs/a/b/c/main.o
                0x000042bc                displayDemo
 .text.startup.main
                0x00004480      0x1ae build/objs/a/b/c/main.o
                0x00004480                main
 .text.spi_init
                0x0000462e       0x12 build/objs/a/b/c/spi_driver.o
                0x0000462e                spi_init
 .text.spi_transfer_byte
                0x00004640       0x22 build/objs/a/b/c/spi_driver.o
                0x00004640                spi_transfer_byte
 .text.spi_transmit_fast
                0x00004662       0x72 build/objs/a/b/c/spi_driver.o
                0x00004662                spi_transmit_fast
 .text.gpio_set_direction
                0x000046d4       0x34 build/objs/a/b/c/gpio_driver.o
                0x000046d4                gpio_set_direction
 .text.gpio_set_pin
                0x00004708       0x1e build/objs/a/b/c/gpio_driver.o
                0x00004708                gpio_set_pin
 .text.gpio_clear_pin
                0x00004726       0x22 build/objs/a/b/c/gpio_driver.o
                0x00004726                gpio_clear_pin
 .text.gpio_toggle_pin
                0x00004748       0x1e build/objs/a/b/c/gpio_driver.o
                0x00004748                gpio_toggle_pin
 .text.gpio_write_pin
                0x00004766       0x2c build/objs/a/b/c/gpio_driver.o
                0x00004766                gpio_write_pin
 .text.st7789_interface_spi_init
                0x00004792       0x1a build/objs/a/b/c/driver_st7789_interface.o
                0x00004792                st7789_interface_spi_init
 .text.st7789_interface_spi_deinit
                0x000047ac        0x4 build/objs/a/b/c/driver_st7789_interface.o
                0x000047ac                st7789_interface_spi_deinit
 .text.st7789_interface_spi_write_cmd
                0x000047b0       0x92 build/objs/a/b/c/driver_st7789_interface.o
                0x000047b0                st7789_interface_spi_write_cmd
 .text.st7789_interface_delay_ms
                0x00004842        0x4 build/objs/a/b/c/driver_st7789_interface.o
                0x00004842                st7789_interface_delay_ms
 .text.st7789_interface_debug_print
                0x00004846       0x24 build/objs/a/b/c/driver_st7789_interface.o
                0x00004846                st7789_interface_debug_print
 .text.st7789_interface_cmd_data_gpio_init
                0x0000486a       0x12 build/objs/a/b/c/driver_st7789_interface.o
                0x0000486a                st7789_interface_cmd_data_gpio_init
 .text.st7789_interface_cmd_data_gpio_deinit
                0x0000487c        0x4 build/objs/a/b/c/driver_st7789_interface.o
                0x0000487c                st7789_interface_cmd_data_gpio_deinit
 .text.st7789_interface_cmd_data_gpio_write
                0x00004880       0x14 build/objs/a/b/c/driver_st7789_interface.o
                0x00004880                st7789_interface_cmd_data_gpio_write
 .text.st7789_interface_reset_gpio_init
                0x00004894       0x16 build/objs/a/b/c/driver_st7789_interface.o
                0x00004894                st7789_interface_reset_gpio_init
 .text.st7789_interface_reset_gpio_deinit
                0x000048aa        0x4 build/objs/a/b/c/driver_st7789_interface.o
                0x000048aa                st7789_interface_reset_gpio_deinit
 .text.st7789_interface_reset_gpio_write
                0x000048ae       0x14 build/objs/a/b/c/driver_st7789_interface.o
                0x000048ae                st7789_interface_reset_gpio_write
 .text.a_st7789_draw_point
                0x000048c2      0x184 build/objs/a/b/c/driver_st7789.o
 .text.st7789_sleep_out
                0x00004a46       0x74 build/objs/a/b/c/driver_st7789.o
                0x00004a46                st7789_sleep_out
 .text.st7789_normal_display_mode_on
                0x00004aba       0x6c build/objs/a/b/c/driver_st7789.o
                0x00004aba                st7789_normal_display_mode_on
 .text.st7789_display_inversion_on
                0x00004b26       0x6e build/objs/a/b/c/driver_st7789.o
                0x00004b26                st7789_display_inversion_on
 .text.st7789_set_gamma
                0x00004b94       0xaa build/objs/a/b/c/driver_st7789.o
                0x00004b94                st7789_set_gamma
 .text.st7789_display_on
                0x00004c3e       0x6e build/objs/a/b/c/driver_st7789.o
                0x00004c3e                st7789_display_on
 .text.st7789_set_memory_data_access_control
                0x00004cac       0xa6 build/objs/a/b/c/driver_st7789.o
                0x00004cac                st7789_set_memory_data_access_control
 .text.st7789_idle_mode_off
                0x00004d52       0x6e build/objs/a/b/c/driver_st7789.o
                0x00004d52                st7789_idle_mode_off
 .text.st7789_set_interface_pixel_format
                0x00004dc0       0xbc build/objs/a/b/c/driver_st7789.o
                0x00004dc0                st7789_set_interface_pixel_format
 .text.st7789_init
                0x00004e7c      0x144 build/objs/a/b/c/driver_st7789.o
                0x00004e7c                st7789_init
 .text.st7789_set_column
                0x00004fc0       0x3e build/objs/a/b/c/driver_st7789.o
                0x00004fc0                st7789_set_column
 .text.st7789_set_row
                0x00004ffe       0x3e build/objs/a/b/c/driver_st7789.o
                0x00004ffe                st7789_set_row
 .text.st7789_clear
                0x0000503c      0x2be build/objs/a/b/c/driver_st7789.o
                0x0000503c                st7789_clear
 .text.st7789_fill_rect
                0x000052fa      0x496 build/objs/a/b/c/driver_st7789.o
                0x000052fa                st7789_fill_rect
 .text.st7789_draw_picture_16bits
                0x00005790      0x278 build/objs/a/b/c/driver_st7789.o
                0x00005790                st7789_draw_picture_16bits
 .text.st7789_draw_point
                0x00005a08       0x54 build/objs/a/b/c/driver_st7789.o
                0x00005a08                st7789_draw_point
 .text.delay_ms
                0x00005a5c       0x86 build/objs/a/b/c/util.o
                0x00005a5c                delay_ms
 .text._write   0x00005ae2       0x2c build/objs/a/b/c/syscalls.o
                0x00005ae2                _write
 .text._close   0x00005b0e        0x4 build/objs/a/b/c/syscalls.o
                0x00005b0e                _close
 .text._lseek   0x00005b12       0x12 build/objs/a/b/c/syscalls.o
                0x00005b12                _lseek
 .text._read    0x00005b24       0x38 build/objs/a/b/c/syscalls.o
                0x00005b24                _read
 .text._fstat   0x00005b5c        0x8 build/objs/a/b/c/syscalls.o
                0x00005b5c                _fstat
 .text._isatty  0x00005b64        0x4 build/objs/a/b/c/syscalls.o
                0x00005b64                _isatty
 .text._getpid  0x00005b68        0x4 build/objs/a/b/c/syscalls.o
                0x00005b68                _getpid
 .text._kill    0x00005b6c       0x12 build/objs/a/b/c/syscalls.o
                0x00005b6c                _kill
 .text._exit    0x00005b7e        0x2 build/objs/a/b/c/syscalls.o
                0x00005b7e                _exit
 .text._sbrk    0x00005b80       0x56 build/objs/a/b/c/syscalls.o
                0x00005b80                _sbrk
 .text.exit     0x00005bd6       0x1c /opt/riscv-newlib/lib/gcc/riscv32-unknown-elf/15.2.0/../../../../riscv32-unknown-elf/lib/libc.a(libc_a-exit.o)
                0x00005bd6                exit
 .text.stdio_exit_handler
                0x00005bf2       0x18 /opt/riscv-newlib/lib/gcc/riscv32-unknown-elf/15.2.0/../../../../riscv32-unknown-elf/lib/libc.a(libc_a-findfp.o)
 .text.cleanup_stdio
                0x00005c0a       0x50 /opt/riscv-newlib/lib/gcc/riscv32-unknown-elf/15.2.0/../../../../riscv32-unknown-elf/lib/libc.a(libc_a-findfp.o)
 .text.global_stdio_init.part.0
                0x00005c5a      0x12c /opt/riscv-newlib/lib/gcc/riscv32-unknown-elf/15.2.0/../../../../riscv32-unknown-elf/lib/libc.a(libc_a-findfp.o)
 .text.__sinit  0x00005d86       0x1a /opt/riscv-newlib/lib/gcc/riscv32-unknown-elf/15.2.0/../../../../riscv32-unknown-elf/lib/libc.a(libc_a-findfp.o)
                0x00005d86                __sinit
 .text.__sfp_lock_acquire
                0x00005da0        0x2 /opt/riscv-newlib/lib/gcc/riscv32-unknown-elf/15.2.0/../../../../riscv32-unknown-elf/lib/libc.a(libc_a-findfp.o)
                0x00005da0                __sfp_lock_acquire
 .text.__sfp_lock_release
                0x00005da2        0x2 /opt/riscv-newlib/lib/gcc/riscv32-unknown-elf/15.2.0/../../../../riscv32-unknown-elf/lib/libc.a(libc_a-findfp.o)
                0x00005da2                __sfp_lock_release
 .text._fwalk_sglue
                0x00005da4       0x72 /opt/riscv-newlib/lib/gcc/riscv32-unknown-elf/15.2.0/../../../../riscv32-unknown-elf/lib/libc.a(libc_a-fwalk.o)
                0x00005da4                _fwalk_sglue
 .text.printf   0x00005e16       0x2c /opt/riscv-newlib/lib/gcc/riscv32-unknown-elf/15.2.0/../../../../riscv32-unknown-elf/lib/libc.a(libc_a-printf.o)
                0x00005e16                printf
 .text.__sread  0x00005e42       0x36 /opt/riscv-newlib/lib/gcc/riscv32-unknown-elf/15.2.0/../../../../riscv32-unknown-elf/lib/libc.a(libc_a-stdio.o)
                0x00005e42                __sread
 .text.__swrite
                0x00005e78       0x50 /opt/riscv-newlib/lib/gcc/riscv32-unknown-elf/15.2.0/../../../../riscv32-unknown-elf/lib/libc.a(libc_a-stdio.o)
                0x00005e78                __swrite
 .text.__sseek  0x00005ec8       0x40 /opt/riscv-newlib/lib/gcc/riscv32-unknown-elf/15.2.0/../../../../riscv32-unknown-elf/lib/libc.a(libc_a-stdio.o)
                0x00005ec8                __sseek
 .text.__sclose
                0x00005f08        0x6 /opt/riscv-newlib/lib/gcc/riscv32-unknown-elf/15.2.0/../../../../riscv32-unknown-elf/lib/libc.a(libc_a-stdio.o)
                0x00005f08                __sclose
 .text.vprintf  0x00005f0e       0x10 /opt/riscv-newlib/lib/gcc/riscv32-unknown-elf/15.2.0/../../../../riscv32-unknown-elf/lib/libc.a(libc_a-vprintf.o)
                0x00005f0e                vprintf
 .text.strncpy  0x00005f1e       0x78 /opt/riscv-newlib/lib/gcc/riscv32-unknown-elf/15.2.0/../../../../riscv32-unknown-elf/lib/libc.a(libc_a-strncpy.o)
                0x00005f1e                strncpy
 .text._close_r
                0x00005f96       0x3a /opt/riscv-newlib/lib/gcc/riscv32-unknown-elf/15.2.0/../../../../riscv32-unknown-elf/lib/libc.a(libc_a-closer.o)
                0x00005f96                _close_r
 .text._lseek_r
                0x00005fd0       0x40 /opt/riscv-newlib/lib/gcc/riscv32-unknown-elf/15.2.0/../../../../riscv32-unknown-elf/lib/libc.a(libc_a-lseekr.o)
                0x00005fd0                _lseek_r
 .text._read_r  0x00006010       0x40 /opt/riscv-newlib/lib/gcc/riscv32-unknown-elf/15.2.0/../../../../riscv32-unknown-elf/lib/libc.a(libc_a-readr.o)
                0x00006010                _read_r
 .text._write_r
                0x00006050       0x40 /opt/riscv-newlib/lib/gcc/riscv32-unknown-elf/15.2.0/../../../../riscv32-unknown-elf/lib/libc.a(libc_a-writer.o)
                0x00006050                _write_r
 .text.__errno  0x00006090        0x6 /opt/riscv-newlib/lib/gcc/riscv32-unknown-elf/15.2.0/../../../../riscv32-unknown-elf/lib/libc.a(libc_a-errno.o)
                0x00006090                __errno
 .text.__libc_init_array
                0x00006096       0x5a /opt/riscv-newlib/lib/gcc/riscv32-unknown-elf/15.2.0/../../../../riscv32-unknown-elf/lib/libc.a(libc_a-init.o)
                0x00006096                __libc_init_array
 .text.startup.register_fini
                0x000060f0       0x10 /opt/riscv-newlib/lib/gcc/riscv32-unknown-elf/15.2.0/../../../../riscv32-unknown-elf/lib/libc.a(libc_a-__call_atexit.o)
 .text.__call_exitprocs
                0x00006100       0xe8 /opt/riscv-newlib/lib/gcc/riscv32-unknown-elf/15.2.0/../../../../riscv32-unknown-elf/lib/libc.a(libc_a-__call_atexit.o)
                0x00006100                __call_exitprocs
 .text.atexit   0x000061e8        0xc /opt/riscv-newlib/lib/gcc/riscv32-unknown-elf/15.2.0/../../../../riscv32-unknown-elf/lib/libc.a(libc_a-atexit.o)
                0x000061e8                atexit
 .text._malloc_trim_r
                0x000061f4       0xd0 /opt/riscv-newlib/lib/gcc/riscv32-unknown-elf/15.2.0/../../../../riscv32-unknown-elf/lib/libc.a(libc_a-freer.o)
                0x000061f4                _malloc_trim_r
 .text._free_r  0x000062c4      0x22a /opt/riscv-newlib/lib/gcc/riscv32-unknown-elf/15.2.0/../../../../riscv32-unknown-elf/lib/libc.a(libc_a-freer.o)
                0x000062c4                _free_r
 .text._malloc_r
                0x000064ee      0x624 /opt/riscv-newlib/lib/gcc/riscv32-unknown-elf/15.2.0/../../../../riscv32-unknown-elf/lib/libc.a(libc_a-mallocr.o)
                0x000064ee                _malloc_r
 .text.__malloc_lock
                0x00006b12        0x2 /opt/riscv-newlib/lib/gcc/riscv32-unknown-elf/15.2.0/../../../../riscv32-unknown-elf/lib/libc.a(libc_a-mlock.o)
                0x00006b12                __malloc_lock
 .text.__malloc_unlock
                0x00006b14        0x2 /opt/riscv-newlib/lib/gcc/riscv32-unknown-elf/15.2.0/../../../../riscv32-unknown-elf/lib/libc.a(libc_a-mlock.o)
                0x00006b14                __malloc_unlock
 .text._vfprintf_r
                0x00006b16     0x2064 /opt/riscv-newlib/lib/gcc/riscv32-unknown-elf/15.2.0/../../../../riscv32-unknown-elf/lib/libc.a(libc_a-vfprintf.o)
                0x00006b16                _vfprintf_r
 .text.__sbprintf
                0x00008b7a       0x90 /opt/riscv-newlib/lib/gcc/riscv32-unknown-elf/15.2.0/../../../../riscv32-unknown-elf/lib/libc.a(libc_a-vfprintf.o)
 .text.__sprint_r
                0x00008c0a       0x24 /opt/riscv-newlib/lib/gcc/riscv32-unknown-elf/15.2.0/../../../../riscv32-unknown-elf/lib/libc.a(libc_a-sprint_r.o)
                0x00008c0a                __sprint_r
 .text._fclose_r
                0x00008c2e       0xa6 /opt/riscv-newlib/lib/gcc/riscv32-unknown-elf/15.2.0/../../../../riscv32-unknown-elf/lib/libc.a(libc_a-fclose.o)
                0x00008c2e                _fclose_r
 .text.__sflush_r
                0x00008cd4      0x19a /opt/riscv-newlib/lib/gcc/riscv32-unknown-elf/15.2.0/../../../../riscv32-unknown-elf/lib/libc.a(libc_a-fflush.o)
                0x00008cd4                __sflush_r
 .text._fflush_r
                0x00008e6e       0x40 /opt/riscv-newlib/lib/gcc/riscv32-unknown-elf/15.2.0/../../../../riscv32-unknown-elf/lib/libc.a(libc_a-fflush.o)
                0x00008e6e                _fflush_r
 .text.__sfvwrite_r
                0x00008eae      0x336 /opt/riscv-newlib/lib/gcc/riscv32-unknown-elf/15.2.0/../../../../riscv32-unknown-elf/lib/libc.a(libc_a-fvwrite.o)
                0x00008eae                __sfvwrite_r
 .text.__swsetup_r
                0x000091e4       0xf0 /opt/riscv-newlib/lib/gcc/riscv32-unknown-elf/15.2.0/../../../../riscv32-unknown-elf/lib/libc.a(libc_a-wsetup.o)
                0x000091e4                __swsetup_r
 .text.memchr   0x000092d4       0x7a /opt/riscv-newlib/lib/gcc/riscv32-unknown-elf/15.2.0/../../../../riscv32-unknown-elf/lib/libc.a(libc_a-memchr.o)
                0x000092d4                memchr
 .text._localeconv_r
                0x0000934e        0x6 /opt/riscv-newlib/lib/gcc/riscv32-unknown-elf/15.2.0/../../../../riscv32-unknown-elf/lib/libc.a(libc_a-localeconv.o)
                0x0000934e                _localeconv_r
 .text._sbrk_r  0x00009354       0x3a /opt/riscv-newlib/lib/gcc/riscv32-unknown-elf/15.2.0/../../../../riscv32-unknown-elf/lib/libc.a(libc_a-sbrkr.o)
                0x00009354                _sbrk_r
 .text.__libc_fini_array
                0x0000938e       0x30 /opt/riscv-newlib/lib/gcc/riscv32-unknown-elf/15.2.0/../../../../riscv32-unknown-elf/lib/libc.a(libc_a-fini.o)
                0x0000938e                __libc_fini_array
 .text.memmove  0x000093be       0xda /opt/riscv-newlib/lib/gcc/riscv32-unknown-elf/15.2.0/../../../../riscv32-unknown-elf/lib/libc.a(libc_a-memmove-stub.o)
                0x000093be                memmove
 .text.memcpy   0x00009498       0xe8 /opt/riscv-newlib/lib/gcc/riscv32-unknown-elf/15.2.0/../../../../riscv32-unknown-elf/lib/libc.a(libc_a-memcpy.o)
                0x00009498                memcpy
 .text.strlen   0x00009580       0x64 /opt/riscv-newlib/lib/gcc/riscv32-unknown-elf/15.2.0/../../../../riscv32-unknown-elf/lib/libc.a(libc_a-strlen.o)
                0x00009580                strlen
 .text.frexpl   0x000095e4       0xde /opt/riscv-newlib/lib/gcc/riscv32-unknown-elf/15.2.0/../../../../riscv32-unknown-elf/lib/libc.a(libm_a-frexpl.o)
                0x000095e4                frexpl
 .text.__register_exitproc
                0x000096c2       0x70 /opt/riscv-newlib/lib/gcc/riscv32-unknown-elf/15.2.0/../../../../riscv32-unknown-elf/lib/libc.a(libc_a-__atexit.o)
                0x000096c2                __register_exitproc
 .text._ldtoa_r
                0x00009732      0x190 /opt/riscv-newlib/lib/gcc/riscv32-unknown-elf/15.2.0/../../../../riscv32-unknown-elf/lib/libc.a(libc_a-gdtoa-ldtoa.o)
                0x00009732                _ldtoa_r
 .text._ldcheck
                0x000098c2       0x90 /opt/riscv-newlib/lib/gcc/riscv32-unknown-elf/15.2.0/../../../../riscv32-unknown-elf/lib/libc.a(libc_a-gdtoa-ldtoa.o)
                0x000098c2                _ldcheck
 .text.__gdtoa  0x00009952     0x12b8 /opt/riscv-newlib/lib/gcc/riscv32-unknown-elf/15.2.0/../../../../riscv32-unknown-elf/lib/libc.a(libc_a-gdtoa-gdtoa.o)
                0x00009952                __gdtoa
 .text.__rv_alloc_D2A.part.0
                0x0000ac0a       0x1a /opt/riscv-newlib/lib/gcc/riscv32-unknown-elf/15.2.0/../../../../riscv32-unknown-elf/lib/libc.a(libc_a-gdtoa-dmisc.o)
 .text.__rv_alloc_D2A
                0x0000ac24       0x40 /opt/riscv-newlib/lib/gcc/riscv32-unknown-elf/15.2.0/../../../../riscv32-unknown-elf/lib/libc.a(libc_a-gdtoa-dmisc.o)
                0x0000ac24                __rv_alloc_D2A
 .text.__nrv_alloc_D2A
                0x0000ac64       0x6e /opt/riscv-newlib/lib/gcc/riscv32-unknown-elf/15.2.0/../../../../riscv32-unknown-elf/lib/libc.a(libc_a-gdtoa-dmisc.o)
                0x0000ac64                __nrv_alloc_D2A
 .text.__freedtoa
                0x0000acd2        0xe /opt/riscv-newlib/lib/gcc/riscv32-unknown-elf/15.2.0/../../../../riscv32-unknown-elf/lib/libc.a(libc_a-gdtoa-dmisc.o)
                0x0000acd2                __freedtoa
 .text.__quorem_D2A
                0x0000ace0      0x19e /opt/riscv-newlib/lib/gcc/riscv32-unknown-elf/15.2.0/../../../../riscv32-unknown-elf/lib/libc.a(libc_a-gdtoa-dmisc.o)
                0x0000ace0                __quorem_D2A
 .text.__rshift_D2A
                0x0000ae7e       0xa4 /opt/riscv-newlib/lib/gcc/riscv32-unknown-elf/15.2.0/../../../../riscv32-unknown-elf/lib/libc.a(libc_a-gdtoa-gmisc.o)
                0x0000ae7e                __rshift_D2A
 .text.__trailz_D2A
                0x0000af22       0x3e /opt/riscv-newlib/lib/gcc/riscv32-unknown-elf/15.2.0/../../../../riscv32-unknown-elf/lib/libc.a(libc_a-gdtoa-gmisc.o)
                0x0000af22                __trailz_D2A
 .text._Balloc  0x0000af60       0x66 /opt/riscv-newlib/lib/gcc/riscv32-unknown-elf/15.2.0/../../../../riscv32-unknown-elf/lib/libc.a(libc_a-mprec.o)
                0x0000af60                _Balloc
 .text._Bfree   0x0000afc6       0x12 /opt/riscv-newlib/lib/gcc/riscv32-unknown-elf/15.2.0/../../../../riscv32-unknown-elf/lib/libc.a(libc_a-mprec.o)
                0x0000afc6                _Bfree
 .text.__multadd
                0x0000afd8       0xf2 /opt/riscv-newlib/lib/gcc/riscv32-unknown-elf/15.2.0/../../../../riscv32-unknown-elf/lib/libc.a(libc_a-mprec.o)
                0x0000afd8                __multadd
 .text.__hi0bits
                0x0000b0ca       0x68 /opt/riscv-newlib/lib/gcc/riscv32-unknown-elf/15.2.0/../../../../riscv32-unknown-elf/lib/libc.a(libc_a-mprec.o)
                0x0000b0ca                __hi0bits
 .text.__lo0bits
                0x0000b132       0xa8 /opt/riscv-newlib/lib/gcc/riscv32-unknown-elf/15.2.0/../../../../riscv32-unknown-elf/lib/libc.a(libc_a-mprec.o)
                0x0000b132                __lo0bits
 .text.__i2b    0x0000b1da       0x7a /opt/riscv-newlib/lib/gcc/riscv32-unknown-elf/15.2.0/../../../../riscv32-unknown-elf/lib/libc.a(libc_a-mprec.o)
                0x0000b1da                __i2b
 .text.__multiply
                0x0000b254      0x1f8 /opt/riscv-newlib/lib/gcc/riscv32-unknown-elf/15.2.0/../../../../riscv32-unknown-elf/lib/libc.a(libc_a-mprec.o)
                0x0000b254                __multiply
 .text.__pow5mult
                0x0000b44c       0xe4 /opt/riscv-newlib/lib/gcc/riscv32-unknown-elf/15.2.0/../../../../riscv32-unknown-elf/lib/libc.a(libc_a-mprec.o)
                0x0000b44c                __pow5mult
 .text.__lshift
                0x0000b530      0x106 /opt/riscv-newlib/lib/gcc/riscv32-unknown-elf/15.2.0/../../../../riscv32-unknown-elf/lib/libc.a(libc_a-mprec.o)
                0x0000b530                __lshift
 .text.__mcmp   0x0000b636       0x3a /opt/riscv-newlib/lib/gcc/riscv32-unknown-elf/15.2.0/../../../../riscv32-unknown-elf/lib/libc.a(libc_a-mprec.o)
                0x0000b636                __mcmp
 .text.__mdiff  0x0000b670      0x18a /opt/riscv-newlib/lib/gcc/riscv32-unknown-elf/15.2.0/../../../../riscv32-unknown-elf/lib/libc.a(libc_a-mprec.o)
                0x0000b670                __mdiff
 .text.__b2d    0x0000b7fa       0xd0 /opt/riscv-newlib/lib/gcc/riscv32-unknown-elf/15.2.0/../../../../riscv32-unknown-elf/lib/libc.a(libc_a-mprec.o)
                0x0000b7fa                __b2d
 .text._realloc_r
                0x0000b8ca      0x454 /opt/riscv-newlib/lib/gcc/riscv32-unknown-elf/15.2.0/../../../../riscv32-unknown-elf/lib/libc.a(libc_a-reallocr.o)
                0x0000b8ca                _realloc_r
 .text.__smakebuf_r
                0x0000bd1e       0xfe /opt/riscv-newlib/lib/gcc/riscv32-unknown-elf/15.2.0/../../../../riscv32-unknown-elf/lib/libc.a(libc_a-makebuf.o)
                0x0000bd1e                __smakebuf_r
 .text._fstat_r
                0x0000be1c       0x3e /opt/riscv-newlib/lib/gcc/riscv32-unknown-elf/15.2.0/../../../../riscv32-unknown-elf/lib/libc.a(libc_a-fstatr.o)
                0x0000be1c                _fstat_r
 .text._isatty_r
                0x0000be5a       0x3a /opt/riscv-newlib/lib/gcc/riscv32-unknown-elf/15.2.0/../../../../riscv32-unknown-elf/lib/libc.a(libc_a-isattyr.o)
                0x0000be5a                _isatty_r
 .text.__assert_func
                0x0000be94       0x34 /opt/riscv-newlib/lib/gcc/riscv32-unknown-elf/15.2.0/../../../../riscv32-unknown-elf/lib/libc.a(libc_a-assert.o)
                0x0000be94                __assert_func
 .text._calloc_r
                0x0000bec8      0x11e /opt/riscv-newlib/lib/gcc/riscv32-unknown-elf/15.2.0/../../../../riscv32-unknown-elf/lib/libc.a(libc_a-callocr.o)
                0x0000bec8                _calloc_r
 .text.__ascii_mbtowc
                0x0000bfe6       0x40 /opt/riscv-newlib/lib/gcc/riscv32-unknown-elf/15.2.0/../../../../riscv32-unknown-elf/lib/libc.a(libc_a-mbtowc_r.o)
                0x0000bfe6                __ascii_mbtowc
 .text.__ascii_wctomb
                0x0000c026       0x20 /opt/riscv-newlib/lib/gcc/riscv32-unknown-elf/15.2.0/../../../../riscv32-unknown-elf/lib/libc.a(libc_a-wctomb_r.o)
                0x0000c026                __ascii_wctomb
 .text.fiprintf
                0x0000c046       0x2c /opt/riscv-newlib/lib/gcc/riscv32-unknown-elf/15.2.0/../../../../riscv32-unknown-elf/lib/libc.a(libc_a-fiprintf.o)
                0x0000c046                fiprintf
 .text._vfiprintf_r
                0x0000c072      0xd20 /opt/riscv-newlib/lib/gcc/riscv32-unknown-elf/15.2.0/../../../../riscv32-unknown-elf/lib/libc.a(libc_a-vfiprintf.o)
                0x0000c072                _vfiprintf_r
 .text.__sbprintf
                0x0000cd92       0x92 /opt/riscv-newlib/lib/gcc/riscv32-unknown-elf/15.2.0/../../../../riscv32-unknown-elf/lib/libc.a(libc_a-vfiprintf.o)
 .text.abort    0x0000ce24        0xe /opt/riscv-newlib/lib/gcc/riscv32-unknown-elf/15.2.0/../../../../riscv32-unknown-elf/lib/libc.a(libc_a-abort.o)
                0x0000ce24                abort
 .text.raise    0x0000ce32       0x66 /opt/riscv-newlib/lib/gcc/riscv32-unknown-elf/15.2.0/../../../../riscv32-unknown-elf/lib/libc.a(libc_a-signal.o)
                0x0000ce32                raise
 .text._kill_r  0x0000ce98       0x3e /opt/riscv-newlib/lib/gcc/riscv32-unknown-elf/15.2.0/../../../../riscv32-unknown-elf/lib/libc.a(libc_a-signalr.o)
                0x0000ce98                _kill_r
 .text._getpid_r
                0x0000ced6        0x4 /opt/riscv-newlib/lib/gcc/riscv32-unknown-elf/15.2.0/../../../../riscv32-unknown-elf/lib/libc.a(libc_a-signalr.o)
                0x0000ced6                _getpid_r

.rodata         0x0000cee0    0x3c638
 *(.rodata)
 .rodata        0x0000cee0      0x100 /opt/riscv-newlib/lib/gcc/riscv32-unknown-elf/15.2.0/libgcc.a(_clz.o)
                0x0000cee0                __clz_tab
 .rodata        0x0000cfe0       0x14 /opt/riscv-newlib/lib/gcc/riscv32-unknown-elf/15.2.0/../../../../riscv32-unknown-elf/lib/libc.a(libc_a-gdtoa-ldtoa.o)
 .rodata        0x0000cff4       0x3c /opt/riscv-newlib/lib/gcc/riscv32-unknown-elf/15.2.0/libgcc.a(divdf3.o)
 *(.rodata.*)
 .rodata.main.str1.4
                0x0000d030      0x4f7 build/objs/a/b/c/main.o
                                 0x42 (size before relaxing)
 *fill*         0x0000d527        0x1 
 .rodata.ui_map
                0x0000d528    0x25800 build/objs/a/b/c/ui.o
                0x0000d528                ui_map
 .rodata.logo_map
                0x00032d28    0x16300 build/objs/a/b/c/logo.o
                0x00032d28                logo_map
 .rodata.a_st7789_draw_point.str1.4
                0x00049028        0x0 build/objs/a/b/c/driver_st7789.o
                                 0x58 (size before relaxing)
 .rodata.st7789_init.str1.4
                0x00049028        0x0 build/objs/a/b/c/driver_st7789.o
                                0x1e2 (size before relaxing)
 .rodata.st7789_set_column.str1.4
                0x00049028        0x0 build/objs/a/b/c/driver_st7789.o
                                 0x17 (size before relaxing)
 .rodata.st7789_set_row.str1.4
                0x00049028        0x0 build/objs/a/b/c/driver_st7789.o
                                 0x14 (size before relaxing)
 .rodata.st7789_fill_rect.str1.4
                0x00049028        0x0 build/objs/a/b/c/driver_st7789.o
                                 0xac (size before relaxing)
 .rodata.st7789_draw_point.str1.4
                0x00049028        0x0 build/objs/a/b/c/driver_st7789.o
                                 0x35 (size before relaxing)
 .rodata._vfprintf_r.str1.4
                0x00049028        0x0 /opt/riscv-newlib/lib/gcc/riscv32-unknown-elf/15.2.0/../../../../riscv32-unknown-elf/lib/libc.a(libc_a-vfprintf.o)
                                 0x42 (size before relaxing)
 .rodata._vfprintf_r
                0x00049028      0x16c /opt/riscv-newlib/lib/gcc/riscv32-unknown-elf/15.2.0/../../../../riscv32-unknown-elf/lib/libc.a(libc_a-vfprintf.o)
 .rodata.zeroes.0
                0x00049194       0x10 /opt/riscv-newlib/lib/gcc/riscv32-unknown-elf/15.2.0/../../../../riscv32-unknown-elf/lib/libc.a(libc_a-vfprintf.o)
 .rodata.blanks.1
                0x000491a4       0x10 /opt/riscv-newlib/lib/gcc/riscv32-unknown-elf/15.2.0/../../../../riscv32-unknown-elf/lib/libc.a(libc_a-vfprintf.o)
 .rodata.__gdtoa.str1.4
                0x000491b4        0x0 /opt/riscv-newlib/lib/gcc/riscv32-unknown-elf/15.2.0/../../../../riscv32-unknown-elf/lib/libc.a(libc_a-gdtoa-gdtoa.o)
                                 0x12 (size before relaxing)
 .rodata.__rv_alloc_D2A.part.0.str1.4
                0x000491b4        0x0 /opt/riscv-newlib/lib/gcc/riscv32-unknown-elf/15.2.0/../../../../riscv32-unknown-elf/lib/libc.a(libc_a-gdtoa-dmisc.o)
                                 0x6e (size before relaxing)
 .rodata.__multadd.str1.4
                0x000491b4        0x0 /opt/riscv-newlib/lib/gcc/riscv32-unknown-elf/15.2.0/../../../../riscv32-unknown-elf/lib/libc.a(libc_a-mprec.o)
                                 0x68 (size before relaxing)
 .rodata.p05.0  0x000491b4        0xc /opt/riscv-newlib/lib/gcc/riscv32-unknown-elf/15.2.0/../../../../riscv32-unknown-elf/lib/libc.a(libc_a-mprec.o)
 .rodata.__mprec_tens
                0x000491c0       0xc8 /opt/riscv-newlib/lib/gcc/riscv32-unknown-elf/15.2.0/../../../../riscv32-unknown-elf/lib/libc.a(libc_a-mprec.o)
                0x000491c0                __mprec_tens
 .rodata._setlocale_r.str1.4
                0x00049288        0x0 /opt/riscv-newlib/lib/gcc/riscv32-unknown-elf/15.2.0/../../../../riscv32-unknown-elf/lib/libc.a(libc_a-locale.o)
                                  0xd (size before relaxing)
 .rodata.str1.4
                0x00049288        0x0 /opt/riscv-newlib/lib/gcc/riscv32-unknown-elf/15.2.0/../../../../riscv32-unknown-elf/lib/libc.a(libc_a-locale.o)
                                  0x2 (size before relaxing)
 .rodata.__assert_func.str1.4
                0x00049288        0x0 /opt/riscv-newlib/lib/gcc/riscv32-unknown-elf/15.2.0/../../../../riscv32-unknown-elf/lib/libc.a(libc_a-assert.o)
                                 0x43 (size before relaxing)
 .rodata._ctype_
                0x00049288      0x101 /opt/riscv-newlib/lib/gcc/riscv32-unknown-elf/15.2.0/../../../../riscv32-unknown-elf/lib/libc.a(libc_a-ctype_.o)
                0x00049288                _ctype_
 .rodata._vfiprintf_r.str1.4
                0x00049389        0x0 /opt/riscv-newlib/lib/gcc/riscv32-unknown-elf/15.2.0/../../../../riscv32-unknown-elf/lib/libc.a(libc_a-vfiprintf.o)
                                 0x2f (size before relaxing)
 *fill*         0x00049389        0x3 
 .rodata._vfiprintf_r
                0x0004938c      0x16c /opt/riscv-newlib/lib/gcc/riscv32-unknown-elf/15.2.0/../../../../riscv32-unknown-elf/lib/libc.a(libc_a-vfiprintf.o)
 .rodata.zeroes.0
                0x000494f8       0x10 /opt/riscv-newlib/lib/gcc/riscv32-unknown-elf/15.2.0/../../../../riscv32-unknown-elf/lib/libc.a(libc_a-vfiprintf.o)
 .rodata.blanks.1
                0x00049508       0x10 /opt/riscv-newlib/lib/gcc/riscv32-unknown-elf/15.2.0/../../../../riscv32-unknown-elf/lib/libc.a(libc_a-vfiprintf.o)

.eh_frame       0x00049518        0x0
 .eh_frame      0x00049518        0x0 /opt/riscv-newlib/lib/gcc/riscv32-unknown-elf/15.2.0/crtbegin.o

.srodata.UI_HEIGHT
                0x00049518        0x2
 .srodata.UI_HEIGHT
                0x00049518        0x2 build/objs/a/b/c/ui.o
                0x00049518                UI_HEIGHT

.srodata.UI_WIDTH
                0x0004951a        0x2
 .srodata.UI_WIDTH
                0x0004951a        0x2 build/objs/a/b/c/ui.o
                0x0004951a                UI_WIDTH

.srodata.LOGO_HEIGHT
                0x0004951c        0x2
 .srodata.LOGO_HEIGHT
                0x0004951c        0x2 build/objs/a/b/c/logo.o
                0x0004951c                LOGO_HEIGHT

.srodata.LOGO_WIDTH
                0x0004951e        0x2
 .srodata.LOGO_WIDTH
                0x0004951e        0x2 build/objs/a/b/c/logo.o
                0x0004951e                LOGO_WIDTH

.srodata.cst8   0x00049520       0x60
 .srodata.cst8  0x00049520       0x60 /opt/riscv-newlib/lib/gcc/riscv32-unknown-elf/15.2.0/../../../../riscv32-unknown-elf/lib/libc.a(libc_a-gdtoa-gdtoa.o)

.rela.dyn       0x00049580        0x0
 .rela.text     0x00049580        0x0 /opt/riscv-newlib/lib/gcc/riscv32-unknown-elf/15.2.0/../../../../riscv32-unknown-elf/lib/crt0.o
 .rela.text.start
                0x00049580        0x0 /opt/riscv-newlib/lib/gcc/riscv32-unknown-elf/15.2.0/../../../../riscv32-unknown-elf/lib/crt0.o
 .rela.text._sbrk
                0x00049580        0x0 /opt/riscv-newlib/lib/gcc/riscv32-unknown-elf/15.2.0/../../../../riscv32-unknown-elf/lib/crt0.o
 .rela.text.__libc_init_array
                0x00049580        0x0 /opt/riscv-newlib/lib/gcc/riscv32-unknown-elf/15.2.0/../../../../riscv32-unknown-elf/lib/crt0.o
 .rela.text.startup.register_fini
                0x00049580        0x0 /opt/riscv-newlib/lib/gcc/riscv32-unknown-elf/15.2.0/../../../../riscv32-unknown-elf/lib/crt0.o
 .rela.text.__libc_fini_array
                0x00049580        0x0 /opt/riscv-newlib/lib/gcc/riscv32-unknown-elf/15.2.0/../../../../riscv32-unknown-elf/lib/crt0.o

.preinit_array
 *(.preinit_array)

.init_array     0x00049580        0x8
 *(.init_array)
 .init_array    0x00049580        0x4 /opt/riscv-newlib/lib/gcc/riscv32-unknown-elf/15.2.0/crtbegin.o
 *(.init_array.*)
 .init_array.00000
                0x00049584        0x4 /opt/riscv-newlib/lib/gcc/riscv32-unknown-elf/15.2.0/../../../../riscv32-unknown-elf/lib/libc.a(libc_a-__call_atexit.o)

.fini_array     0x00049588        0x4
 *(.fini_array)
 .fini_array    0x00049588        0x4 /opt/riscv-newlib/lib/gcc/riscv32-unknown-elf/15.2.0/crtbegin.o
 *(.fini_array.*)
                0x01000800                        __global_pointer$ = (ORIGIN (RAM) + 0x800)

.data           0x01000000      0x6d0 load address 0x0004958c
                0x01000000                        __data_start = .
 *(.data)
 *(.data.*)
 .data.__sglue  0x01000000        0xc /opt/riscv-newlib/lib/gcc/riscv32-unknown-elf/15.2.0/../../../../riscv32-unknown-elf/lib/libc.a(libc_a-findfp.o)
                0x01000000                __sglue
 *fill*         0x0100000c        0x4 
 .data._impure_data
                0x01000010      0x140 /opt/riscv-newlib/lib/gcc/riscv32-unknown-elf/15.2.0/../../../../riscv32-unknown-elf/lib/libc.a(libc_a-impure.o)
                0x01000010                _impure_data
 .data.__malloc_av_
                0x01000150      0x408 /opt/riscv-newlib/lib/gcc/riscv32-unknown-elf/15.2.0/../../../../riscv32-unknown-elf/lib/libc.a(libc_a-mallocr.o)
                0x01000150                __malloc_av_
 .data.__global_locale
                0x01000558      0x16c /opt/riscv-newlib/lib/gcc/riscv32-unknown-elf/15.2.0/../../../../riscv32-unknown-elf/lib/libc.a(libc_a-locale.o)
                0x01000558                __global_locale
 *(.sdata)
 *(.sdata.*)
 .sdata._impure_ptr
                0x010006c4        0x4 /opt/riscv-newlib/lib/gcc/riscv32-unknown-elf/15.2.0/../../../../riscv32-unknown-elf/lib/libc.a(libc_a-impure.o)
                0x010006c4                _impure_ptr
 .sdata.__malloc_sbrk_base
                0x010006c8        0x4 /opt/riscv-newlib/lib/gcc/riscv32-unknown-elf/15.2.0/../../../../riscv32-unknown-elf/lib/libc.a(libc_a-mallocr.o)
                0x010006c8                __malloc_sbrk_base
 .sdata.__malloc_trim_threshold
                0x010006cc        0x4 /opt/riscv-newlib/lib/gcc/riscv32-unknown-elf/15.2.0/../../../../riscv32-unknown-elf/lib/libc.a(libc_a-mallocr.o)
                0x010006cc                __malloc_trim_threshold
                0x010006d0                        __data_end = .
                0x0004958c                        __data_load_start = LOADADDR (.data)

.bss            0x010006d0     0x1364 load address 0x00049c5c
                0x010006d0                        __bss_start = .
 *(.bss)
 .bss           0x010006d0       0x1c /opt/riscv-newlib/lib/gcc/riscv32-unknown-elf/15.2.0/crtbegin.o
 *(.bss.*)
 .bss.lcd_handle
                0x010006ec     0x103c build/objs/a/b/c/main.o
                0x010006ec                lcd_handle
 .bss.__sf      0x01001728      0x138 /opt/riscv-newlib/lib/gcc/riscv32-unknown-elf/15.2.0/../../../../riscv32-unknown-elf/lib/libc.a(libc_a-findfp.o)
                0x01001728                __sf
 .bss.__malloc_current_mallinfo
                0x01001860       0x28 /opt/riscv-newlib/lib/gcc/riscv32-unknown-elf/15.2.0/../../../../riscv32-unknown-elf/lib/libc.a(libc_a-mallocr.o)
                0x01001860                __malloc_current_mallinfo
 .bss.__atexit0
                0x01001888      0x190 /opt/riscv-newlib/lib/gcc/riscv32-unknown-elf/15.2.0/../../../../riscv32-unknown-elf/lib/libc.a(libc_a-__atexit.o)
                0x01001888                __atexit0
 *(COMMON)
 *(.sbss)
 *(.sbss.*)
 .sbss.heap_end
                0x01001a18        0x4 build/objs/a/b/c/syscalls.o
 .sbss.__stdio_exit_handler
                0x01001a1c        0x4 /opt/riscv-newlib/lib/gcc/riscv32-unknown-elf/15.2.0/../../../../riscv32-unknown-elf/lib/libc.a(libc_a-findfp.o)
                0x01001a1c                __stdio_exit_handler
 .sbss.errno    0x01001a20        0x4 /opt/riscv-newlib/lib/gcc/riscv32-unknown-elf/15.2.0/../../../../riscv32-unknown-elf/lib/libc.a(libc_a-reent.o)
                0x01001a20                errno
 .sbss.__atexit
                0x01001a24        0x4 /opt/riscv-newlib/lib/gcc/riscv32-unknown-elf/15.2.0/../../../../riscv32-unknown-elf/lib/libc.a(libc_a-__call_atexit.o)
                0x01001a24                __atexit
 .sbss.__malloc_max_total_mem
                0x01001a28        0x4 /opt/riscv-newlib/lib/gcc/riscv32-unknown-elf/15.2.0/../../../../riscv32-unknown-elf/lib/libc.a(libc_a-mallocr.o)
                0x01001a28                __malloc_max_total_mem
 .sbss.__malloc_max_sbrked_mem
                0x01001a2c        0x4 /opt/riscv-newlib/lib/gcc/riscv32-unknown-elf/15.2.0/../../../../riscv32-unknown-elf/lib/libc.a(libc_a-mallocr.o)
                0x01001a2c                __malloc_max_sbrked_mem
 .sbss.__malloc_top_pad
                0x01001a30        0x4 /opt/riscv-newlib/lib/gcc/riscv32-unknown-elf/15.2.0/../../../../riscv32-unknown-elf/lib/libc.a(libc_a-mallocr.o)
                0x01001a30                __malloc_top_pad
                0x01001a34                        __bss_end = .
                0x01800000                        __stack_top = (ORIGIN (RAM) + LENGTH (RAM))
                0x017ff000                        __heap_limit = (__stack_top - 0x1000)
                0x01001a34                        _end = .

/DISCARD/
 *(.note.GNU-stack)
 *(.gnu_debuglink)
 *(.gnu.lto_*)
LOAD /opt/riscv-newlib/lib/gcc/riscv32-unknown-elf/15.2.0/libgcc.a
START GROUP
LOAD /opt/riscv-newlib/lib/gcc/riscv32-unknown-elf/15.2.0/../../../../riscv32-unknown-elf/lib/libc.a
LOAD /opt/riscv-newlib/lib/gcc/riscv32-unknown-elf/15.2.0/../../../../riscv32-unknown-elf/lib/libgloss.a
END GROUP
LOAD /opt/riscv-newlib/lib/gcc/riscv32-unknown-elf/15.2.0/libgcc.a
LOAD /opt/riscv-newlib/lib/gcc/riscv32-unknown-elf/15.2.0/crtend.o
OUTPUT(build/spi-st7789.elf elf32-littleriscv)

.riscv.attributes
                0x00000000       0x35
 .riscv.attributes
                0x00000000       0x2a /opt/riscv-newlib/lib/gcc/riscv32-unknown-elf/15.2.0/../../../../riscv32-unknown-elf/lib/crt0.o
 .riscv.attributes
                0x0000002a       0x28 /opt/riscv-newlib/lib/gcc/riscv32-unknown-elf/15.2.0/crtbegin.o
 .riscv.attributes
                0x00000052       0x2f build/objs/a/b/c/crt0_boot.o
 .riscv.attributes
                0x00000081       0x31 build/objs/a/b/c/main.o
 .riscv.attributes
                0x000000b2       0x31 build/objs/a/b/c/ui.o
 .riscv.attributes
                0x000000e3       0x31 build/objs/a/b/c/logo.o
 .riscv.attributes
                0x00000114       0x31 build/objs/a/b/c/spi_driver.o
 .riscv.attributes
                0x00000145       0x31 build/objs/a/b/c/gpio_driver.o
 .riscv.attributes
                0x00000176       0x31 build/objs/a/b/c/driver_st7789_interface.o
 .riscv.attributes
                0x000001a7       0x31 build/objs/a/b/c/driver_st7789.o
 .riscv.attributes
                0x000001d8       0x31 build/objs/a/b/c/util.o
 .riscv.attributes
                0x00000209       0x31 build/objs/a/b/c/syscalls.o
 .riscv.attributes
                0x0000023a       0x28 /opt/riscv-newlib/lib/gcc/riscv32-unknown-elf/15.2.0/libgcc.a(_udivdi3.o)
 .riscv.attributes
                0x00000262       0x26 /opt/riscv-newlib/lib/gcc/riscv32-unknown-elf/15.2.0/libgcc.a(muldi3.o)
 .riscv.attributes
                0x00000288       0x26 /opt/riscv-newlib/lib/gcc/riscv32-unknown-elf/15.2.0/libgcc.a(div.o)
 .riscv.attributes
                0x000002ae       0x28 /opt/riscv-newlib/lib/gcc/riscv32-unknown-elf/15.2.0/libgcc.a(_clz.o)
 .riscv.attributes
                0x000002d6       0x28 /opt/riscv-newlib/lib/gcc/riscv32-unknown-elf/15.2.0/libgcc.a(_clzsi2.o)
 .riscv.attributes
                0x000002fe       0x28 /opt/riscv-newlib/lib/gcc/riscv32-unknown-elf/15.2.0/../../../../riscv32-unknown-elf/lib/libc.a(libc_a-exit.o)
 .riscv.attributes
                0x00000326       0x28 /opt/riscv-newlib/lib/gcc/riscv32-unknown-elf/15.2.0/../../../../riscv32-unknown-elf/lib/libc.a(libc_a-findfp.o)
 .riscv.attributes
                0x0000034e       0x28 /opt/riscv-newlib/lib/gcc/riscv32-unknown-elf/15.2.0/../../../../riscv32-unknown-elf/lib/libc.a(libc_a-fwalk.o)
 .riscv.attributes
                0x00000376       0x28 /opt/riscv-newlib/lib/gcc/riscv32-unknown-elf/15.2.0/../../../../riscv32-unknown-elf/lib/libc.a(libc_a-printf.o)
 .riscv.attributes
                0x0000039e       0x28 /opt/riscv-newlib/lib/gcc/riscv32-unknown-elf/15.2.0/../../../../riscv32-unknown-elf/lib/libc.a(libc_a-stdio.o)
 .riscv.attributes
                0x000003c6       0x28 /opt/riscv-newlib/lib/gcc/riscv32-unknown-elf/15.2.0/../../../../riscv32-unknown-elf/lib/libc.a(libc_a-vprintf.o)
 .riscv.attributes
                0x000003ee       0x28 /opt/riscv-newlib/lib/gcc/riscv32-unknown-elf/15.2.0/../../../../riscv32-unknown-elf/lib/libc.a(libc_a-strncpy.o)
 .riscv.attributes
                0x00000416       0x28 /opt/riscv-newlib/lib/gcc/riscv32-unknown-elf/15.2.0/../../../../riscv32-unknown-elf/lib/libc.a(libc_a-closer.o)
 .riscv.attributes
                0x0000043e       0x28 /opt/riscv-newlib/lib/gcc/riscv32-unknown-elf/15.2.0/../../../../riscv32-unknown-elf/lib/libc.a(libc_a-reent.o)
 .riscv.attributes
                0x00000466       0x28 /opt/riscv-newlib/lib/gcc/riscv32-unknown-elf/15.2.0/../../../../riscv32-unknown-elf/lib/libc.a(libc_a-impure.o)
 .riscv.attributes
                0x0000048e       0x28 /opt/riscv-newlib/lib/gcc/riscv32-unknown-elf/15.2.0/../../../../riscv32-unknown-elf/lib/libc.a(libc_a-lseekr.o)
 .riscv.attributes
                0x000004b6       0x28 /opt/riscv-newlib/lib/gcc/riscv32-unknown-elf/15.2.0/../../../../riscv32-unknown-elf/lib/libc.a(libc_a-readr.o)
 .riscv.attributes
                0x000004de       0x28 /opt/riscv-newlib/lib/gcc/riscv32-unknown-elf/15.2.0/../../../../riscv32-unknown-elf/lib/libc.a(libc_a-writer.o)
 .riscv.attributes
                0x00000506       0x28 /opt/riscv-newlib/lib/gcc/riscv32-unknown-elf/15.2.0/../../../../riscv32-unknown-elf/lib/libc.a(libc_a-errno.o)
 .riscv.attributes
                0x0000052e       0x28 /opt/riscv-newlib/lib/gcc/riscv32-unknown-elf/15.2.0/../../../../riscv32-unknown-elf/lib/libc.a(libc_a-init.o)
 .riscv.attributes
                0x00000556       0x26 /opt/riscv-newlib/lib/gcc/riscv32-unknown-elf/15.2.0/../../../../riscv32-unknown-elf/lib/libc.a(libc_a-memset.o)
 .riscv.attributes
                0x0000057c       0x28 /opt/riscv-newlib/lib/gcc/riscv32-unknown-elf/15.2.0/../../../../riscv32-unknown-elf/lib/libc.a(libc_a-__call_atexit.o)
 .riscv.attributes
                0x000005a4       0x28 /opt/riscv-newlib/lib/gcc/riscv32-unknown-elf/15.2.0/../../../../riscv32-unknown-elf/lib/libc.a(libc_a-atexit.o)
 .riscv.attributes
                0x000005cc       0x28 /opt/riscv-newlib/lib/gcc/riscv32-unknown-elf/15.2.0/../../../../riscv32-unknown-elf/lib/libc.a(libc_a-freer.o)
 .riscv.attributes
                0x000005f4       0x28 /opt/riscv-newlib/lib/gcc/riscv32-unknown-elf/15.2.0/../../../../riscv32-unknown-elf/lib/libc.a(libc_a-mallocr.o)
 .riscv.attributes
                0x0000061c       0x28 /opt/riscv-newlib/lib/gcc/riscv32-unknown-elf/15.2.0/../../../../riscv32-unknown-elf/lib/libc.a(libc_a-mlock.o)
 .riscv.attributes
                0x00000644       0x28 /opt/riscv-newlib/lib/gcc/riscv32-unknown-elf/15.2.0/../../../../riscv32-unknown-elf/lib/libc.a(libc_a-vfprintf.o)
 .riscv.attributes
                0x0000066c       0x28 /opt/riscv-newlib/lib/gcc/riscv32-unknown-elf/15.2.0/../../../../riscv32-unknown-elf/lib/libc.a(libc_a-sprint_r.o)
 .riscv.attributes
                0x00000694       0x28 /opt/riscv-newlib/lib/gcc/riscv32-unknown-elf/15.2.0/../../../../riscv32-unknown-elf/lib/libc.a(libc_a-fclose.o)
 .riscv.attributes
                0x000006bc       0x28 /opt/riscv-newlib/lib/gcc/riscv32-unknown-elf/15.2.0/../../../../riscv32-unknown-elf/lib/libc.a(libc_a-fflush.o)
 .riscv.attributes
                0x000006e4       0x28 /opt/riscv-newlib/lib/gcc/riscv32-unknown-elf/15.2.0/../../../../riscv32-unknown-elf/lib/libc.a(libc_a-fvwrite.o)
 .riscv.attributes
                0x0000070c       0x28 /opt/riscv-newlib/lib/gcc/riscv32-unknown-elf/15.2.0/../../../../riscv32-unknown-elf/lib/libc.a(libc_a-wsetup.o)
 .riscv.attributes
                0x00000734       0x28 /opt/riscv-newlib/lib/gcc/riscv32-unknown-elf/15.2.0/../../../../riscv32-unknown-elf/lib/libc.a(libc_a-memchr.o)
 .riscv.attributes
                0x0000075c       0x28 /opt/riscv-newlib/lib/gcc/riscv32-unknown-elf/15.2.0/../../../../riscv32-unknown-elf/lib/libc.a(libc_a-localeconv.o)
 .riscv.attributes
                0x00000784       0x28 /opt/riscv-newlib/lib/gcc/riscv32-unknown-elf/15.2.0/../../../../riscv32-unknown-elf/lib/libc.a(libc_a-sbrkr.o)
 .riscv.attributes
                0x000007ac       0x28 /opt/riscv-newlib/lib/gcc/riscv32-unknown-elf/15.2.0/../../../../riscv32-unknown-elf/lib/libc.a(libc_a-fini.o)
 .riscv.attributes
                0x000007d4       0x28 /opt/riscv-newlib/lib/gcc/riscv32-unknown-elf/15.2.0/../../../../riscv32-unknown-elf/lib/libc.a(libc_a-memmove-stub.o)
 .riscv.attributes
                0x000007fc       0x28 /opt/riscv-newlib/lib/gcc/riscv32-unknown-elf/15.2.0/../../../../riscv32-unknown-elf/lib/libc.a(libc_a-memcpy.o)
 .riscv.attributes
                0x00000824       0x28 /opt/riscv-newlib/lib/gcc/riscv32-unknown-elf/15.2.0/../../../../riscv32-unknown-elf/lib/libc.a(libc_a-strlen.o)
 .riscv.attributes
                0x0000084c       0x28 /opt/riscv-newlib/lib/gcc/riscv32-unknown-elf/15.2.0/../../../../riscv32-unknown-elf/lib/libc.a(libm_a-frexpl.o)
 .riscv.attributes
                0x00000874       0x28 /opt/riscv-newlib/lib/gcc/riscv32-unknown-elf/15.2.0/../../../../riscv32-unknown-elf/lib/libc.a(libc_a-__atexit.o)
 .riscv.attributes
                0x0000089c       0x28 /opt/riscv-newlib/lib/gcc/riscv32-unknown-elf/15.2.0/../../../../riscv32-unknown-elf/lib/libc.a(libc_a-gdtoa-ldtoa.o)
 .riscv.attributes
                0x000008c4       0x28 /opt/riscv-newlib/lib/gcc/riscv32-unknown-elf/15.2.0/../../../../riscv32-unknown-elf/lib/libc.a(libc_a-gdtoa-gdtoa.o)
 .riscv.attributes
                0x000008ec       0x28 /opt/riscv-newlib/lib/gcc/riscv32-unknown-elf/15.2.0/../../../../riscv32-unknown-elf/lib/libc.a(libc_a-gdtoa-dmisc.o)
 .riscv.attributes
                0x00000914       0x28 /opt/riscv-newlib/lib/gcc/riscv32-unknown-elf/15.2.0/../../../../riscv32-unknown-elf/lib/libc.a(libc_a-gdtoa-gmisc.o)
 .riscv.attributes
                0x0000093c       0x28 /opt/riscv-newlib/lib/gcc/riscv32-unknown-elf/15.2.0/../../../../riscv32-unknown-elf/lib/libc.a(libc_a-mprec.o)
 .riscv.attributes
                0x00000964       0x28 /opt/riscv-newlib/lib/gcc/riscv32-unknown-elf/15.2.0/../../../../riscv32-unknown-elf/lib/libc.a(libc_a-reallocr.o)
 .riscv.attributes
                0x0000098c       0x28 /opt/riscv-newlib/lib/gcc/riscv32-unknown-elf/15.2.0/../../../../riscv32-unknown-elf/lib/libc.a(libc_a-makebuf.o)
 .riscv.attributes
                0x000009b4       0x28 /opt/riscv-newlib/lib/gcc/riscv32-unknown-elf/15.2.0/../../../../riscv32-unknown-elf/lib/libc.a(libc_a-locale.o)
 .riscv.attributes
                0x000009dc       0x28 /opt/riscv-newlib/lib/gcc/riscv32-unknown-elf/15.2.0/../../../../riscv32-unknown-elf/lib/libc.a(libc_a-fstatr.o)
 .riscv.attributes
                0x00000a04       0x28 /opt/riscv-newlib/lib/gcc/riscv32-unknown-elf/15.2.0/../../../../riscv32-unknown-elf/lib/libc.a(libc_a-isattyr.o)
 .riscv.attributes
                0x00000a2c       0x28 /opt/riscv-newlib/lib/gcc/riscv32-unknown-elf/15.2.0/../../../../riscv32-unknown-elf/lib/libc.a(libc_a-assert.o)
 .riscv.attributes
                0x00000a54       0x28 /opt/riscv-newlib/lib/gcc/riscv32-unknown-elf/15.2.0/../../../../riscv32-unknown-elf/lib/libc.a(libc_a-callocr.o)
 .riscv.attributes
                0x00000a7c       0x28 /opt/riscv-newlib/lib/gcc/riscv32-unknown-elf/15.2.0/../../../../riscv32-unknown-elf/lib/libc.a(libc_a-mbtowc_r.o)
 .riscv.attributes
                0x00000aa4       0x28 /opt/riscv-newlib/lib/gcc/riscv32-unknown-elf/15.2.0/../../../../riscv32-unknown-elf/lib/libc.a(libc_a-wctomb_r.o)
 .riscv.attributes
                0x00000acc       0x28 /opt/riscv-newlib/lib/gcc/riscv32-unknown-elf/15.2.0/../../../../riscv32-unknown-elf/lib/libc.a(libc_a-ctype_.o)
 .riscv.attributes
                0x00000af4       0x28 /opt/riscv-newlib/lib/gcc/riscv32-unknown-elf/15.2.0/../../../../riscv32-unknown-elf/lib/libc.a(libc_a-fiprintf.o)
 .riscv.attributes
                0x00000b1c       0x28 /opt/riscv-newlib/lib/gcc/riscv32-unknown-elf/15.2.0/../../../../riscv32-unknown-elf/lib/libc.a(libc_a-vfiprintf.o)
 .riscv.attributes
                0x00000b44       0x28 /opt/riscv-newlib/lib/gcc/riscv32-unknown-elf/15.2.0/../../../../riscv32-unknown-elf/lib/libc.a(libc_a-abort.o)
 .riscv.attributes
                0x00000b6c       0x28 /opt/riscv-newlib/lib/gcc/riscv32-unknown-elf/15.2.0/../../../../riscv32-unknown-elf/lib/libc.a(libc_a-signal.o)
 .riscv.attributes
                0x00000b94       0x28 /opt/riscv-newlib/lib/gcc/riscv32-unknown-elf/15.2.0/../../../../riscv32-unknown-elf/lib/libc.a(libc_a-signalr.o)
 .riscv.attributes
                0x00000bbc       0x28 /opt/riscv-newlib/lib/gcc/riscv32-unknown-elf/15.2.0/libgcc.a(_umoddi3.o)
 .riscv.attributes
                0x00000be4       0x28 /opt/riscv-newlib/lib/gcc/riscv32-unknown-elf/15.2.0/libgcc.a(adddf3.o)
 .riscv.attributes
                0x00000c0c       0x28 /opt/riscv-newlib/lib/gcc/riscv32-unknown-elf/15.2.0/libgcc.a(divdf3.o)
 .riscv.attributes
                0x00000c34       0x28 /opt/riscv-newlib/lib/gcc/riscv32-unknown-elf/15.2.0/libgcc.a(eqdf2.o)
 .riscv.attributes
                0x00000c5c       0x28 /opt/riscv-newlib/lib/gcc/riscv32-unknown-elf/15.2.0/libgcc.a(gedf2.o)
 .riscv.attributes
                0x00000c84       0x28 /opt/riscv-newlib/lib/gcc/riscv32-unknown-elf/15.2.0/libgcc.a(ledf2.o)
 .riscv.attributes
                0x00000cac       0x28 /opt/riscv-newlib/lib/gcc/riscv32-unknown-elf/15.2.0/libgcc.a(muldf3.o)
 .riscv.attributes
                0x00000cd4       0x28 /opt/riscv-newlib/lib/gcc/riscv32-unknown-elf/15.2.0/libgcc.a(subdf3.o)
 .riscv.attributes
                0x00000cfc       0x28 /opt/riscv-newlib/lib/gcc/riscv32-unknown-elf/15.2.0/libgcc.a(fixdfsi.o)
 .riscv.attributes
                0x00000d24       0x28 /opt/riscv-newlib/lib/gcc/riscv32-unknown-elf/15.2.0/libgcc.a(floatsidf.o)
 .riscv.attributes
                0x00000d4c       0x28 /opt/riscv-newlib/lib/gcc/riscv32-unknown-elf/15.2.0/libgcc.a(eqtf2.o)
 .riscv.attributes
                0x00000d74       0x28 /opt/riscv-newlib/lib/gcc/riscv32-unknown-elf/15.2.0/libgcc.a(getf2.o)
 .riscv.attributes
                0x00000d9c       0x28 /opt/riscv-newlib/lib/gcc/riscv32-unknown-elf/15.2.0/libgcc.a(letf2.o)
 .riscv.attributes
                0x00000dc4       0x28 /opt/riscv-newlib/lib/gcc/riscv32-unknown-elf/15.2.0/libgcc.a(multf3.o)
 .riscv.attributes
                0x00000dec       0x28 /opt/riscv-newlib/lib/gcc/riscv32-unknown-elf/15.2.0/libgcc.a(subtf3.o)
 .riscv.attributes
                0x00000e14       0x28 /opt/riscv-newlib/lib/gcc/riscv32-unknown-elf/15.2.0/libgcc.a(unordtf2.o)
 .riscv.attributes
                0x00000e3c       0x28 /opt/riscv-newlib/lib/gcc/riscv32-unknown-elf/15.2.0/libgcc.a(fixtfsi.o)
 .riscv.attributes
                0x00000e64       0x28 /opt/riscv-newlib/lib/gcc/riscv32-unknown-elf/15.2.0/libgcc.a(floatsitf.o)
 .riscv.attributes
                0x00000e8c       0x28 /opt/riscv-newlib/lib/gcc/riscv32-unknown-elf/15.2.0/libgcc.a(extenddftf2.o)

.comment        0x00000000       0x2d
 .comment       0x00000000       0x2d /opt/riscv-newlib/lib/gcc/riscv32-unknown-elf/15.2.0/crtbegin.o
                                 0x1c (size before relaxing)
 .comment       0x0000002d        0x0 build/objs/a/b/c/main.o
                                 0x1c (size before relaxing)
 .comment       0x0000002d        0x0 build/objs/a/b/c/ui.o
                                 0x1c (size before relaxing)
 .comment       0x0000002d        0x0 build/objs/a/b/c/logo.o
                                 0x1c (size before relaxing)
 .comment       0x0000002d        0x0 build/objs/a/b/c/spi_driver.o
                                 0x1c (size before relaxing)
 .comment       0x0000002d        0x0 build/objs/a/b/c/gpio_driver.o
                                 0x1c (size before relaxing)
 .comment       0x0000002d        0x0 build/objs/a/b/c/driver_st7789_interface.o
                                 0x1c (size before relaxing)
 .comment       0x0000002d        0x0 build/objs/a/b/c/driver_st7789.o
                                 0x1c (size before relaxing)
 .comment       0x0000002d        0x0 build/objs/a/b/c/util.o
                                 0x1c (size before relaxing)
 .comment       0x0000002d        0x0 build/objs/a/b/c/syscalls.o
                                 0x1c (size before relaxing)
 .comment       0x0000002d        0x0 /opt/riscv-newlib/lib/gcc/riscv32-unknown-elf/15.2.0/libgcc.a(_udivdi3.o)
                                 0x1c (size before relaxing)
 .comment       0x0000002d        0x0 /opt/riscv-newlib/lib/gcc/riscv32-unknown-elf/15.2.0/libgcc.a(_clz.o)
                                 0x1c (size before relaxing)
 .comment       0x0000002d        0x0 /opt/riscv-newlib/lib/gcc/riscv32-unknown-elf/15.2.0/libgcc.a(_clzsi2.o)
                                 0x1c (size before relaxing)
 .comment       0x0000002d        0x0 /opt/riscv-newlib/lib/gcc/riscv32-unknown-elf/15.2.0/../../../../riscv32-unknown-elf/lib/libc.a(libc_a-exit.o)
                                 0x13 (size before relaxing)
 .comment       0x0000002d        0x0 /opt/riscv-newlib/lib/gcc/riscv32-unknown-elf/15.2.0/../../../../riscv32-unknown-elf/lib/libc.a(libc_a-findfp.o)
                                 0x13 (size before relaxing)
 .comment       0x0000002d        0x0 /opt/riscv-newlib/lib/gcc/riscv32-unknown-elf/15.2.0/../../../../riscv32-unknown-elf/lib/libc.a(libc_a-fwalk.o)
                                 0x13 (size before relaxing)
 .comment       0x0000002d        0x0 /opt/riscv-newlib/lib/gcc/riscv32-unknown-elf/15.2.0/../../../../riscv32-unknown-elf/lib/libc.a(libc_a-printf.o)
                                 0x13 (size before relaxing)
 .comment       0x0000002d        0x0 /opt/riscv-newlib/lib/gcc/riscv32-unknown-elf/15.2.0/../../../../riscv32-unknown-elf/lib/libc.a(libc_a-stdio.o)
                                 0x13 (size before relaxing)
 .comment       0x0000002d        0x0 /opt/riscv-newlib/lib/gcc/riscv32-unknown-elf/15.2.0/../../../../riscv32-unknown-elf/lib/libc.a(libc_a-vprintf.o)
                                 0x13 (size before relaxing)
 .comment       0x0000002d        0x0 /opt/riscv-newlib/lib/gcc/riscv32-unknown-elf/15.2.0/../../../../riscv32-unknown-elf/lib/libc.a(libc_a-strncpy.o)
                                 0x13 (size before relaxing)
 .comment       0x0000002d        0x0 /opt/riscv-newlib/lib/gcc/riscv32-unknown-elf/15.2.0/../../../../riscv32-unknown-elf/lib/libc.a(libc_a-closer.o)
                                 0x13 (size before relaxing)
 .comment       0x0000002d        0x0 /opt/riscv-newlib/lib/gcc/riscv32-unknown-elf/15.2.0/../../../../riscv32-unknown-elf/lib/libc.a(libc_a-reent.o)
                                 0x13 (size before relaxing)
 .comment       0x0000002d        0x0 /opt/riscv-newlib/lib/gcc/riscv32-unknown-elf/15.2.0/../../../../riscv32-unknown-elf/lib/libc.a(libc_a-impure.o)
                                 0x13 (size before relaxing)
 .comment       0x0000002d        0x0 /opt/riscv-newlib/lib/gcc/riscv32-unknown-elf/15.2.0/../../../../riscv32-unknown-elf/lib/libc.a(libc_a-lseekr.o)
                                 0x13 (size before relaxing)
 .comment       0x0000002d        0x0 /opt/riscv-newlib/lib/gcc/riscv32-unknown-elf/15.2.0/../../../../riscv32-unknown-elf/lib/libc.a(libc_a-readr.o)
                                 0x13 (size before relaxing)
 .comment       0x0000002d        0x0 /opt/riscv-newlib/lib/gcc/riscv32-unknown-elf/15.2.0/../../../../riscv32-unknown-elf/lib/libc.a(libc_a-writer.o)
                                 0x13 (size before relaxing)
 .comment       0x0000002d        0x0 /opt/riscv-newlib/lib/gcc/riscv32-unknown-elf/15.2.0/../../../../riscv32-unknown-elf/lib/libc.a(libc_a-errno.o)
                                 0x13 (size before relaxing)
 .comment       0x0000002d        0x0 /opt/riscv-newlib/lib/gcc/riscv32-unknown-elf/15.2.0/../../../../riscv32-unknown-elf/lib/libc.a(libc_a-init.o)
                                 0x13 (size before relaxing)
 .comment       0x0000002d        0x0 /opt/riscv-newlib/lib/gcc/riscv32-unknown-elf/15.2.0/../../../../riscv32-unknown-elf/lib/libc.a(libc_a-__call_atexit.o)
                                 0x13 (size before relaxing)
 .comment       0x0000002d        0x0 /opt/riscv-newlib/lib/gcc/riscv32-unknown-elf/15.2.0/../../../../riscv32-unknown-elf/lib/libc.a(libc_a-atexit.o)
                                 0x13 (size before relaxing)
 .comment       0x0000002d        0x0 /opt/riscv-newlib/lib/gcc/riscv32-unknown-elf/15.2.0/../../../../riscv32-unknown-elf/lib/libc.a(libc_a-freer.o)
                                 0x13 (size before relaxing)
 .comment       0x0000002d        0x0 /opt/riscv-newlib/lib/gcc/riscv32-unknown-elf/15.2.0/../../../../riscv32-unknown-elf/lib/libc.a(libc_a-mallocr.o)
                                 0x13 (size before relaxing)
 .comment       0x0000002d        0x0 /opt/riscv-newlib/lib/gcc/riscv32-unknown-elf/15.2.0/../../../../riscv32-unknown-elf/lib/libc.a(libc_a-mlock.o)
                                 0x13 (size before relaxing)
 .comment       0x0000002d        0x0 /opt/riscv-newlib/lib/gcc/riscv32-unknown-elf/15.2.0/../../../../riscv32-unknown-elf/lib/libc.a(libc_a-vfprintf.o)
                                 0x13 (size before relaxing)
 .comment       0x0000002d        0x0 /opt/riscv-newlib/lib/gcc/riscv32-unknown-elf/15.2.0/../../../../riscv32-unknown-elf/lib/libc.a(libc_a-sprint_r.o)
                                 0x13 (size before relaxing)
 .comment       0x0000002d        0x0 /opt/riscv-newlib/lib/gcc/riscv32-unknown-elf/15.2.0/../../../../riscv32-unknown-elf/lib/libc.a(libc_a-fclose.o)
                                 0x13 (size before relaxing)
 .comment       0x0000002d        0x0 /opt/riscv-newlib/lib/gcc/riscv32-unknown-elf/15.2.0/../../../../riscv32-unknown-elf/lib/libc.a(libc_a-fflush.o)
                                 0x13 (size before relaxing)
 .comment       0x0000002d        0x0 /opt/riscv-newlib/lib/gcc/riscv32-unknown-elf/15.2.0/../../../../riscv32-unknown-elf/lib/libc.a(libc_a-fvwrite.o)
                                 0x13 (size before relaxing)
 .comment       0x0000002d        0x0 /opt/riscv-newlib/lib/gcc/riscv32-unknown-elf/15.2.0/../../../../riscv32-unknown-elf/lib/libc.a(libc_a-wsetup.o)
                                 0x13 (size before relaxing)
 .comment       0x0000002d        0x0 /opt/riscv-newlib/lib/gcc/riscv32-unknown-elf/15.2.0/../../../../riscv32-unknown-elf/lib/libc.a(libc_a-memchr.o)
                                 0x13 (size before relaxing)
 .comment       0x0000002d        0x0 /opt/riscv-newlib/lib/gcc/riscv32-unknown-elf/15.2.0/../../../../riscv32-unknown-elf/lib/libc.a(libc_a-localeconv.o)
                                 0x13 (size before relaxing)
 .comment       0x0000002d        0x0 /opt/riscv-newlib/lib/gcc/riscv32-unknown-elf/15.2.0/../../../../riscv32-unknown-elf/lib/libc.a(libc_a-sbrkr.o)
                                 0x13 (size before relaxing)
 .comment       0x0000002d        0x0 /opt/riscv-newlib/lib/gcc/riscv32-unknown-elf/15.2.0/../../../../riscv32-unknown-elf/lib/libc.a(libc_a-fini.o)
                                 0x13 (size before relaxing)
 .comment       0x0000002d        0x0 /opt/riscv-newlib/lib/gcc/riscv32-unknown-elf/15.2.0/../../../../riscv32-unknown-elf/lib/libc.a(libc_a-memmove-stub.o)
                                 0x13 (size before relaxing)
 .comment       0x0000002d        0x0 /opt/riscv-newlib/lib/gcc/riscv32-unknown-elf/15.2.0/../../../../riscv32-unknown-elf/lib/libc.a(libc_a-memcpy.o)
                                 0x13 (size before relaxing)
 .comment       0x0000002d        0x0 /opt/riscv-newlib/lib/gcc/riscv32-unknown-elf/15.2.0/../../../../riscv32-unknown-elf/lib/libc.a(libc_a-strlen.o)
                                 0x13 (size before relaxing)
 .comment       0x0000002d        0x0 /opt/riscv-newlib/lib/gcc/riscv32-unknown-elf/15.2.0/../../../../riscv32-unknown-elf/lib/libc.a(libm_a-frexpl.o)
                                 0x13 (size before relaxing)
 .comment       0x0000002d        0x0 /opt/riscv-newlib/lib/gcc/riscv32-unknown-elf/15.2.0/../../../../riscv32-unknown-elf/lib/libc.a(libc_a-__atexit.o)
                                 0x13 (size before relaxing)
 .comment       0x0000002d        0x0 /opt/riscv-newlib/lib/gcc/riscv32-unknown-elf/15.2.0/../../../../riscv32-unknown-elf/lib/libc.a(libc_a-gdtoa-ldtoa.o)
                                 0x13 (size before relaxing)
 .comment       0x0000002d        0x0 /opt/riscv-newlib/lib/gcc/riscv32-unknown-elf/15.2.0/../../../../riscv32-unknown-elf/lib/libc.a(libc_a-gdtoa-gdtoa.o)
                                 0x13 (size before relaxing)
 .comment       0x0000002d        0x0 /opt/riscv-newlib/lib/gcc/riscv32-unknown-elf/15.2.0/../../../../riscv32-unknown-elf/lib/libc.a(libc_a-gdtoa-dmisc.o)
                                 0x13 (size before relaxing)
 .comment       0x0000002d        0x0 /opt/riscv-newlib/lib/gcc/riscv32-unknown-elf/15.2.0/../../../../riscv32-unknown-elf/lib/libc.a(libc_a-gdtoa-gmisc.o)
                                 0x13 (size before relaxing)
 .comment       0x0000002d        0x0 /opt/riscv-newlib/lib/gcc/riscv32-unknown-elf/15.2.0/../../../../riscv32-unknown-elf/lib/libc.a(libc_a-mprec.o)
                                 0x13 (size before relaxing)
 .comment       0x0000002d        0x0 /opt/riscv-newlib/lib/gcc/riscv32-unknown-elf/15.2.0/../../../../riscv32-unknown-elf/lib/libc.a(libc_a-reallocr.o)
                                 0x13 (size before relaxing)
 .comment       0x0000002d        0x0 /opt/riscv-newlib/lib/gcc/riscv32-unknown-elf/15.2.0/../../../../riscv32-unknown-elf/lib/libc.a(libc_a-makebuf.o)
                                 0x13 (size before relaxing)
 .comment       0x0000002d        0x0 /opt/riscv-newlib/lib/gcc/riscv32-unknown-elf/15.2.0/../../../../riscv32-unknown-elf/lib/libc.a(libc_a-locale.o)
                                 0x13 (size before relaxing)
 .comment       0x0000002d        0x0 /opt/riscv-newlib/lib/gcc/riscv32-unknown-elf/15.2.0/../../../../riscv32-unknown-elf/lib/libc.a(libc_a-fstatr.o)
                                 0x13 (size before relaxing)
 .comment       0x0000002d        0x0 /opt/riscv-newlib/lib/gcc/riscv32-unknown-elf/15.2.0/../../../../riscv32-unknown-elf/lib/libc.a(libc_a-isattyr.o)
                                 0x13 (size before relaxing)
 .comment       0x0000002d        0x0 /opt/riscv-newlib/lib/gcc/riscv32-unknown-elf/15.2.0/../../../../riscv32-unknown-elf/lib/libc.a(libc_a-assert.o)
                                 0x13 (size before relaxing)
 .comment       0x0000002d        0x0 /opt/riscv-newlib/lib/gcc/riscv32-unknown-elf/15.2.0/../../../../riscv32-unknown-elf/lib/libc.a(libc_a-callocr.o)
                                 0x13 (size before relaxing)
 .comment       0x0000002d        0x0 /opt/riscv-newlib/lib/gcc/riscv32-unknown-elf/15.2.0/../../../../riscv32-unknown-elf/lib/libc.a(libc_a-mbtowc_r.o)
                                 0x13 (size before relaxing)
 .comment       0x0000002d        0x0 /opt/riscv-newlib/lib/gcc/riscv32-unknown-elf/15.2.0/../../../../riscv32-unknown-elf/lib/libc.a(libc_a-wctomb_r.o)
                                 0x13 (size before relaxing)
 .comment       0x0000002d        0x0 /opt/riscv-newlib/lib/gcc/riscv32-unknown-elf/15.2.0/../../../../riscv32-unknown-elf/lib/libc.a(libc_a-ctype_.o)
                                 0x13 (size before relaxing)
 .comment       0x0000002d        0x0 /opt/riscv-newlib/lib/gcc/riscv32-unknown-elf/15.2.0/../../../../riscv32-unknown-elf/lib/libc.a(libc_a-fiprintf.o)
                                 0x13 (size before relaxing)
 .comment       0x0000002d        0x0 /opt/riscv-newlib/lib/gcc/riscv32-unknown-elf/15.2.0/../../../../riscv32-unknown-elf/lib/libc.a(libc_a-vfiprintf.o)
                                 0x13 (size before relaxing)
 .comment       0x0000002d        0x0 /opt/riscv-newlib/lib/gcc/riscv32-unknown-elf/15.2.0/../../../../riscv32-unknown-elf/lib/libc.a(libc_a-abort.o)
                                 0x13 (size before relaxing)
 .comment       0x0000002d        0x0 /opt/riscv-newlib/lib/gcc/riscv32-unknown-elf/15.2.0/../../../../riscv32-unknown-elf/lib/libc.a(libc_a-signal.o)
                                 0x13 (size before relaxing)
 .comment       0x0000002d        0x0 /opt/riscv-newlib/lib/gcc/riscv32-unknown-elf/15.2.0/../../../../riscv32-unknown-elf/lib/libc.a(libc_a-signalr.o)
                                 0x13 (size before relaxing)
 .comment       0x0000002d        0x0 /opt/riscv-newlib/lib/gcc/riscv32-unknown-elf/15.2.0/libgcc.a(_umoddi3.o)
                                 0x1c (size before relaxing)
 .comment       0x0000002d        0x0 /opt/riscv-newlib/lib/gcc/riscv32-unknown-elf/15.2.0/libgcc.a(adddf3.o)
                                 0x1c (size before relaxing)
 .comment       0x0000002d        0x0 /opt/riscv-newlib/lib/gcc/riscv32-unknown-elf/15.2.0/libgcc.a(divdf3.o)
                                 0x1c (size before relaxing)
 .comment       0x0000002d        0x0 /opt/riscv-newlib/lib/gcc/riscv32-unknown-elf/15.2.0/libgcc.a(eqdf2.o)
                                 0x1c (size before relaxing)
 .comment       0x0000002d        0x0 /opt/riscv-newlib/lib/gcc/riscv32-unknown-elf/15.2.0/libgcc.a(gedf2.o)
                                 0x1c (size before relaxing)
 .comment       0x0000002d        0x0 /opt/riscv-newlib/lib/gcc/riscv32-unknown-elf/15.2.0/libgcc.a(ledf2.o)
                                 0x1c (size before relaxing)
 .comment       0x0000002d        0x0 /opt/riscv-newlib/lib/gcc/riscv32-unknown-elf/15.2.0/libgcc.a(muldf3.o)
                                 0x1c (size before relaxing)
 .comment       0x0000002d        0x0 /opt/riscv-newlib/lib/gcc/riscv32-unknown-elf/15.2.0/libgcc.a(subdf3.o)
                                 0x1c (size before relaxing)
 .comment       0x0000002d        0x0 /opt/riscv-newlib/lib/gcc/riscv32-unknown-elf/15.2.0/libgcc.a(fixdfsi.o)
                                 0x1c (size before relaxing)
 .comment       0x0000002d        0x0 /opt/riscv-newlib/lib/gcc/riscv32-unknown-elf/15.2.0/libgcc.a(floatsidf.o)
                                 0x1c (size before relaxing)
 .comment       0x0000002d        0x0 /opt/riscv-newlib/lib/gcc/riscv32-unknown-elf/15.2.0/libgcc.a(eqtf2.o)
                                 0x1c (size before relaxing)
 .comment       0x0000002d        0x0 /opt/riscv-newlib/lib/gcc/riscv32-unknown-elf/15.2.0/libgcc.a(getf2.o)
                                 0x1c (size before relaxing)
 .comment       0x0000002d        0x0 /opt/riscv-newlib/lib/gcc/riscv32-unknown-elf/15.2.0/libgcc.a(letf2.o)
                                 0x1c (size before relaxing)
 .comment       0x0000002d        0x0 /opt/riscv-newlib/lib/gcc/riscv32-unknown-elf/15.2.0/libgcc.a(multf3.o)
                                 0x1c (size before relaxing)
 .comment       0x0000002d        0x0 /opt/riscv-newlib/lib/gcc/riscv32-unknown-elf/15.2.0/libgcc.a(subtf3.o)
                                 0x1c (size before relaxing)
 .comment       0x0000002d        0x0 /opt/riscv-newlib/lib/gcc/riscv32-unknown-elf/15.2.0/libgcc.a(unordtf2.o)
                                 0x1c (size before relaxing)
 .comment       0x0000002d        0x0 /opt/riscv-newlib/lib/gcc/riscv32-unknown-elf/15.2.0/libgcc.a(fixtfsi.o)
                                 0x1c (size before relaxing)
 .comment       0x0000002d        0x0 /opt/riscv-newlib/lib/gcc/riscv32-unknown-elf/15.2.0/libgcc.a(floatsitf.o)
                                 0x1c (size before relaxing)
 .comment       0x0000002d        0x0 /opt/riscv-newlib/lib/gcc/riscv32-unknown-elf/15.2.0/libgcc.a(extenddftf2.o)
                                 0x1c (size before relaxing)

.debug_info     0x00000000     0x7e90
 .debug_info    0x00000000      0xa29 /opt/riscv-newlib/lib/gcc/riscv32-unknown-elf/15.2.0/libgcc.a(_udivdi3.o)
 .debug_info    0x00000a29       0x31 /opt/riscv-newlib/lib/gcc/riscv32-unknown-elf/15.2.0/libgcc.a(muldi3.o)
 .debug_info    0x00000a5a       0x5e /opt/riscv-newlib/lib/gcc/riscv32-unknown-elf/15.2.0/libgcc.a(div.o)
 .debug_info    0x00000ab8       0xf2 /opt/riscv-newlib/lib/gcc/riscv32-unknown-elf/15.2.0/libgcc.a(_clz.o)
 .debug_info    0x00000baa      0x168 /opt/riscv-newlib/lib/gcc/riscv32-unknown-elf/15.2.0/libgcc.a(_clzsi2.o)
 .debug_info    0x00000d12      0xa8f /opt/riscv-newlib/lib/gcc/riscv32-unknown-elf/15.2.0/libgcc.a(_umoddi3.o)
 .debug_info    0x000017a1      0x582 /opt/riscv-newlib/lib/gcc/riscv32-unknown-elf/15.2.0/libgcc.a(adddf3.o)
 .debug_info    0x00001d23      0x901 /opt/riscv-newlib/lib/gcc/riscv32-unknown-elf/15.2.0/libgcc.a(divdf3.o)
 .debug_info    0x00002624      0x248 /opt/riscv-newlib/lib/gcc/riscv32-unknown-elf/15.2.0/libgcc.a(eqdf2.o)
 .debug_info    0x0000286c      0x25a /opt/riscv-newlib/lib/gcc/riscv32-unknown-elf/15.2.0/libgcc.a(gedf2.o)
 .debug_info    0x00002ac6      0x25a /opt/riscv-newlib/lib/gcc/riscv32-unknown-elf/15.2.0/libgcc.a(ledf2.o)
 .debug_info    0x00002d20      0x9eb /opt/riscv-newlib/lib/gcc/riscv32-unknown-elf/15.2.0/libgcc.a(muldf3.o)
 .debug_info    0x0000370b      0x582 /opt/riscv-newlib/lib/gcc/riscv32-unknown-elf/15.2.0/libgcc.a(subdf3.o)
 .debug_info    0x00003c8d      0x1de /opt/riscv-newlib/lib/gcc/riscv32-unknown-elf/15.2.0/libgcc.a(fixdfsi.o)
 .debug_info    0x00003e6b      0x289 /opt/riscv-newlib/lib/gcc/riscv32-unknown-elf/15.2.0/libgcc.a(floatsidf.o)
 .debug_info    0x000040f4      0x244 /opt/riscv-newlib/lib/gcc/riscv32-unknown-elf/15.2.0/libgcc.a(eqtf2.o)
 .debug_info    0x00004338      0x24a /opt/riscv-newlib/lib/gcc/riscv32-unknown-elf/15.2.0/libgcc.a(getf2.o)
 .debug_info    0x00004582      0x24a /opt/riscv-newlib/lib/gcc/riscv32-unknown-elf/15.2.0/libgcc.a(letf2.o)
 .debug_info    0x000047cc     0x1c48 /opt/riscv-newlib/lib/gcc/riscv32-unknown-elf/15.2.0/libgcc.a(multf3.o)
 .debug_info    0x00006414      0xe7b /opt/riscv-newlib/lib/gcc/riscv32-unknown-elf/15.2.0/libgcc.a(subtf3.o)
 .debug_info    0x0000728f      0x235 /opt/riscv-newlib/lib/gcc/riscv32-unknown-elf/15.2.0/libgcc.a(unordtf2.o)
 .debug_info    0x000074c4      0x27d /opt/riscv-newlib/lib/gcc/riscv32-unknown-elf/15.2.0/libgcc.a(fixtfsi.o)
 .debug_info    0x00007741      0x366 /opt/riscv-newlib/lib/gcc/riscv32-unknown-elf/15.2.0/libgcc.a(floatsitf.o)
 .debug_info    0x00007aa7      0x3e9 /opt/riscv-newlib/lib/gcc/riscv32-unknown-elf/15.2.0/libgcc.a(extenddftf2.o)

.debug_abbrev   0x00000000     0x2124
 .debug_abbrev  0x00000000      0x1db /opt/riscv-newlib/lib/gcc/riscv32-unknown-elf/15.2.0/libgcc.a(_udivdi3.o)
 .debug_abbrev  0x000001db       0x28 /opt/riscv-newlib/lib/gcc/riscv32-unknown-elf/15.2.0/libgcc.a(muldi3.o)
 .debug_abbrev  0x00000203       0x28 /opt/riscv-newlib/lib/gcc/riscv32-unknown-elf/15.2.0/libgcc.a(div.o)
 .debug_abbrev  0x0000022b       0x76 /opt/riscv-newlib/lib/gcc/riscv32-unknown-elf/15.2.0/libgcc.a(_clz.o)
 .debug_abbrev  0x000002a1       0xd9 /opt/riscv-newlib/lib/gcc/riscv32-unknown-elf/15.2.0/libgcc.a(_clzsi2.o)
 .debug_abbrev  0x0000037a      0x1e6 /opt/riscv-newlib/lib/gcc/riscv32-unknown-elf/15.2.0/libgcc.a(_umoddi3.o)
 .debug_abbrev  0x00000560      0x195 /opt/riscv-newlib/lib/gcc/riscv32-unknown-elf/15.2.0/libgcc.a(adddf3.o)
 .debug_abbrev  0x000006f5      0x19f /opt/riscv-newlib/lib/gcc/riscv32-unknown-elf/15.2.0/libgcc.a(divdf3.o)
 .debug_abbrev  0x00000894      0x170 /opt/riscv-newlib/lib/gcc/riscv32-unknown-elf/15.2.0/libgcc.a(eqdf2.o)
 .debug_abbrev  0x00000a04      0x174 /opt/riscv-newlib/lib/gcc/riscv32-unknown-elf/15.2.0/libgcc.a(gedf2.o)
 .debug_abbrev  0x00000b78      0x174 /opt/riscv-newlib/lib/gcc/riscv32-unknown-elf/15.2.0/libgcc.a(ledf2.o)
 .debug_abbrev  0x00000cec      0x1b1 /opt/riscv-newlib/lib/gcc/riscv32-unknown-elf/15.2.0/libgcc.a(muldf3.o)
 .debug_abbrev  0x00000e9d      0x195 /opt/riscv-newlib/lib/gcc/riscv32-unknown-elf/15.2.0/libgcc.a(subdf3.o)
 .debug_abbrev  0x00001032      0x15e /opt/riscv-newlib/lib/gcc/riscv32-unknown-elf/15.2.0/libgcc.a(fixdfsi.o)
 .debug_abbrev  0x00001190      0x173 /opt/riscv-newlib/lib/gcc/riscv32-unknown-elf/15.2.0/libgcc.a(floatsidf.o)
 .debug_abbrev  0x00001303      0x169 /opt/riscv-newlib/lib/gcc/riscv32-unknown-elf/15.2.0/libgcc.a(eqtf2.o)
 .debug_abbrev  0x0000146c      0x182 /opt/riscv-newlib/lib/gcc/riscv32-unknown-elf/15.2.0/libgcc.a(getf2.o)
 .debug_abbrev  0x000015ee      0x182 /opt/riscv-newlib/lib/gcc/riscv32-unknown-elf/15.2.0/libgcc.a(letf2.o)
 .debug_abbrev  0x00001770      0x1ac /opt/riscv-newlib/lib/gcc/riscv32-unknown-elf/15.2.0/libgcc.a(multf3.o)
 .debug_abbrev  0x0000191c      0x1d2 /opt/riscv-newlib/lib/gcc/riscv32-unknown-elf/15.2.0/libgcc.a(subtf3.o)
 .debug_abbrev  0x00001aee      0x157 /opt/riscv-newlib/lib/gcc/riscv32-unknown-elf/15.2.0/libgcc.a(unordtf2.o)
 .debug_abbrev  0x00001c45      0x18b /opt/riscv-newlib/lib/gcc/riscv32-unknown-elf/15.2.0/libgcc.a(fixtfsi.o)
 .debug_abbrev  0x00001dd0      0x1ae /opt/riscv-newlib/lib/gcc/riscv32-unknown-elf/15.2.0/libgcc.a(floatsitf.o)
 .debug_abbrev  0x00001f7e      0x1a6 /opt/riscv-newlib/lib/gcc/riscv32-unknown-elf/15.2.0/libgcc.a(extenddftf2.o)

.debug_loclists
                0x00000000     0xad81
 .debug_loclists
                0x00000000      0xde3 /opt/riscv-newlib/lib/gcc/riscv32-unknown-elf/15.2.0/libgcc.a(_udivdi3.o)
 .debug_loclists
                0x00000de3       0x52 /opt/riscv-newlib/lib/gcc/riscv32-unknown-elf/15.2.0/libgcc.a(_clzsi2.o)
 .debug_loclists
                0x00000e35      0x99a /opt/riscv-newlib/lib/gcc/riscv32-unknown-elf/15.2.0/libgcc.a(_umoddi3.o)
 .debug_loclists
                0x000017cf      0xf5f /opt/riscv-newlib/lib/gcc/riscv32-unknown-elf/15.2.0/libgcc.a(adddf3.o)
 .debug_loclists
                0x0000272e      0xf58 /opt/riscv-newlib/lib/gcc/riscv32-unknown-elf/15.2.0/libgcc.a(divdf3.o)
 .debug_loclists
                0x00003686       0x99 /opt/riscv-newlib/lib/gcc/riscv32-unknown-elf/15.2.0/libgcc.a(eqdf2.o)
 .debug_loclists
                0x0000371f       0xfa /opt/riscv-newlib/lib/gcc/riscv32-unknown-elf/15.2.0/libgcc.a(gedf2.o)
 .debug_loclists
                0x00003819       0xfa /opt/riscv-newlib/lib/gcc/riscv32-unknown-elf/15.2.0/libgcc.a(ledf2.o)
 .debug_loclists
                0x00003913      0xb94 /opt/riscv-newlib/lib/gcc/riscv32-unknown-elf/15.2.0/libgcc.a(muldf3.o)
 .debug_loclists
                0x000044a7      0xf74 /opt/riscv-newlib/lib/gcc/riscv32-unknown-elf/15.2.0/libgcc.a(subdf3.o)
 .debug_loclists
                0x0000541b       0xe5 /opt/riscv-newlib/lib/gcc/riscv32-unknown-elf/15.2.0/libgcc.a(fixdfsi.o)
 .debug_loclists
                0x00005500       0xee /opt/riscv-newlib/lib/gcc/riscv32-unknown-elf/15.2.0/libgcc.a(floatsidf.o)
 .debug_loclists
                0x000055ee       0xe2 /opt/riscv-newlib/lib/gcc/riscv32-unknown-elf/15.2.0/libgcc.a(eqtf2.o)
 .debug_loclists
                0x000056d0       0xc4 /opt/riscv-newlib/lib/gcc/riscv32-unknown-elf/15.2.0/libgcc.a(getf2.o)
 .debug_loclists
                0x00005794       0xc4 /opt/riscv-newlib/lib/gcc/riscv32-unknown-elf/15.2.0/libgcc.a(letf2.o)
 .debug_loclists
                0x00005858     0x211b /opt/riscv-newlib/lib/gcc/riscv32-unknown-elf/15.2.0/libgcc.a(multf3.o)
 .debug_loclists
                0x00007973     0x2d80 /opt/riscv-newlib/lib/gcc/riscv32-unknown-elf/15.2.0/libgcc.a(subtf3.o)
 .debug_loclists
                0x0000a6f3       0x76 /opt/riscv-newlib/lib/gcc/riscv32-unknown-elf/15.2.0/libgcc.a(unordtf2.o)
 .debug_loclists
                0x0000a769      0x155 /opt/riscv-newlib/lib/gcc/riscv32-unknown-elf/15.2.0/libgcc.a(fixtfsi.o)
 .debug_loclists
                0x0000a8be      0x182 /opt/riscv-newlib/lib/gcc/riscv32-unknown-elf/15.2.0/libgcc.a(floatsitf.o)
 .debug_loclists
                0x0000aa40      0x341 /opt/riscv-newlib/lib/gcc/riscv32-unknown-elf/15.2.0/libgcc.a(extenddftf2.o)

.debug_aranges  0x00000000      0x2f8
 .debug_aranges
                0x00000000       0x20 /opt/riscv-newlib/lib/gcc/riscv32-unknown-elf/15.2.0/libgcc.a(_udivdi3.o)
 .debug_aranges
                0x00000020       0x20 /opt/riscv-newlib/lib/gcc/riscv32-unknown-elf/15.2.0/libgcc.a(muldi3.o)
 .debug_aranges
                0x00000040       0x20 /opt/riscv-newlib/lib/gcc/riscv32-unknown-elf/15.2.0/libgcc.a(div.o)
 .debug_aranges
                0x00000060       0x18 /opt/riscv-newlib/lib/gcc/riscv32-unknown-elf/15.2.0/libgcc.a(_clz.o)
 .debug_aranges
                0x00000078       0x20 /opt/riscv-newlib/lib/gcc/riscv32-unknown-elf/15.2.0/libgcc.a(_clzsi2.o)
 .debug_aranges
                0x00000098       0x20 /opt/riscv-newlib/lib/gcc/riscv32-unknown-elf/15.2.0/libgcc.a(_umoddi3.o)
 .debug_aranges
                0x000000b8       0x20 /opt/riscv-newlib/lib/gcc/riscv32-unknown-elf/15.2.0/libgcc.a(adddf3.o)
 .debug_aranges
                0x000000d8       0x20 /opt/riscv-newlib/lib/gcc/riscv32-unknown-elf/15.2.0/libgcc.a(divdf3.o)
 .debug_aranges
                0x000000f8       0x20 /opt/riscv-newlib/lib/gcc/riscv32-unknown-elf/15.2.0/libgcc.a(eqdf2.o)
 .debug_aranges
                0x00000118       0x20 /opt/riscv-newlib/lib/gcc/riscv32-unknown-elf/15.2.0/libgcc.a(gedf2.o)
 .debug_aranges
                0x00000138       0x20 /opt/riscv-newlib/lib/gcc/riscv32-unknown-elf/15.2.0/libgcc.a(ledf2.o)
 .debug_aranges
                0x00000158       0x20 /opt/riscv-newlib/lib/gcc/riscv32-unknown-elf/15.2.0/libgcc.a(muldf3.o)
 .debug_aranges
                0x00000178       0x20 /opt/riscv-newlib/lib/gcc/riscv32-unknown-elf/15.2.0/libgcc.a(subdf3.o)
 .debug_aranges
                0x00000198       0x20 /opt/riscv-newlib/lib/gcc/riscv32-unknown-elf/15.2.0/libgcc.a(fixdfsi.o)
 .debug_aranges
                0x000001b8       0x20 /opt/riscv-newlib/lib/gcc/riscv32-unknown-elf/15.2.0/libgcc.a(floatsidf.o)
 .debug_aranges
                0x000001d8       0x20 /opt/riscv-newlib/lib/gcc/riscv32-unknown-elf/15.2.0/libgcc.a(eqtf2.o)
 .debug_aranges
                0x000001f8       0x20 /opt/riscv-newlib/lib/gcc/riscv32-unknown-elf/15.2.0/libgcc.a(getf2.o)
 .debug_aranges
                0x00000218       0x20 /opt/riscv-newlib/lib/gcc/riscv32-unknown-elf/15.2.0/libgcc.a(letf2.o)
 .debug_aranges
                0x00000238       0x20 /opt/riscv-newlib/lib/gcc/riscv32-unknown-elf/15.2.0/libgcc.a(multf3.o)
 .debug_aranges
                0x00000258       0x20 /opt/riscv-newlib/lib/gcc/riscv32-unknown-elf/15.2.0/libgcc.a(subtf3.o)
 .debug_aranges
                0x00000278       0x20 /opt/riscv-newlib/lib/gcc/riscv32-unknown-elf/15.2.0/libgcc.a(unordtf2.o)
 .debug_aranges
                0x00000298       0x20 /opt/riscv-newlib/lib/gcc/riscv32-unknown-elf/15.2.0/libgcc.a(fixtfsi.o)
 .debug_aranges
                0x000002b8       0x20 /opt/riscv-newlib/lib/gcc/riscv32-unknown-elf/15.2.0/libgcc.a(floatsitf.o)
 .debug_aranges
                0x000002d8       0x20 /opt/riscv-newlib/lib/gcc/riscv32-unknown-elf/15.2.0/libgcc.a(extenddftf2.o)

.debug_rnglists
                0x00000000      0xecd
 .debug_rnglists
                0x00000000       0xd0 /opt/riscv-newlib/lib/gcc/riscv32-unknown-elf/15.2.0/libgcc.a(_udivdi3.o)
 .debug_rnglists
                0x000000d0       0x16 /opt/riscv-newlib/lib/gcc/riscv32-unknown-elf/15.2.0/libgcc.a(_clzsi2.o)
 .debug_rnglists
                0x000000e6       0x98 /opt/riscv-newlib/lib/gcc/riscv32-unknown-elf/15.2.0/libgcc.a(_umoddi3.o)
 .debug_rnglists
                0x0000017e       0xe5 /opt/riscv-newlib/lib/gcc/riscv32-unknown-elf/15.2.0/libgcc.a(adddf3.o)
 .debug_rnglists
                0x00000263      0x124 /opt/riscv-newlib/lib/gcc/riscv32-unknown-elf/15.2.0/libgcc.a(divdf3.o)
 .debug_rnglists
                0x00000387       0x20 /opt/riscv-newlib/lib/gcc/riscv32-unknown-elf/15.2.0/libgcc.a(eqdf2.o)
 .debug_rnglists
                0x000003a7       0x26 /opt/riscv-newlib/lib/gcc/riscv32-unknown-elf/15.2.0/libgcc.a(gedf2.o)
 .debug_rnglists
                0x000003cd       0x26 /opt/riscv-newlib/lib/gcc/riscv32-unknown-elf/15.2.0/libgcc.a(ledf2.o)
 .debug_rnglists
                0x000003f3      0x145 /opt/riscv-newlib/lib/gcc/riscv32-unknown-elf/15.2.0/libgcc.a(muldf3.o)
 .debug_rnglists
                0x00000538       0xeb /opt/riscv-newlib/lib/gcc/riscv32-unknown-elf/15.2.0/libgcc.a(subdf3.o)
 .debug_rnglists
                0x00000623       0x13 /opt/riscv-newlib/lib/gcc/riscv32-unknown-elf/15.2.0/libgcc.a(fixdfsi.o)
 .debug_rnglists
                0x00000636       0x2e /opt/riscv-newlib/lib/gcc/riscv32-unknown-elf/15.2.0/libgcc.a(floatsidf.o)
 .debug_rnglists
                0x00000664       0x29 /opt/riscv-newlib/lib/gcc/riscv32-unknown-elf/15.2.0/libgcc.a(eqtf2.o)
 .debug_rnglists
                0x0000068d       0x3c /opt/riscv-newlib/lib/gcc/riscv32-unknown-elf/15.2.0/libgcc.a(getf2.o)
 .debug_rnglists
                0x000006c9       0x3c /opt/riscv-newlib/lib/gcc/riscv32-unknown-elf/15.2.0/libgcc.a(letf2.o)
 .debug_rnglists
                0x00000705      0x543 /opt/riscv-newlib/lib/gcc/riscv32-unknown-elf/15.2.0/libgcc.a(multf3.o)
 .debug_rnglists
                0x00000c48      0x1bd /opt/riscv-newlib/lib/gcc/riscv32-unknown-elf/15.2.0/libgcc.a(subtf3.o)
 .debug_rnglists
                0x00000e05       0x29 /opt/riscv-newlib/lib/gcc/riscv32-unknown-elf/15.2.0/libgcc.a(unordtf2.o)
 .debug_rnglists
                0x00000e2e       0x32 /opt/riscv-newlib/lib/gcc/riscv32-unknown-elf/15.2.0/libgcc.a(fixtfsi.o)
 .debug_rnglists
                0x00000e60       0x37 /opt/riscv-newlib/lib/gcc/riscv32-unknown-elf/15.2.0/libgcc.a(floatsitf.o)
 .debug_rnglists
                0x00000e97       0x36 /opt/riscv-newlib/lib/gcc/riscv32-unknown-elf/15.2.0/libgcc.a(extenddftf2.o)

.debug_line     0x00000000    0x10840
 .debug_line    0x00000000      0xcc3 /opt/riscv-newlib/lib/gcc/riscv32-unknown-elf/15.2.0/libgcc.a(_udivdi3.o)
 .debug_line    0x00000cc3       0x7a /opt/riscv-newlib/lib/gcc/riscv32-unknown-elf/15.2.0/libgcc.a(muldi3.o)
 .debug_line    0x00000d3d      0x153 /opt/riscv-newlib/lib/gcc/riscv32-unknown-elf/15.2.0/libgcc.a(div.o)
 .debug_line    0x00000e90       0x49 /opt/riscv-newlib/lib/gcc/riscv32-unknown-elf/15.2.0/libgcc.a(_clz.o)
 .debug_line    0x00000ed9       0xef /opt/riscv-newlib/lib/gcc/riscv32-unknown-elf/15.2.0/libgcc.a(_clzsi2.o)
 .debug_line    0x00000fc8      0xbdf /opt/riscv-newlib/lib/gcc/riscv32-unknown-elf/15.2.0/libgcc.a(_umoddi3.o)
 .debug_line    0x00001ba7     0x16ba /opt/riscv-newlib/lib/gcc/riscv32-unknown-elf/15.2.0/libgcc.a(adddf3.o)
 .debug_line    0x00003261     0x16b5 /opt/riscv-newlib/lib/gcc/riscv32-unknown-elf/15.2.0/libgcc.a(divdf3.o)
 .debug_line    0x00004916      0x257 /opt/riscv-newlib/lib/gcc/riscv32-unknown-elf/15.2.0/libgcc.a(eqdf2.o)
 .debug_line    0x00004b6d      0x361 /opt/riscv-newlib/lib/gcc/riscv32-unknown-elf/15.2.0/libgcc.a(gedf2.o)
 .debug_line    0x00004ece      0x361 /opt/riscv-newlib/lib/gcc/riscv32-unknown-elf/15.2.0/libgcc.a(ledf2.o)
 .debug_line    0x0000522f     0x15bf /opt/riscv-newlib/lib/gcc/riscv32-unknown-elf/15.2.0/libgcc.a(muldf3.o)
 .debug_line    0x000067ee     0x16fd /opt/riscv-newlib/lib/gcc/riscv32-unknown-elf/15.2.0/libgcc.a(subdf3.o)
 .debug_line    0x00007eeb      0x239 /opt/riscv-newlib/lib/gcc/riscv32-unknown-elf/15.2.0/libgcc.a(fixdfsi.o)
 .debug_line    0x00008124      0x251 /opt/riscv-newlib/lib/gcc/riscv32-unknown-elf/15.2.0/libgcc.a(floatsidf.o)
 .debug_line    0x00008375      0x2d7 /opt/riscv-newlib/lib/gcc/riscv32-unknown-elf/15.2.0/libgcc.a(eqtf2.o)
 .debug_line    0x0000864c      0x3db /opt/riscv-newlib/lib/gcc/riscv32-unknown-elf/15.2.0/libgcc.a(getf2.o)
 .debug_line    0x00008a27      0x3db /opt/riscv-newlib/lib/gcc/riscv32-unknown-elf/15.2.0/libgcc.a(letf2.o)
 .debug_line    0x00008e02     0x3bcd /opt/riscv-newlib/lib/gcc/riscv32-unknown-elf/15.2.0/libgcc.a(multf3.o)
 .debug_line    0x0000c9cf     0x2fe9 /opt/riscv-newlib/lib/gcc/riscv32-unknown-elf/15.2.0/libgcc.a(subtf3.o)
 .debug_line    0x0000f9b8      0x1fd /opt/riscv-newlib/lib/gcc/riscv32-unknown-elf/15.2.0/libgcc.a(unordtf2.o)
 .debug_line    0x0000fbb5      0x347 /opt/riscv-newlib/lib/gcc/riscv32-unknown-elf/15.2.0/libgcc.a(fixtfsi.o)
 .debug_line    0x0000fefc      0x38d /opt/riscv-newlib/lib/gcc/riscv32-unknown-elf/15.2.0/libgcc.a(floatsitf.o)
 .debug_line    0x00010289      0x5b7 /opt/riscv-newlib/lib/gcc/riscv32-unknown-elf/15.2.0/libgcc.a(extenddftf2.o)

.debug_str      0x00000000      0xc10
 .debug_str     0x00000000      0xc10 /opt/riscv-newlib/lib/gcc/riscv32-unknown-elf/15.2.0/libgcc.a(_udivdi3.o)
                                0x28c (size before relaxing)
 .debug_str     0x00000c10        0x0 /opt/riscv-newlib/lib/gcc/riscv32-unknown-elf/15.2.0/libgcc.a(muldi3.o)
                                 0xa4 (size before relaxing)
 .debug_str     0x00000c10        0x0 /opt/riscv-newlib/lib/gcc/riscv32-unknown-elf/15.2.0/libgcc.a(div.o)
                                 0xd1 (size before relaxing)
 .debug_str     0x00000c10        0x0 /opt/riscv-newlib/lib/gcc/riscv32-unknown-elf/15.2.0/libgcc.a(_clz.o)
                                0x1b0 (size before relaxing)
 .debug_str     0x00000c10        0x0 /opt/riscv-newlib/lib/gcc/riscv32-unknown-elf/15.2.0/libgcc.a(_clzsi2.o)
                                0x1cd (size before relaxing)
 .debug_str     0x00000c10        0x0 /opt/riscv-newlib/lib/gcc/riscv32-unknown-elf/15.2.0/libgcc.a(_umoddi3.o)
                                0x28c (size before relaxing)
 .debug_str     0x00000c10        0x0 /opt/riscv-newlib/lib/gcc/riscv32-unknown-elf/15.2.0/libgcc.a(adddf3.o)
                                0x29d (size before relaxing)
 .debug_str     0x00000c10        0x0 /opt/riscv-newlib/lib/gcc/riscv32-unknown-elf/15.2.0/libgcc.a(divdf3.o)
                                0x388 (size before relaxing)
 .debug_str     0x00000c10        0x0 /opt/riscv-newlib/lib/gcc/riscv32-unknown-elf/15.2.0/libgcc.a(eqdf2.o)
                                0x1af (size before relaxing)
 .debug_str     0x00000c10        0x0 /opt/riscv-newlib/lib/gcc/riscv32-unknown-elf/15.2.0/libgcc.a(gedf2.o)
                                0x1d3 (size before relaxing)
 .debug_str     0x00000c10        0x0 /opt/riscv-newlib/lib/gcc/riscv32-unknown-elf/15.2.0/libgcc.a(ledf2.o)
                                0x1d3 (size before relaxing)
 .debug_str     0x00000c10        0x0 /opt/riscv-newlib/lib/gcc/riscv32-unknown-elf/15.2.0/libgcc.a(muldf3.o)
                                0x3c3 (size before relaxing)
 .debug_str     0x00000c10        0x0 /opt/riscv-newlib/lib/gcc/riscv32-unknown-elf/15.2.0/libgcc.a(subdf3.o)
                                0x29d (size before relaxing)
 .debug_str     0x00000c10        0x0 /opt/riscv-newlib/lib/gcc/riscv32-unknown-elf/15.2.0/libgcc.a(fixdfsi.o)
                                0x1aa (size before relaxing)
 .debug_str     0x00000c10        0x0 /opt/riscv-newlib/lib/gcc/riscv32-unknown-elf/15.2.0/libgcc.a(floatsidf.o)
                                0x247 (size before relaxing)
 .debug_str     0x00000c10        0x0 /opt/riscv-newlib/lib/gcc/riscv32-unknown-elf/15.2.0/libgcc.a(eqtf2.o)
                                0x1ac (size before relaxing)
 .debug_str     0x00000c10        0x0 /opt/riscv-newlib/lib/gcc/riscv32-unknown-elf/15.2.0/libgcc.a(getf2.o)
                                0x1d0 (size before relaxing)
 .debug_str     0x00000c10        0x0 /opt/riscv-newlib/lib/gcc/riscv32-unknown-elf/15.2.0/libgcc.a(letf2.o)