Archive member included to satisfy reference by file (symbol)

/opt/riscv-newlib/lib/gcc/riscv32-unknown-elf/15.2.0/libgcc.a(_clzsi2.o)
                              build/objs/tasks.o (__clzsi2)
/opt/riscv-newlib/lib/gcc/riscv32-unknown-elf/15.2.0/libgcc.a(_udivdi3.o)
                              build/objs/driver_st7789_interface.o (__udivdi3)
/opt/riscv-newlib/lib/gcc/riscv32-unknown-elf/15.2.0/libgcc.a(addsf3.o)
                              build/objs/driver_st7789.o (__addsf3)
/opt/riscv-newlib/lib/gcc/riscv32-unknown-elf/15.2.0/libgcc.a(divsf3.o)
                              build/objs/driver_st7789.o (__divsf3)
/opt/riscv-newlib/lib/gcc/riscv32-unknown-elf/15.2.0/libgcc.a(mulsf3.o)
                              build/objs/driver_st7789.o (__mulsf3)
/opt/riscv-newlib/lib/gcc/riscv32-unknown-elf/15.2.0/libgcc.a(subsf3.o)
                              build/objs/driver_st7789.o (__subsf3)
/opt/riscv-newlib/lib/gcc/riscv32-unknown-elf/15.2.0/libgcc.a(fixunssfsi.o)
                              build/objs/driver_st7789.o (__fixunssfsi)
/opt/riscv-newlib/lib/gcc/riscv32-unknown-elf/15.2.0/libgcc.a(floatunsisf.o)
                              build/objs/driver_st7789.o (__floatunsisf)
/opt/riscv-newlib/lib/gcc/riscv32-unknown-elf/15.2.0/libgcc.a(muldi3.o)
                              build/objs/driver_st7789.o (__mulsi3)
/opt/riscv-newlib/lib/gcc/riscv32-unknown-elf/15.2.0/libgcc.a(div.o)
                              build/objs/app_main.o (__divsi3)
/opt/riscv-newlib/lib/gcc/riscv32-unknown-elf/15.2.0/libgcc.a(_clz.o)
                              /opt/riscv-newlib/lib/gcc/riscv32-unknown-elf/15.2.0/libgcc.a(_clzsi2.o) (__clz_tab)
/opt/riscv-newlib/lib/gcc/riscv32-unknown-elf/15.2.0/../../../../riscv32-unknown-elf/lib/libc.a(libc_a-vprintf.o)
                              build/objs/driver_st7789_interface.o (vprintf)
/opt/riscv-newlib/lib/gcc/riscv32-unknown-elf/15.2.0/../../../../riscv32-unknown-elf/lib/libc.a(libc_a-strncpy.o)
                              build/objs/driver_st7789.o (strncpy)
/opt/riscv-newlib/lib/gcc/riscv32-unknown-elf/15.2.0/../../../../riscv32-unknown-elf/lib/libc.a(libc_a-impure.o)
                              /opt/riscv-newlib/lib/gcc/riscv32-unknown-elf/15.2.0/../../../../riscv32-unknown-elf/lib/libc.a(libc_a-vprintf.o) (_impure_ptr)
/opt/riscv-newlib/lib/gcc/riscv32-unknown-elf/15.2.0/../../../../riscv32-unknown-elf/lib/libc.a(libc_a-errno.o)
                              build/objs/freertos_syscalls.o (__errno)
/opt/riscv-newlib/lib/gcc/riscv32-unknown-elf/15.2.0/../../../../riscv32-unknown-elf/lib/libc.a(libc_a-memset.o)
                              build/objs/app_main.o (memset)
/opt/riscv-newlib/lib/gcc/riscv32-unknown-elf/15.2.0/../../../../riscv32-unknown-elf/lib/libc.a(libc_a-memcpy.o)
                              build/objs/queue.o (memcpy)
/opt/riscv-newlib/lib/gcc/riscv32-unknown-elf/15.2.0/../../../../riscv32-unknown-elf/lib/libc.a(libc_a-strlen.o)
                              build/objs/tasks.o (strlen)
/opt/riscv-newlib/lib/gcc/riscv32-unknown-elf/15.2.0/../../../../riscv32-unknown-elf/lib/libc.a(libc_a-vfprintf.o)
                              /opt/riscv-newlib/lib/gcc/riscv32-unknown-elf/15.2.0/../../../../riscv32-unknown-elf/lib/libc.a(libc_a-vprintf.o) (_vfprintf_r)
/opt/riscv-newlib/lib/gcc/riscv32-unknown-elf/15.2.0/../../../../riscv32-unknown-elf/lib/libc.a(libc_a-sprint_r.o)
                              /opt/riscv-newlib/lib/gcc/riscv32-unknown-elf/15.2.0/../../../../riscv32-unknown-elf/lib/libc.a(libc_a-vfprintf.o) (__sprint_r)
/opt/riscv-newlib/lib/gcc/riscv32-unknown-elf/15.2.0/../../../../riscv32-unknown-elf/lib/libc.a(libc_a-fflush.o)
                              /opt/riscv-newlib/lib/gcc/riscv32-unknown-elf/15.2.0/../../../../riscv32-unknown-elf/lib/libc.a(libc_a-vfprintf.o) (_fflush_r)
/opt/riscv-newlib/lib/gcc/riscv32-unknown-elf/15.2.0/../../../../riscv32-unknown-elf/lib/libc.a(libc_a-findfp.o)
                              /opt/riscv-newlib/lib/gcc/riscv32-unknown-elf/15.2.0/../../../../riscv32-unknown-elf/lib/libc.a(libc_a-fflush.o) (__sglue)
/opt/riscv-newlib/lib/gcc/riscv32-unknown-elf/15.2.0/../../../../riscv32-unknown-elf/lib/libc.a(libc_a-fvwrite.o)
                              /opt/riscv-newlib/lib/gcc/riscv32-unknown-elf/15.2.0/../../../../riscv32-unknown-elf/lib/libc.a(libc_a-sprint_r.o) (__sfvwrite_r)
/opt/riscv-newlib/lib/gcc/riscv32-unknown-elf/15.2.0/../../../../riscv32-unknown-elf/lib/libc.a(libc_a-fwalk.o)
                              /opt/riscv-newlib/lib/gcc/riscv32-unknown-elf/15.2.0/../../../../riscv32-unknown-elf/lib/libc.a(libc_a-fflush.o) (_fwalk_sglue)
/opt/riscv-newlib/lib/gcc/riscv32-unknown-elf/15.2.0/../../../../riscv32-unknown-elf/lib/libc.a(libc_a-stdio.o)
                              /opt/riscv-newlib/lib/gcc/riscv32-unknown-elf/15.2.0/../../../../riscv32-unknown-elf/lib/libc.a(libc_a-findfp.o) (__sread)
[...]
Memory Configuration

Name             Origin             Length             Attributes
rom              0x00000000         0x01000000         xr
ram              0x01000000         0x00800000         rw
*default*        0x00000000         0xffffffff

Linker script and memory map

LOAD build/objs/app_main.o
LOAD build/objs/logo.o
LOAD build/objs/ui.o
LOAD build/objs/driver_st7789_interface.o
LOAD build/objs/driver_st7789.o
LOAD build/objs/driver_st7789_basic.o
LOAD build/objs/gpio_driver.o
LOAD build/objs/spi_driver.o
LOAD build/objs/tasks.o
LOAD build/objs/list.o
LOAD build/objs/queue.o
LOAD build/objs/timers.o
LOAD build/objs/event_groups.o
LOAD build/objs/stream_buffer.o
LOAD build/objs/heap_4.o
LOAD build/objs/port.o
LOAD build/objs/printf-stdarg.o
LOAD build/objs/freertos_main.o
LOAD build/objs/freertos_syscalls.o
LOAD build/objs/portASM.o
LOAD build/objs/start.o
                0x00000800                        __stack_size = 0x800
START GROUP
END GROUP
LOAD /opt/riscv-newlib/lib/gcc/riscv32-unknown-elf/15.2.0/libgcc.a
START GROUP
LOAD /opt/riscv-newlib/lib/gcc/riscv32-unknown-elf/15.2.0/../../../../riscv32-unknown-elf/lib/libc.a
LOAD /opt/riscv-newlib/lib/gcc/riscv32-unknown-elf/15.2.0/../../../../riscv32-unknown-elf/lib/libgloss.a
END GROUP
LOAD /opt/riscv-newlib/lib/gcc/riscv32-unknown-elf/15.2.0/libgcc.a

.init           0x00000000       0x76
                0x00000000                        _text = .
 *(SORT_NONE(.init))
 .init          0x00000000       0x76 build/objs/start.o
                0x00000000                _start

.text           0x00000100     0xf770
 *(.text.unlikely .text.unlikely.*)
 *(.text.startup .text.startup.*)
 .text.startup.main
                0x00000100        0xc build/objs/freertos_main.o
                0x00000100                main
 *(.text .text.*)
 .text.displayTask
                0x0000010c      0x2f4 build/objs/app_main.o
 .text.vApplicationStart
                0x00000400       0x3a build/objs/app_main.o
                0x00000400                vApplicationStart
 .text.st7789_interface_spi_init
                0x0000043a       0x20 build/objs/driver_st7789_interface.o
                0x0000043a                st7789_interface_spi_init
 .text.st7789_interface_spi_deinit
                0x0000045a        0x4 build/objs/driver_st7789_interface.o
                0x0000045a                st7789_interface_spi_deinit
 .text.st7789_interface_spi_write_cmd
                0x0000045e       0x9c build/objs/driver_st7789_interface.o
                0x0000045e                st7789_interface_spi_write_cmd
 .text.st7789_interface_delay_ms
                0x000004fa       0x50 build/objs/driver_st7789_interface.o
                0x000004fa                st7789_interface_delay_ms
 .text.st7789_interface_debug_print
                0x0000054a       0x24 build/objs/driver_st7789_interface.o
                0x0000054a                st7789_interface_debug_print
 .text.st7789_interface_cmd_data_gpio_init
                0x0000056e       0x14 build/objs/driver_st7789_interface.o
                0x0000056e                st7789_interface_cmd_data_gpio_init
 .text.st7789_interface_cmd_data_gpio_deinit
                0x00000582        0x4 build/objs/driver_st7789_interface.o
                0x00000582                st7789_interface_cmd_data_gpio_deinit
 .text.st7789_interface_cmd_data_gpio_write
                0x00000586       0x16 build/objs/driver_st7789_interface.o
                0x00000586                st7789_interface_cmd_data_gpio_write
 .text.st7789_interface_reset_gpio_init
                0x0000059c       0x1a build/objs/driver_st7789_interface.o
                0x0000059c                st7789_interface_reset_gpio_init
 .text.st7789_interface_reset_gpio_deinit
                0x000005b6        0x4 build/objs/driver_st7789_interface.o
                0x000005b6                st7789_interface_reset_gpio_deinit
 .text.st7789_interface_reset_gpio_write
                0x000005ba       0x16 build/objs/driver_st7789_interface.o
                0x000005ba                st7789_interface_reset_gpio_write
 .text.a_st7789_draw_point
                0x000005d0      0x184 build/objs/driver_st7789.o
 .text.st7789_sleep_out
                0x00000754       0x74 build/objs/driver_st7789.o
                0x00000754                st7789_sleep_out
 .text.st7789_normal_display_mode_on
                0x000007c8       0x6c build/objs/driver_st7789.o
                0x000007c8                st7789_normal_display_mode_on
 .text.st7789_display_inversion_on
                0x00000834       0x6e build/objs/driver_st7789.o
                0x00000834                st7789_display_inversion_on
 .text.st7789_set_gamma
                0x000008a2       0xaa build/objs/driver_st7789.o
                0x000008a2                st7789_set_gamma
 .text.st7789_display_on
                0x0000094c       0x6e build/objs/driver_st7789.o
                0x0000094c                st7789_display_on
 .text.st7789_set_memory_data_access_control
                0x000009ba       0xa6 build/objs/driver_st7789.o
                0x000009ba                st7789_set_memory_data_access_control
 .text.st7789_idle_mode_off
                0x00000a60       0x6e build/objs/driver_st7789.o
                0x00000a60                st7789_idle_mode_off
 .text.st7789_set_interface_pixel_format
                0x00000ace       0xbc build/objs/driver_st7789.o
                0x00000ace                st7789_set_interface_pixel_format
 .text.st7789_init
                0x00000b8a      0x144 build/objs/driver_st7789.o
                0x00000b8a                st7789_init
 .text.st7789_set_column
                0x00000cce       0x3e build/objs/driver_st7789.o
                0x00000cce                st7789_set_column
 .text.st7789_set_row
                0x00000d0c       0x3e build/objs/driver_st7789.o
                0x00000d0c                st7789_set_row
 .text.st7789_clear
                0x00000d4a      0x2be build/objs/driver_st7789.o
                0x00000d4a                st7789_clear
 .text.st7789_fill_rect
                0x00001008      0x496 build/objs/driver_st7789.o
                0x00001008                st7789_fill_rect
 .text.st7789_draw_picture_16bits
                0x0000149e      0x278 build/objs/driver_st7789.o
                0x0000149e                st7789_draw_picture_16bits
 .text.st7789_draw_point
                0x00001716       0x54 build/objs/driver_st7789.o
                0x00001716                st7789_draw_point
 .text.gpio_set_direction
                0x0000176a       0x34 build/objs/gpio_driver.o
                0x0000176a                gpio_set_direction
 .text.gpio_set_pin
                0x0000179e       0x1e build/objs/gpio_driver.o
                0x0000179e                gpio_set_pin
 .text.gpio_clear_pin
                0x000017bc       0x22 build/objs/gpio_driver.o
                0x000017bc                gpio_clear_pin
 .text.gpio_write_pin
                0x000017de       0x2c build/objs/gpio_driver.o
                0x000017de                gpio_write_pin
 .text.spi_init
                0x0000180a       0x12 build/objs/spi_driver.o
                0x0000180a                spi_init
 .text.spi_transfer_byte
                0x0000181c       0x22 build/objs/spi_driver.o
                0x0000181c                spi_transfer_byte
 .text.spi_transmit_fast
                0x0000183e       0x72 build/objs/spi_driver.o
                0x0000183e                spi_transmit_fast
 .text.prvAddNewTaskToReadyList
                0x000018b0      0x172 build/objs/tasks.o
 .text.prvInitialiseNewTask.constprop.0
                0x00001a22      0x132 build/objs/tasks.o
 .text.prvCheckTasksWaitingTermination
                0x00001b54       0xc6 build/objs/tasks.o
 .text.prvIdleTask
                0x00001c1a        0x8 build/objs/tasks.o
 .text.xTaskCreateStatic
                0x00001c22       0xd2 build/objs/tasks.o
                0x00001c22                xTaskCreateStatic
 .text.xTaskCreate
                0x00001cf4       0x80 build/objs/tasks.o
                0x00001cf4                xTaskCreate
 .text.vTaskDelete
                0x00001d74      0x19e build/objs/tasks.o
                0x00001d74                vTaskDelete
 .text.vTaskStartScheduler
                0x00001f12       0x86 build/objs/tasks.o
                0x00001f12                vTaskStartScheduler
 .text.vTaskSuspendAll
                0x00001f98        0xc build/objs/tasks.o
                0x00001f98                vTaskSuspendAll
 .text.xTaskGetTickCount
                0x00001fa4        0x6 build/objs/tasks.o
                0x00001fa4                xTaskGetTickCount
 .text.uxTaskGetNumberOfTasks
                0x00001faa        0x6 build/objs/tasks.o
                0x00001faa                uxTaskGetNumberOfTasks
 .text.xTaskIncrementTick
                0x00001fb0      0x1be build/objs/tasks.o
                0x00001fb0                xTaskIncrementTick
 .text.xTaskResumeAll
                0x0000216e      0x17a build/objs/tasks.o
                0x0000216e                xTaskResumeAll
 .text.vTaskDelay
                0x000022e8       0xca build/objs/tasks.o
                0x000022e8                vTaskDelay
 .text.vTaskSwitchContext
                0x000023b2       0x88 build/objs/tasks.o
                0x000023b2                vTaskSwitchContext
 .text.vTaskPlaceOnEventList
                0x0000243a      0x112 build/objs/tasks.o
                0x0000243a                vTaskPlaceOnEventList
 .text.vTaskPlaceOnEventListRestricted
                0x0000254c      0x14c build/objs/tasks.o
                0x0000254c                vTaskPlaceOnEventListRestricted
 .text.xTaskRemoveFromEventList
                0x00002698       0xe8 build/objs/tasks.o
                0x00002698                xTaskRemoveFromEventList
 .text.vTaskInternalSetTimeOutState
                0x00002780        0xe build/objs/tasks.o
                0x00002780                vTaskInternalSetTimeOutState
 .text.xTaskCheckForTimeOut
                0x0000278e       0xba build/objs/tasks.o
                0x0000278e                xTaskCheckForTimeOut
 .text.vTaskMissedYield
                0x00002848        0x8 build/objs/tasks.o
                0x00002848                vTaskMissedYield
 .text.xTaskGetSchedulerState
                0x00002850       0x14 build/objs/tasks.o
                0x00002850                xTaskGetSchedulerState
 .text.xTaskPriorityDisinherit
                0x00002864       0xe4 build/objs/tasks.o
                0x00002864                xTaskPriorityDisinherit
 .text.vListInitialise
                0x00002948       0x14 build/objs/list.o
                0x00002948                vListInitialise
 .text.vListInitialiseItem
                0x0000295c        0x6 build/objs/list.o
                0x0000295c                vListInitialiseItem
 .text.vListInsertEnd
                0x00002962       0x16 build/objs/list.o
                0x00002962                vListInsertEnd
 .text.vListInsert
                0x00002978       0x2e build/objs/list.o
                0x00002978                vListInsert
 .text.uxListRemove
                0x000029a6       0x2e build/objs/list.o
                0x000029a6                uxListRemove
 .text.prvUnlockQueue
                0x000029d4      0x1fe build/objs/queue.o
 .text.xQueueGenericReset
                0x00002bd2      0x138 build/objs/queue.o
                0x00002bd2                xQueueGenericReset
 .text.xQueueGenericCreateStatic
                0x00002d0a       0x9e build/objs/queue.o
                0x00002d0a                xQueueGenericCreateStatic
 .text.xQueueReceive
                0x00002da8      0x1ca build/objs/queue.o
                0x00002da8                xQueueReceive
 .text.vQueueAddToRegistry
                0x00002f72      0x30e build/objs/queue.o
                0x00002f72                vQueueAddToRegistry
 .text.vQueueWaitForMessageRestricted
                0x00003280       0x5e build/objs/queue.o
                0x00003280                vQueueWaitForMessageRestricted
 .text.prvTimerTask
                0x000032de      0x366 build/objs/timers.o
 .text.xTimerCreateTimerTask
                0x00003644       0xec build/objs/timers.o
                0x00003644                xTimerCreateTimerTask
 .text.pvPortMalloc
                0x00003730      0x25c build/objs/heap_4.o
                0x00003730                pvPortMalloc
 .text.vPortFree
                0x0000398c      0x152 build/objs/heap_4.o
                0x0000398c                vPortFree
 .text.vPortSetupTimerInterrupt
                0x00003ade       0x70 build/objs/port.o
                0x00003ade                vPortSetupTimerInterrupt
 .text.xPortStartScheduler
                0x00003b4e       0x32 build/objs/port.o
                0x00003b4e                xPortStartScheduler
 .text.putchar  0x00003b80       0x1a build/objs/printf-stdarg.o
                0x00003b80                putchar
 .text.printi.constprop.0
                0x00003b9a      0x21e build/objs/printf-stdarg.o
 .text.tiny_print.constprop.0
                0x00003db8      0x376 build/objs/printf-stdarg.o
 .text.printf   0x0000412e       0x24 build/objs/printf-stdarg.o
                0x0000412e                printf
 .text.vApplicationMallocFailedHook
                0x00004152       0x14 build/objs/freertos_main.o
                0x00004152                vApplicationMallocFailedHook
 .text.vApplicationTickHook
                0x00004166        0x2 build/objs/freertos_main.o
                0x00004166                vApplicationTickHook
 .text.vAssertCalled
                0x00004168       0x48 build/objs/freertos_main.o
                0x00004168                vAssertCalled
 .text.vApplicationGetIdleTaskMemory
                0x000041b0       0x1c build/objs/freertos_main.o
                0x000041b0                vApplicationGetIdleTaskMemory
 .text.vApplicationGetTimerTaskMemory
                0x000041cc       0x1c build/objs/freertos_main.o
                0x000041cc                vApplicationGetTimerTaskMemory
 .text.__wrap__close
                0x000041e8        0x4 build/objs/freertos_syscalls.o
                0x000041e8                __wrap__close
 .text.__wrap__lseek
                0x000041ec       0x14 build/objs/freertos_syscalls.o
                0x000041ec                __wrap__lseek
 .text.__wrap__read
                0x00004200       0x38 build/objs/freertos_syscalls.o
                0x00004200                __wrap__read
 .text.__wrap__write
                0x00004238       0x2c build/objs/freertos_syscalls.o
                0x00004238                __wrap__write
 .text.__wrap__fstat
                0x00004264        0x8 build/objs/freertos_syscalls.o
                0x00004264                __wrap__fstat
 .text.__wrap__isatty
                0x0000426c        0x4 build/objs/freertos_syscalls.o
                0x0000426c                __wrap__isatty
 .text.__wrap__getpid
                0x00004270        0x4 build/objs/freertos_syscalls.o
                0x00004270                __wrap__getpid
 .text.__wrap__kill
                0x00004274       0x14 build/objs/freertos_syscalls.o
                0x00004274                __wrap__kill
 .text.__wrap__sbrk
                0x00004288       0x56 build/objs/freertos_syscalls.o
                0x00004288                __wrap__sbrk
 .text          0x000042de       0xba build/objs/portASM.o
                0x000042de                pxPortInitialiseStack
                0x00004322                xPortStartFirstTask
                0x0000437c                freertos_risc_v_application_exception_handler
                0x0000438a                freertos_risc_v_application_interrupt_handler
 *fill*         0x00004398       0x68 
 .text.freertos_risc_v_trap_handler
                0x00004400      0x1d6 build/objs/portASM.o
                0x00004400                freertos_risc_v_trap_handler
 .text          0x000045d6       0x3c /opt/riscv-newlib/lib/gcc/riscv32-unknown-elf/15.2.0/libgcc.a(_clzsi2.o)
                0x000045d6                __clzsi2
 .text          0x00004612      0x3da /opt/riscv-newlib/lib/gcc/riscv32-unknown-elf/15.2.0/libgcc.a(_udivdi3.o)
                0x00004612                __udivdi3
 *fill*         0x000049ec        0x0 
 .text          0x000049ec       0x14 /opt/riscv-newlib/lib/gcc/riscv32-unknown-elf/15.2.0/libgcc.a(muldi3.o)
                0x000049ec                __mulsi3
 .text          0x00004a00       0x7e /opt/riscv-newlib/lib/gcc/riscv32-unknown-elf/15.2.0/libgcc.a(div.o)
                0x00004a00                __divsi3
                0x00004a08                __hidden___udivsi3
                0x00004a08                __udivsi3
                0x00004a34                __umodsi3
                0x00004a58                __modsi3
 .text.vprintf  0x00004a7e        0xe /opt/riscv-newlib/lib/gcc/riscv32-unknown-elf/15.2.0/../../../../riscv32-unknown-elf/lib/libc.a(libc_a-vprintf.o)
                0x00004a7e                vprintf
 .text.strncpy  0x00004a8c       0x78 /opt/riscv-newlib/lib/gcc/riscv32-unknown-elf/15.2.0/../../../../riscv32-unknown-elf/lib/libc.a(libc_a-strncpy.o)
                0x00004a8c                strncpy
 .text.__errno  0x00004b04        0x6 /opt/riscv-newlib/lib/gcc/riscv32-unknown-elf/15.2.0/../../../../riscv32-unknown-elf/lib/libc.a(libc_a-errno.o)
                0x00004b04                __errno
 .text          0x00004b0a       0xa8 /opt/riscv-newlib/lib/gcc/riscv32-unknown-elf/15.2.0/../../../../riscv32-unknown-elf/lib/libc.a(libc_a-memset.o)
                0x00004b0a                memset
 .text.memcpy   0x00004bb2       0xe8 /opt/riscv-newlib/lib/gcc/riscv32-unknown-elf/15.2.0/../../../../riscv32-unknown-elf/lib/libc.a(libc_a-memcpy.o)
                0x00004bb2                memcpy
 .text.strlen   0x00004c9a       0x64 /opt/riscv-newlib/lib/gcc/riscv32-unknown-elf/15.2.0/../../../../riscv32-unknown-elf/lib/libc.a(libc_a-strlen.o)
                0x00004c9a                strlen
 .text._vfprintf_r
                0x00004cfe     0x2064 /opt/riscv-newlib/lib/gcc/riscv32-unknown-elf/15.2.0/../../../../riscv32-unknown-elf/lib/libc.a(libc_a-vfprintf.o)
                0x00004cfe                _vfprintf_r
 .text.__sbprintf
                0x00006d62       0x90 /opt/riscv-newlib/lib/gcc/riscv32-unknown-elf/15.2.0/../../../../riscv32-unknown-elf/lib/libc.a(libc_a-vfprintf.o)
 .text.__sprint_r
                0x00006df2       0x24 /opt/riscv-newlib/lib/gcc/riscv32-unknown-elf/15.2.0/../../../../riscv32-unknown-elf/lib/libc.a(libc_a-sprint_r.o)
                0x00006df2                __sprint_r
 .text.__sflush_r
                0x00006e16      0x19a /opt/riscv-newlib/lib/gcc/riscv32-unknown-elf/15.2.0/../../../../riscv32-unknown-elf/lib/libc.a(libc_a-fflush.o)
                0x00006e16                __sflush_r
 .text._fflush_r
                0x00006fb0       0x3e /opt/riscv-newlib/lib/gcc/riscv32-unknown-elf/15.2.0/../../../../riscv32-unknown-elf/lib/libc.a(libc_a-fflush.o)
                0x00006fb0                _fflush_r
 .text.stdio_exit_handler
                0x00006fee       0x18 /opt/riscv-newlib/lib/gcc/riscv32-unknown-elf/15.2.0/../../../../riscv32-unknown-elf/lib/libc.a(libc_a-findfp.o)
 .text.cleanup_stdio
                0x00007006       0x50 /opt/riscv-newlib/lib/gcc/riscv32-unknown-elf/15.2.0/../../../../riscv32-unknown-elf/lib/libc.a(libc_a-findfp.o)
 .text.global_stdio_init.part.0
                0x00007056      0x128 /opt/riscv-newlib/lib/gcc/riscv32-unknown-elf/15.2.0/../../../../riscv32-unknown-elf/lib/libc.a(libc_a-findfp.o)
 .text.__sinit  0x0000717e       0x18 /opt/riscv-newlib/lib/gcc/riscv32-unknown-elf/15.2.0/../../../../riscv32-unknown-elf/lib/libc.a(libc_a-findfp.o)
                0x0000717e                __sinit
 .text.__sfp_lock_acquire
                0x00007196        0x2 /opt/riscv-newlib/lib/gcc/riscv32-unknown-elf/15.2.0/../../../../riscv32-unknown-elf/lib/libc.a(libc_a-findfp.o)
                0x00007196                __sfp_lock_acquire
 .text.__sfp_lock_release
                0x00007198        0x2 /opt/riscv-newlib/lib/gcc/riscv32-unknown-elf/15.2.0/../../../../riscv32-unknown-elf/lib/libc.a(libc_a-findfp.o)
                0x00007198                __sfp_lock_release
 .text.__sfvwrite_r
                0x0000719a      0x336 /opt/riscv-newlib/lib/gcc/riscv32-unknown-elf/15.2.0/../../../../riscv32-unknown-elf/lib/libc.a(libc_a-fvwrite.o)
                0x0000719a                __sfvwrite_r
 .text._fwalk_sglue
                0x000074d0       0x72 /opt/riscv-newlib/lib/gcc/riscv32-unknown-elf/15.2.0/../../../../riscv32-unknown-elf/lib/libc.a(libc_a-fwalk.o)
                0x000074d0                _fwalk_sglue
 .text.__sread  0x00007542       0x36 /opt/riscv-newlib/lib/gcc/riscv32-unknown-elf/15.2.0/../../../../riscv32-unknown-elf/lib/libc.a(libc_a-stdio.o)
                0x00007542                __sread
 .text.__swrite
                0x00007578       0x50 /opt/riscv-newlib/lib/gcc/riscv32-unknown-elf/15.2.0/../../../../riscv32-unknown-elf/lib/libc.a(libc_a-stdio.o)
                0x00007578                __swrite
 .text.__sseek  0x000075c8       0x40 /opt/riscv-newlib/lib/gcc/riscv32-unknown-elf/15.2.0/../../../../riscv32-unknown-elf/lib/libc.a(libc_a-stdio.o)
                0x000075c8                __sseek
 .text.__sclose
                0x00007608        0x6 /opt/riscv-newlib/lib/gcc/riscv32-unknown-elf/15.2.0/../../../../riscv32-unknown-elf/lib/libc.a(libc_a-stdio.o)
                0x00007608                __sclose
 .text.__swsetup_r
                0x0000760e       0xee /opt/riscv-newlib/lib/gcc/riscv32-unknown-elf/15.2.0/../../../../riscv32-unknown-elf/lib/libc.a(libc_a-wsetup.o)
                0x0000760e                __swsetup_r
 .text.memchr   0x000076fc       0x7a /opt/riscv-newlib/lib/gcc/riscv32-unknown-elf/15.2.0/../../../../riscv32-unknown-elf/lib/libc.a(libc_a-memchr.o)
                0x000076fc                memchr
 .text._localeconv_r
                0x00007776        0xa /opt/riscv-newlib/lib/gcc/riscv32-unknown-elf/15.2.0/../../../../riscv32-unknown-elf/lib/libc.a(libc_a-localeconv.o)
                0x00007776                _localeconv_r
 .text._close_r
                0x00007780       0x36 /opt/riscv-newlib/lib/gcc/riscv32-unknown-elf/15.2.0/../../../../riscv32-unknown-elf/lib/libc.a(libc_a-closer.o)
                0x00007780                _close_r
 .text._lseek_r
                0x000077b6       0x3c /opt/riscv-newlib/lib/gcc/riscv32-unknown-elf/15.2.0/../../../../riscv32-unknown-elf/lib/libc.a(libc_a-lseekr.o)
                0x000077b6                _lseek_r
 .text._read_r  0x000077f2       0x3c /opt/riscv-newlib/lib/gcc/riscv32-unknown-elf/15.2.0/../../../../riscv32-unknown-elf/lib/libc.a(libc_a-readr.o)
                0x000077f2                _read_r
 .text._write_r
                0x0000782e       0x3c /opt/riscv-newlib/lib/gcc/riscv32-unknown-elf/15.2.0/../../../../riscv32-unknown-elf/lib/libc.a(libc_a-writer.o)
                0x0000782e                _write_r
 .text.memmove  0x0000786a       0xda /opt/riscv-newlib/lib/gcc/riscv32-unknown-elf/15.2.0/../../../../riscv32-unknown-elf/lib/libc.a(libc_a-memmove-stub.o)
                0x0000786a                memmove
 .text.frexpl   0x00007944       0xde /opt/riscv-newlib/lib/gcc/riscv32-unknown-elf/15.2.0/../../../../riscv32-unknown-elf/lib/libc.a(libm_a-frexpl.o)
                0x00007944                frexpl
 .text._malloc_trim_r
                0x00007a22       0xd0 /opt/riscv-newlib/lib/gcc/riscv32-unknown-elf/15.2.0/../../../../riscv32-unknown-elf/lib/libc.a(libc_a-freer.o)
                0x00007a22                _malloc_trim_r
 .text._free_r  0x00007af2      0x228 /opt/riscv-newlib/lib/gcc/riscv32-unknown-elf/15.2.0/../../../../riscv32-unknown-elf/lib/libc.a(libc_a-freer.o)
                0x00007af2                _free_r
 .text._ldtoa_r
                0x00007d1a      0x192 /opt/riscv-newlib/lib/gcc/riscv32-unknown-elf/15.2.0/../../../../riscv32-unknown-elf/lib/libc.a(libc_a-gdtoa-ldtoa.o)
                0x00007d1a                _ldtoa_r
 .text._ldcheck
                0x00007eac       0x90 /opt/riscv-newlib/lib/gcc/riscv32-unknown-elf/15.2.0/../../../../riscv32-unknown-elf/lib/libc.a(libc_a-gdtoa-ldtoa.o)
                0x00007eac                _ldcheck
 .text.__gdtoa  0x00007f3c     0x126e /opt/riscv-newlib/lib/gcc/riscv32-unknown-elf/15.2.0/../../../../riscv32-unknown-elf/lib/libc.a(libc_a-gdtoa-gdtoa.o)
                0x00007f3c                __gdtoa
 .text.__rv_alloc_D2A.part.0
                0x000091aa       0x1a /opt/riscv-newlib/lib/gcc/riscv32-unknown-elf/15.2.0/../../../../riscv32-unknown-elf/lib/libc.a(libc_a-gdtoa-dmisc.o)
 .text.__rv_alloc_D2A
                0x000091c4       0x42 /opt/riscv-newlib/lib/gcc/riscv32-unknown-elf/15.2.0/../../../../riscv32-unknown-elf/lib/libc.a(libc_a-gdtoa-dmisc.o)
                0x000091c4                __rv_alloc_D2A
 .text.__nrv_alloc_D2A
                0x00009206       0x70 /opt/riscv-newlib/lib/gcc/riscv32-unknown-elf/15.2.0/../../../../riscv32-unknown-elf/lib/libc.a(libc_a-gdtoa-dmisc.o)
                0x00009206                __nrv_alloc_D2A
 .text.__freedtoa
                0x00009276       0x10 /opt/riscv-newlib/lib/gcc/riscv32-unknown-elf/15.2.0/../../../../riscv32-unknown-elf/lib/libc.a(libc_a-gdtoa-dmisc.o)
                0x00009276                __freedtoa
 .text.__quorem_D2A
                0x00009286      0x19e /opt/riscv-newlib/lib/gcc/riscv32-unknown-elf/15.2.0/../../../../riscv32-unknown-elf/lib/libc.a(libc_a-gdtoa-dmisc.o)
                0x00009286                __quorem_D2A
 .text.__rshift_D2A
                0x00009424       0xa4 /opt/riscv-newlib/lib/gcc/riscv32-unknown-elf/15.2.0/../../../../riscv32-unknown-elf/lib/libc.a(libc_a-gdtoa-gmisc.o)
                0x00009424                __rshift_D2A
 .text.__trailz_D2A
                0x000094c8       0x40 /opt/riscv-newlib/lib/gcc/riscv32-unknown-elf/15.2.0/../../../../riscv32-unknown-elf/lib/libc.a(libc_a-gdtoa-gmisc.o)
                0x000094c8                __trailz_D2A
 .text._malloc_r
                0x00009508      0x618 /opt/riscv-newlib/lib/gcc/riscv32-unknown-elf/15.2.0/../../../../riscv32-unknown-elf/lib/libc.a(libc_a-mallocr.o)
                0x00009508                _malloc_r
 .text.__malloc_lock
                0x00009b20        0x2 /opt/riscv-newlib/lib/gcc/riscv32-unknown-elf/15.2.0/../../../../riscv32-unknown-elf/lib/libc.a(libc_a-mlock.o)
                0x00009b20                __malloc_lock
 .text.__malloc_unlock
                0x00009b22        0x2 /opt/riscv-newlib/lib/gcc/riscv32-unknown-elf/15.2.0/../../../../riscv32-unknown-elf/lib/libc.a(libc_a-mlock.o)
                0x00009b22                __malloc_unlock
 .text._Balloc  0x00009b24       0x66 /opt/riscv-newlib/lib/gcc/riscv32-unknown-elf/15.2.0/../../../../riscv32-unknown-elf/lib/libc.a(libc_a-mprec.o)
                0x00009b24                _Balloc
 .text._Bfree   0x00009b8a       0x12 /opt/riscv-newlib/lib/gcc/riscv32-unknown-elf/15.2.0/../../../../riscv32-unknown-elf/lib/libc.a(libc_a-mprec.o)
                0x00009b8a                _Bfree
 .text.__multadd
                0x00009b9c       0xf2 /opt/riscv-newlib/lib/gcc/riscv32-unknown-elf/15.2.0/../../../../riscv32-unknown-elf/lib/libc.a(libc_a-mprec.o)
                0x00009b9c                __multadd
 .text.__hi0bits
                0x00009c8e       0x68 /opt/riscv-newlib/lib/gcc/riscv32-unknown-elf/15.2.0/../../../../riscv32-unknown-elf/lib/libc.a(libc_a-mprec.o)
                0x00009c8e                __hi0bits
 .text.__lo0bits
                0x00009cf6       0xa8 /opt/riscv-newlib/lib/gcc/riscv32-unknown-elf/15.2.0/../../../../riscv32-unknown-elf/lib/libc.a(libc_a-mprec.o)
                0x00009cf6                __lo0bits
 .text.__i2b    0x00009d9e       0x7a /opt/riscv-newlib/lib/gcc/riscv32-unknown-elf/15.2.0/../../../../riscv32-unknown-elf/lib/libc.a(libc_a-mprec.o)
                0x00009d9e                __i2b
 .text.__multiply
                0x00009e18      0x1f8 /opt/riscv-newlib/lib/gcc/riscv32-unknown-elf/15.2.0/../../../../riscv32-unknown-elf/lib/libc.a(libc_a-mprec.o)
                0x00009e18                __multiply
 .text.__pow5mult
                0x0000a010       0xe4 /opt/riscv-newlib/lib/gcc/riscv32-unknown-elf/15.2.0/../../../../riscv32-unknown-elf/lib/libc.a(libc_a-mprec.o)
                0x0000a010                __pow5mult
 .text.__lshift
                0x0000a0f4      0x106 /opt/riscv-newlib/lib/gcc/riscv32-unknown-elf/15.2.0/../../../../riscv32-unknown-elf/lib/libc.a(libc_a-mprec.o)
                0x0000a0f4                __lshift
 .text.__mcmp   0x0000a1fa       0x3a /opt/riscv-newlib/lib/gcc/riscv32-unknown-elf/15.2.0/../../../../riscv32-unknown-elf/lib/libc.a(libc_a-mprec.o)
                0x0000a1fa                __mcmp
 .text.__mdiff  0x0000a234      0x18e /opt/riscv-newlib/lib/gcc/riscv32-unknown-elf/15.2.0/../../../../riscv32-unknown-elf/lib/libc.a(libc_a-mprec.o)
                0x0000a234                __mdiff
 .text.__b2d    0x0000a3c2       0xd0 /opt/riscv-newlib/lib/gcc/riscv32-unknown-elf/15.2.0/../../../../riscv32-unknown-elf/lib/libc.a(libc_a-mprec.o)
                0x0000a3c2                __b2d
 .text._realloc_r
                0x0000a492      0x454 /opt/riscv-newlib/lib/gcc/riscv32-unknown-elf/15.2.0/../../../../riscv32-unknown-elf/lib/libc.a(libc_a-reallocr.o)
                0x0000a492                _realloc_r
 .text._fclose_r
                0x0000a8e6       0xa8 /opt/riscv-newlib/lib/gcc/riscv32-unknown-elf/15.2.0/../../../../riscv32-unknown-elf/lib/libc.a(libc_a-fclose.o)
                0x0000a8e6                _fclose_r
 .text.__smakebuf_r
                0x0000a98e       0xfe /opt/riscv-newlib/lib/gcc/riscv32-unknown-elf/15.2.0/../../../../riscv32-unknown-elf/lib/libc.a(libc_a-makebuf.o)
                0x0000a98e                __smakebuf_r
 .text._fstat_r
                0x0000aa8c       0x3a /opt/riscv-newlib/lib/gcc/riscv32-unknown-elf/15.2.0/../../../../riscv32-unknown-elf/lib/libc.a(libc_a-fstatr.o)
                0x0000aa8c                _fstat_r
 .text._isatty_r
                0x0000aac6       0x36 /opt/riscv-newlib/lib/gcc/riscv32-unknown-elf/15.2.0/../../../../riscv32-unknown-elf/lib/libc.a(libc_a-isattyr.o)
                0x0000aac6                _isatty_r
 .text._sbrk_r  0x0000aafc       0x36 /opt/riscv-newlib/lib/gcc/riscv32-unknown-elf/15.2.0/../../../../riscv32-unknown-elf/lib/libc.a(libc_a-sbrkr.o)
                0x0000aafc                _sbrk_r
 .text.__assert_func
                0x0000ab32       0x34 /opt/riscv-newlib/lib/gcc/riscv32-unknown-elf/15.2.0/../../../../riscv32-unknown-elf/lib/libc.a(libc_a-assert.o)
                0x0000ab32                __assert_func
 .text._calloc_r
                0x0000ab66      0x11e /opt/riscv-newlib/lib/gcc/riscv32-unknown-elf/15.2.0/../../../../riscv32-unknown-elf/lib/libc.a(libc_a-callocr.o)
                0x0000ab66                _calloc_r
 .text.__ascii_mbtowc
                0x0000ac84       0x40 /opt/riscv-newlib/lib/gcc/riscv32-unknown-elf/15.2.0/../../../../riscv32-unknown-elf/lib/libc.a(libc_a-mbtowc_r.o)
                0x0000ac84                __ascii_mbtowc
 .text.__ascii_wctomb
                0x0000acc4       0x20 /opt/riscv-newlib/lib/gcc/riscv32-unknown-elf/15.2.0/../../../../riscv32-unknown-elf/lib/libc.a(libc_a-wctomb_r.o)
                0x0000acc4                __ascii_wctomb
 .text.fiprintf
                0x0000ace4       0x2c /opt/riscv-newlib/lib/gcc/riscv32-unknown-elf/15.2.0/../../../../riscv32-unknown-elf/lib/libc.a(libc_a-fiprintf.o)
                0x0000ace4                fiprintf
 .text._vfiprintf_r
                0x0000ad10      0xd1e /opt/riscv-newlib/lib/gcc/riscv32-unknown-elf/15.2.0/../../../../riscv32-unknown-elf/lib/libc.a(libc_a-vfiprintf.o)
                0x0000ad10                _vfiprintf_r
 .text.__sbprintf
                0x0000ba2e       0x92 /opt/riscv-newlib/lib/gcc/riscv32-unknown-elf/15.2.0/../../../../riscv32-unknown-elf/lib/libc.a(libc_a-vfiprintf.o)
 .text.abort    0x0000bac0        0xc /opt/riscv-newlib/lib/gcc/riscv32-unknown-elf/15.2.0/../../../../riscv32-unknown-elf/lib/libc.a(libc_a-abort.o)
                0x0000bac0                abort
 .text.raise    0x0000bacc       0x66 /opt/riscv-newlib/lib/gcc/riscv32-unknown-elf/15.2.0/../../../../riscv32-unknown-elf/lib/libc.a(libc_a-signal.o)
                0x0000bacc                raise
 .text._kill_r  0x0000bb32       0x3a /opt/riscv-newlib/lib/gcc/riscv32-unknown-elf/15.2.0/../../../../riscv32-unknown-elf/lib/libc.a(libc_a-signalr.o)
                0x0000bb32                _kill_r
 .text._getpid_r
                0x0000bb6c        0x4 /opt/riscv-newlib/lib/gcc/riscv32-unknown-elf/15.2.0/../../../../riscv32-unknown-elf/lib/libc.a(libc_a-signalr.o)
                0x0000bb6c                _getpid_r
 .text._exit    0x0000bb70       0x22 /opt/riscv-newlib/lib/gcc/riscv32-unknown-elf/15.2.0/../../../../riscv32-unknown-elf/lib/libgloss.a(riscv_libgloss_a-sys_exit.o)
                0x0000bb70                _exit
 .text          0x0000bb92      0x438 /opt/riscv-newlib/lib/gcc/riscv32-unknown-elf/15.2.0/libgcc.a(_umoddi3.o)
                0x0000bb92                __umoddi3
 .text          0x0000bfca      0x58e /opt/riscv-newlib/lib/gcc/riscv32-unknown-elf/15.2.0/libgcc.a(adddf3.o)
                0x0000bfca                __adddf3
 .text          0x0000c558      0x5aa /opt/riscv-newlib/lib/gcc/riscv32-unknown-elf/15.2.0/libgcc.a(divdf3.o)
                0x0000c558                __divdf3
 .text          0x0000cb02       0x66 /opt/riscv-newlib/lib/gcc/riscv32-unknown-elf/15.2.0/libgcc.a(eqdf2.o)
                0x0000cb02                __eqdf2
                0x0000cb02                __nedf2
 .text          0x0000cb68       0xb6 /opt/riscv-newlib/lib/gcc/riscv32-unknown-elf/15.2.0/libgcc.a(gedf2.o)
                0x0000cb68                __gtdf2
                0x0000cb68                __gedf2
 .text          0x0000cc1e       0xb6 /opt/riscv-newlib/lib/gcc/riscv32-unknown-elf/15.2.0/libgcc.a(ledf2.o)
                0x0000cc1e                __ltdf2
                0x0000cc1e                __ledf2
 .text          0x0000ccd4      0x4ac /opt/riscv-newlib/lib/gcc/riscv32-unknown-elf/15.2.0/libgcc.a(muldf3.o)
                0x0000ccd4                __muldf3
 .text          0x0000d180      0x5ba /opt/riscv-newlib/lib/gcc/riscv32-unknown-elf/15.2.0/libgcc.a(subdf3.o)
                0x0000d180                __subdf3
 .text          0x0000d73a       0x62 /opt/riscv-newlib/lib/gcc/riscv32-unknown-elf/15.2.0/libgcc.a(fixdfsi.o)
                0x0000d73a                __fixdfsi
 .text          0x0000d79c       0x64 /opt/riscv-newlib/lib/gcc/riscv32-unknown-elf/15.2.0/libgcc.a(floatsidf.o)
                0x0000d79c                __floatsidf
 .text          0x0000d800       0xc2 /opt/riscv-newlib/lib/gcc/riscv32-unknown-elf/15.2.0/libgcc.a(eqtf2.o)
                0x0000d800                __eqtf2
                0x0000d800                __netf2
 .text          0x0000d8c2       0xf2 /opt/riscv-newlib/lib/gcc/riscv32-unknown-elf/15.2.0/libgcc.a(getf2.o)
                0x0000d8c2                __getf2
                0x0000d8c2                __gttf2
 .text          0x0000d9b4       0xf2 /opt/riscv-newlib/lib/gcc/riscv32-unknown-elf/15.2.0/libgcc.a(letf2.o)
                0x0000d9b4                __letf2
                0x0000d9b4                __lttf2
 .text          0x0000daa6      0xd3a /opt/riscv-newlib/lib/gcc/riscv32-unknown-elf/15.2.0/libgcc.a(multf3.o)
                0x0000daa6                __multf3
 .text          0x0000e7e0      0xd74 /opt/riscv-newlib/lib/gcc/riscv32-unknown-elf/15.2.0/libgcc.a(subtf3.o)
                0x0000e7e0                __subtf3
 .text          0x0000f554       0x62 /opt/riscv-newlib/lib/gcc/riscv32-unknown-elf/15.2.0/libgcc.a(unordtf2.o)
                0x0000f554                __unordtf2
 .text          0x0000f5b6       0x98 /opt/riscv-newlib/lib/gcc/riscv32-unknown-elf/15.2.0/libgcc.a(fixtfsi.o)
                0x0000f5b6                __fixtfsi
 .text          0x0000f64e       0xca /opt/riscv-newlib/lib/gcc/riscv32-unknown-elf/15.2.0/libgcc.a(floatsitf.o)
                0x0000f64e                __floatsitf
 .text          0x0000f718      0x158 /opt/riscv-newlib/lib/gcc/riscv32-unknown-elf/15.2.0/libgcc.a(extenddftf2.o)
                0x0000f718                __extenddftf2
 *(.gnu.linkonce.t.*)

.fini           0x0000f870        0x0
 *(SORT_NONE(.fini))
                0x0000f870                        _etext = .

.rodata.align   0x0000f870        0x0
                0x0000f870                        _rodata = .

.rodata.start   0x0000f870        0x0
                0x0000f870                        _rodata_lma = LOADADDR (.rodata.start)

.rodata         0x0000f870    0x3c7e4
 *(.rdata)
 *(.rodata .rodata.*)
 .rodata.displayTask.str1.4
                0x0000f870      0x5f7 build/objs/app_main.o
                                 0x26 (size before relaxing)
 .rodata.vApplicationStart.str1.4
                0x0000fe67        0x0 build/objs/app_main.o
                                 0x4b (size before relaxing)
 *fill*         0x0000fe67        0x1 
 .rodata.logo_map
                0x0000fe68    0x16300 build/objs/logo.o
                0x0000fe68                logo_map
 .rodata.ui_map
                0x00026168    0x25800 build/objs/ui.o
                0x00026168                ui_map
 .rodata.a_st7789_draw_point.str1.4
                0x0004b968        0x0 build/objs/driver_st7789.o
                                 0x58 (size before relaxing)
 .rodata.st7789_init.str1.4
                0x0004b968        0x0 build/objs/driver_st7789.o
                                0x1e2 (size before relaxing)
 .rodata.st7789_set_column.str1.4
                0x0004b968        0x0 build/objs/driver_st7789.o
                                 0x17 (size before relaxing)
 .rodata.st7789_set_row.str1.4
                0x0004b968        0x0 build/objs/driver_st7789.o
                                 0x14 (size before relaxing)
 .rodata.st7789_fill_rect.str1.4
                0x0004b968        0x0 build/objs/driver_st7789.o
                                 0xac (size before relaxing)
 .rodata.st7789_draw_point.str1.4
                0x0004b968        0x0 build/objs/driver_st7789.o
                                 0x35 (size before relaxing)
 .rodata.prvInitialiseNewTask.constprop.0.str1.4
                0x0004b968        0x0 build/objs/tasks.o
                                 0x1e (size before relaxing)
 .rodata.prvNotifyQueueSetContainer.str1.4
                0x0004b968        0x0 build/objs/queue.o
                                 0x1e (size before relaxing)
 .rodata.prvCheckForValidListAndQueue.str1.4
                0x0004b968        0x0 build/objs/timers.o
                                  0x5 (size before relaxing)
 .rodata.prvTimerTask.str1.4
                0x0004b968        0x0 build/objs/timers.o
                                 0x1f (size before relaxing)
 .rodata.prvTimerTask
                0x0004b968       0x28 build/objs/timers.o
 .rodata.xTimerCreateTimerTask.str1.4
                0x0004b990        0x0 build/objs/timers.o
                                  0x8 (size before relaxing)
 .rodata.pvPortMalloc.str1.4
                0x0004b990        0x0 build/objs/heap_4.o
                                 0x30 (size before relaxing)
 .rodata.tiny_print.str1.4
                0x0004b990        0x0 build/objs/printf-stdarg.o
                                  0x7 (size before relaxing)
 .rodata.tiny_print.constprop.0
                0x0004b990       0x84 build/objs/printf-stdarg.o
 .rodata.vApplicationMallocFailedHook.str1.4
                0x0004ba14        0x0 build/objs/freertos_main.o
                                 0x14 (size before relaxing)
 .rodata.vAssertCalled.str1.4
                0x0004ba14        0x0 build/objs/freertos_main.o
                                 0x1b (size before relaxing)
 .rodata        0x0004ba14      0x100 /opt/riscv-newlib/lib/gcc/riscv32-unknown-elf/15.2.0/libgcc.a(_clz.o)
                0x0004ba14                __clz_tab
 .rodata._vfprintf_r.str1.4
                0x0004bb14        0x0 /opt/riscv-newlib/lib/gcc/riscv32-unknown-elf/15.2.0/../../../../riscv32-unknown-elf/lib/libc.a(libc_a-vfprintf.o)
                                 0x42 (size before relaxing)
 .rodata._vfprintf_r
                0x0004bb14      0x16c /opt/riscv-newlib/lib/gcc/riscv32-unknown-elf/15.2.0/../../../../riscv32-unknown-elf/lib/libc.a(libc_a-vfprintf.o)
 .rodata.zeroes.0
                0x0004bc80       0x10 /opt/riscv-newlib/lib/gcc/riscv32-unknown-elf/15.2.0/../../../../riscv32-unknown-elf/lib/libc.a(libc_a-vfprintf.o)
 .rodata.blanks.1
                0x0004bc90       0x10 /opt/riscv-newlib/lib/gcc/riscv32-unknown-elf/15.2.0/../../../../riscv32-unknown-elf/lib/libc.a(libc_a-vfprintf.o)
 .rodata        0x0004bca0       0x14 /opt/riscv-newlib/lib/gcc/riscv32-unknown-elf/15.2.0/../../../../riscv32-unknown-elf/lib/libc.a(libc_a-gdtoa-ldtoa.o)
 .rodata.__gdtoa.str1.4
                0x0004bcb4        0x0 /opt/riscv-newlib/lib/gcc/riscv32-unknown-elf/15.2.0/../../../../riscv32-unknown-elf/lib/libc.a(libc_a-gdtoa-gdtoa.o)
                                 0x12 (size before relaxing)
 .rodata.__rv_alloc_D2A.part.0.str1.4
                0x0004bcb4        0x0 /opt/riscv-newlib/lib/gcc/riscv32-unknown-elf/15.2.0/../../../../riscv32-unknown-elf/lib/libc.a(libc_a-gdtoa-dmisc.o)
                                 0x6e (size before relaxing)
 .rodata.__multadd.str1.4
                0x0004bcb4        0x0 /opt/riscv-newlib/lib/gcc/riscv32-unknown-elf/15.2.0/../../../../riscv32-unknown-elf/lib/libc.a(libc_a-mprec.o)
                                 0x68 (size before relaxing)
 .rodata.p05.0  0x0004bcb4        0xc /opt/riscv-newlib/lib/gcc/riscv32-unknown-elf/15.2.0/../../../../riscv32-unknown-elf/lib/libc.a(libc_a-mprec.o)
 .rodata.__mprec_tens
                0x0004bcc0       0xc8 /opt/riscv-newlib/lib/gcc/riscv32-unknown-elf/15.2.0/../../../../riscv32-unknown-elf/lib/libc.a(libc_a-mprec.o)
                0x0004bcc0                __mprec_tens
 .rodata._setlocale_r.str1.4
                0x0004bd88        0x0 /opt/riscv-newlib/lib/gcc/riscv32-unknown-elf/15.2.0/../../../../riscv32-unknown-elf/lib/libc.a(libc_a-locale.o)
                                  0xd (size before relaxing)
 .rodata.str1.4
                0x0004bd88        0x0 /opt/riscv-newlib/lib/gcc/riscv32-unknown-elf/15.2.0/../../../../riscv32-unknown-elf/lib/libc.a(libc_a-locale.o)
                                  0x2 (size before relaxing)
 .rodata.__assert_func.str1.4
                0x0004bd88        0x0 /opt/riscv-newlib/lib/gcc/riscv32-unknown-elf/15.2.0/../../../../riscv32-unknown-elf/lib/libc.a(libc_a-assert.o)
                                 0x43 (size before relaxing)
 .rodata._ctype_
                0x0004bd88      0x101 /opt/riscv-newlib/lib/gcc/riscv32-unknown-elf/15.2.0/../../../../riscv32-unknown-elf/lib/libc.a(libc_a-ctype_.o)
                0x0004bd88                _ctype_
 .rodata._vfiprintf_r.str1.4
                0x0004be89        0x0 /opt/riscv-newlib/lib/gcc/riscv32-unknown-elf/15.2.0/../../../../riscv32-unknown-elf/lib/libc.a(libc_a-vfiprintf.o)
                                 0x2f (size before relaxing)
 *fill*         0x0004be89        0x3 
 .rodata._vfiprintf_r
                0x0004be8c      0x16c /opt/riscv-newlib/lib/gcc/riscv32-unknown-elf/15.2.0/../../../../riscv32-unknown-elf/lib/libc.a(libc_a-vfiprintf.o)
 .rodata.zeroes.0
                0x0004bff8       0x10 /opt/riscv-newlib/lib/gcc/riscv32-unknown-elf/15.2.0/../../../../riscv32-unknown-elf/lib/libc.a(libc_a-vfiprintf.o)
 .rodata.blanks.1
                0x0004c008       0x10 /opt/riscv-newlib/lib/gcc/riscv32-unknown-elf/15.2.0/../../../../riscv32-unknown-elf/lib/libc.a(libc_a-vfiprintf.o)
 .rodata        0x0004c018       0x3c /opt/riscv-newlib/lib/gcc/riscv32-unknown-elf/15.2.0/libgcc.a(divdf3.o)
 *(.gnu.linkonce.r.*)
                0x0004c054                        . = ALIGN (0x4)
                0x0004c054                        _erodata = .

.rela.dyn       0x0004c054        0x0
 .rela.text.__wrap__sbrk
                0x0004c054        0x0 build/objs/app_main.o
 .rela.init     0x0004c054        0x0 build/objs/app_main.o

.tdata          0x0004c054        0x0
 *(.tdata .tdata.*)

.tbss           0x0004c054        0x0
 *(.tbss .tbss.* .gnu.linkonce.tb.*)
 *(.tcommon)
                [!provide]                        PROVIDE (__tbss_end = .)
                [!provide]                        PROVIDE (__tls_end = .)
                [!provide]                        PROVIDE (__tdata_source = LOADADDR (.tdata))
                [!provide]                        PROVIDE (__tdata_source_end = (LOADADDR (.tdata) + SIZEOF (.tdata)))
                [!provide]                        PROVIDE (__tdata_size = SIZEOF (.tdata))
                [!provide]                        PROVIDE (__tbss_offset = (ADDR (.tbss) - ADDR (.tdata)))
                [!provide]                        PROVIDE (__tbss_start = ADDR (.tbss))
                [!provide]                        PROVIDE (__tbss_size = SIZEOF (.tbss))
                [!provide]                        PROVIDE (__tls_size = (__tls_end - ADDR (.tdata)))
                [!provide]                        PROVIDE (__tls_align = MAX (ALIGNOF (.tdata), ALIGNOF (.tbss)))

.data.align     0x01000000        0x0 load address 0x0004c054
                0x01000000                        . = ALIGN (0x4)
                0x01000000                        _data = .

.data.start     0x01000000        0x0 load address 0x0004c054
                0x0004c054                        _data_lma = LOADADDR (.data.start)

.data           0x01000000      0x74c load address 0x0004c054
 *(.data .data.*)
 .data._impure_data
                0x01000000      0x140 /opt/riscv-newlib/lib/gcc/riscv32-unknown-elf/15.2.0/../../../../riscv32-unknown-elf/lib/libc.a(libc_a-impure.o)
                0x01000000                _impure_data
 .data.__sglue  0x01000140        0xc /opt/riscv-newlib/lib/gcc/riscv32-unknown-elf/15.2.0/../../../../riscv32-unknown-elf/lib/libc.a(libc_a-findfp.o)
                0x01000140                __sglue
 .data.__malloc_av_
                0x0100014c      0x408 /opt/riscv-newlib/lib/gcc/riscv32-unknown-elf/15.2.0/../../../../riscv32-unknown-elf/lib/libc.a(libc_a-mallocr.o)
                0x0100014c                __malloc_av_
 .data.__global_locale
                0x01000554      0x16c /opt/riscv-newlib/lib/gcc/riscv32-unknown-elf/15.2.0/../../../../riscv32-unknown-elf/lib/libc.a(libc_a-locale.o)
                0x01000554                __global_locale
 *(.gnu.linkonce.d.*)
                0x010006c0                        . = ALIGN (0x8)
                0x01000ec0                        PROVIDE (__global_pointer$ = (. + 0x800))
 *(.sdata .sdata.*)
 .sdata.pxCriticalNesting
                0x010006c0        0x4 build/objs/port.o
                0x010006c0                pxCriticalNesting
 .sdata.xCriticalNesting
                0x010006c4        0x4 build/objs/port.o
                0x010006c4                xCriticalNesting
 .sdata.pullNextTime
                0x010006c8        0x4 build/objs/port.o
                0x010006c8                pullNextTime
 .sdata._impure_ptr
                0x010006cc        0x4 /opt/riscv-newlib/lib/gcc/riscv32-unknown-elf/15.2.0/../../../../riscv32-unknown-elf/lib/libc.a(libc_a-impure.o)
                0x010006cc                _impure_ptr
 .sdata.__malloc_sbrk_base
                0x010006d0        0x4 /opt/riscv-newlib/lib/gcc/riscv32-unknown-elf/15.2.0/../../../../riscv32-unknown-elf/lib/libc.a(libc_a-mallocr.o)
                0x010006d0                __malloc_sbrk_base
 .sdata.__malloc_trim_threshold
                0x010006d4        0x4 /opt/riscv-newlib/lib/gcc/riscv32-unknown-elf/15.2.0/../../../../riscv32-unknown-elf/lib/libc.a(libc_a-mallocr.o)
                0x010006d4                __malloc_trim_threshold
 *(.sdata2 .sdata2.*)
 *(.gnu.linkonce.s.*)
                0x010006d8                        . = ALIGN (0x8)
 *(.srodata.cst16)
 *(.srodata.cst8)
 .srodata.cst8  0x010006d8       0x60 /opt/riscv-newlib/lib/gcc/riscv32-unknown-elf/15.2.0/../../../../riscv32-unknown-elf/lib/libc.a(libc_a-gdtoa-gdtoa.o)
 *(.srodata.cst4)
 *(.srodata.cst2)
 *(.srodata .srodata.*)
 .srodata.LOGO_HEIGHT
                0x01000738        0x2 build/objs/logo.o
                0x01000738                LOGO_HEIGHT
 .srodata.LOGO_WIDTH
                0x0100073a        0x2 build/objs/logo.o
                0x0100073a                LOGO_WIDTH
 .srodata.UI_HEIGHT
                0x0100073c        0x2 build/objs/ui.o
                0x0100073c                UI_HEIGHT
 .srodata.UI_WIDTH
                0x0100073e        0x2 build/objs/ui.o
                0x0100073e                UI_WIDTH
 .srodata.uxTopUsedPriority
                0x01000740        0x4 build/objs/tasks.o
 .srodata.uxTimerIncrementsForOneTick
                0x01000744        0x4 build/objs/port.o
                0x01000744                uxTimerIncrementsForOneTick
 .srodata.xISRStackTop
                0x01000748        0x4 build/objs/port.o
                0x01000748                xISRStackTop
                0x0100074c                        . = ALIGN (0x4)
                0x0100074c                        _edata = .

.bss.align      0x0100074c        0x0 load address 0x0004c7a0
                0x0100074c                        . = ALIGN (0x4)
                0x0100074c                        _bss = .

.bss.start      0x0100074c        0x0 load address 0x0004c7a0
                0x0004c7a0                        _bss_lma = LOADADDR (.bss.start)

.bss            0x01000750   0x2026d8 load address 0x0004c7a0
 *(.sbss*)
 .sbss.uxSchedulerSuspended
                0x01000750        0x4 build/objs/tasks.o
 .sbss.xIdleTaskHandles
                0x01000754        0x4 build/objs/tasks.o
 .sbss.xNextTaskUnblockTime
                0x01000758        0x4 build/objs/tasks.o
 .sbss.uxTaskNumber
                0x0100075c        0x4 build/objs/tasks.o
 .sbss.xNumOfOverflows
                0x01000760        0x4 build/objs/tasks.o
 .sbss.xYieldPendings
                0x01000764        0x4 build/objs/tasks.o
 .sbss.xPendedTicks
                0x01000768        0x4 build/objs/tasks.o
 .sbss.xSchedulerRunning
                0x0100076c        0x4 build/objs/tasks.o
 .sbss.uxTopReadyPriority
                0x01000770        0x4 build/objs/tasks.o
 .sbss.xTickCount
                0x01000774        0x4 build/objs/tasks.o
 .sbss.uxCurrentNumberOfTasks
                0x01000778        0x4 build/objs/tasks.o
 .sbss.uxDeletedTasksWaitingCleanUp
                0x0100077c        0x4 build/objs/tasks.o
 .sbss.pxOverflowDelayedTaskList
                0x01000780        0x4 build/objs/tasks.o
 .sbss.pxDelayedTaskList
                0x01000784        0x4 build/objs/tasks.o
 .sbss.pxCurrentTCB
                0x01000788        0x4 build/objs/tasks.o
                0x01000788                pxCurrentTCB
 .sbss.xLastTime.2
                0x0100078c        0x4 build/objs/timers.o
 .sbss.xTimerTaskHandle
                0x01000790        0x4 build/objs/timers.o
 .sbss.xTimerQueue
                0x01000794        0x4 build/objs/timers.o
 .sbss.pxOverflowTimerList
                0x01000798        0x4 build/objs/timers.o
 .sbss.pxCurrentTimerList
                0x0100079c        0x4 build/objs/timers.o
 .sbss.xNumberOfSuccessfulFrees
                0x010007a0        0x4 build/objs/heap_4.o
 .sbss.xNumberOfSuccessfulAllocations
                0x010007a4        0x4 build/objs/heap_4.o
 .sbss.xMinimumEverFreeBytesRemaining
                0x010007a8        0x4 build/objs/heap_4.o
 .sbss.xFreeBytesRemaining
                0x010007ac        0x4 build/objs/heap_4.o
 .sbss.pxEnd    0x010007b0        0x4 build/objs/heap_4.o
 .sbss.xStart   0x010007b4        0x8 build/objs/heap_4.o
 .sbss.xTaskReturnAddress
                0x010007bc        0x4 build/objs/port.o
                0x010007bc                xTaskReturnAddress
 .sbss.pullMachineTimerCompareRegister
                0x010007c0        0x4 build/objs/port.o
                0x010007c0                pullMachineTimerCompareRegister
 *fill*         0x010007c4        0x4 
 .sbss.ullNextTime
                0x010007c8        0x8 build/objs/port.o
                0x010007c8                ullNextTime
 .sbss.heap_end
                0x010007d0        0x4 build/objs/freertos_syscalls.o
 .sbss.__stdio_exit_handler
                0x010007d4        0x4 /opt/riscv-newlib/lib/gcc/riscv32-unknown-elf/15.2.0/../../../../riscv32-unknown-elf/lib/libc.a(libc_a-findfp.o)
                0x010007d4                __stdio_exit_handler
 .sbss.errno    0x010007d8        0x4 /opt/riscv-newlib/lib/gcc/riscv32-unknown-elf/15.2.0/../../../../riscv32-unknown-elf/lib/libc.a(libc_a-reent.o)
                0x010007d8                errno
 .sbss.__malloc_max_total_mem
                0x010007dc        0x4 /opt/riscv-newlib/lib/gcc/riscv32-unknown-elf/15.2.0/../../../../riscv32-unknown-elf/lib/libc.a(libc_a-mallocr.o)
                0x010007dc                __malloc_max_total_mem
 .sbss.__malloc_max_sbrked_mem
                0x010007e0        0x4 /opt/riscv-newlib/lib/gcc/riscv32-unknown-elf/15.2.0/../../../../riscv32-unknown-elf/lib/libc.a(libc_a-mallocr.o)
                0x010007e0                __malloc_max_sbrked_mem
 .sbss.__malloc_top_pad
                0x010007e4        0x4 /opt/riscv-newlib/lib/gcc/riscv32-unknown-elf/15.2.0/../../../../riscv32-unknown-elf/lib/libc.a(libc_a-mallocr.o)
                0x010007e4                __malloc_top_pad
 *(.gnu.linkonce.sb.*)
 *(.bss .bss.*)
 .bss.lcd_handle
                0x010007e8     0x103c build/objs/app_main.o
 .bss.xSuspendedTaskList
                0x01001824       0x14 build/objs/tasks.o
 .bss.xTasksWaitingTermination
                0x01001838       0x14 build/objs/tasks.o
 .bss.xPendingReadyList
                0x0100184c       0x14 build/objs/tasks.o
 .bss.xDelayedTaskList2
                0x01001860       0x14 build/objs/tasks.o
 .bss.xDelayedTaskList1
                0x01001874       0x14 build/objs/tasks.o
 .bss.pxReadyTasksLists
                0x01001888       0xb4 build/objs/tasks.o
 .bss.xQueueRegistry
                0x0100193c       0x50 build/objs/queue.o
                0x0100193c                xQueueRegistry
 .bss.xStaticTimerQueue.0
                0x0100198c       0x54 build/objs/timers.o
 .bss.ucStaticTimerQueueStorage.1
                0x010019e0      0x140 build/objs/timers.o
 .bss.xActiveTimerList2
                0x01001b20       0x14 build/objs/timers.o
 .bss.xActiveTimerList1
                0x01001b34       0x14 build/objs/timers.o
 .bss.ucHeap    0x01001b48   0x200000 build/objs/heap_4.o
 *fill*         0x01201b48        0x8 
 .bss.xISRStack
                0x01201b50      0x4b0 build/objs/port.o
 .bss.uxTimerTaskStack.0
                0x01202000      0x800 build/objs/freertos_main.o
 .bss.xTimerTaskTCB.1
                0x01202800       0x64 build/objs/freertos_main.o
 .bss.uxIdleTaskStack.2
                0x01202864      0x400 build/objs/freertos_main.o
 .bss.xIdleTaskTCB.3
                0x01202c64       0x64 build/objs/freertos_main.o
 .bss.__sf      0x01202cc8      0x138 /opt/riscv-newlib/lib/gcc/riscv32-unknown-elf/15.2.0/../../../../riscv32-unknown-elf/lib/libc.a(libc_a-findfp.o)
                0x01202cc8                __sf
 .bss.__malloc_current_mallinfo
                0x01202e00       0x28 /opt/riscv-newlib/lib/gcc/riscv32-unknown-elf/15.2.0/../../../../riscv32-unknown-elf/lib/libc.a(libc_a-mallocr.o)
                0x01202e00                __malloc_current_mallinfo
 *(.gnu.linkonce.b.*)
 *(COMMON)
                0x01202e28                        . = ALIGN (0x4)
                0x01202e28                        _ebss = .
                0x01202e28                        . = ALIGN (0x8)
                0x01202e28                        _end = .

.stack          0x01202e28      0x808
                0x01202e30                        . = ALIGN (0x10)
 *fill*         0x01202e28        0x8 
                0x01203630                        . = (. + __stack_size)
 *fill*         0x01202e30      0x800 
                0x01203630                        _stack_top = .
                0x01202630                        __heap_limit = (. - 0x1000)
OUTPUT(build/freertos-spi-st7789.elf elf32-littleriscv)

.debug_info     0x00000000    0x1f103
 .debug_info    0x00000000      0xda5 build/objs/app_main.o
 .debug_info    0x00000da5       0xf9 build/objs/logo.o
 .debug_info    0x00000e9e       0xfb build/objs/ui.o
 .debug_info    0x00000f99      0x551 build/objs/driver_st7789_interface.o
 .debug_info    0x000014ea     0x885c build/objs/driver_st7789.o
 .debug_info    0x00009d46      0x280 build/objs/gpio_driver.o
 .debug_info    0x00009fc6      0x594 build/objs/spi_driver.o
 .debug_info    0x0000a55a     0x46f9 build/objs/tasks.o
 .debug_info    0x0000ec53      0x2c3 build/objs/list.o
 .debug_info    0x0000ef16     0x3964 build/objs/queue.o
 .debug_info    0x0001287a     0x2158 build/objs/timers.o
 .debug_info    0x000149d2      0x781 build/objs/heap_4.o
 .debug_info    0x00015153      0x2fe build/objs/port.o
 .debug_info    0x00015451     0x127f build/objs/printf-stdarg.o
 .debug_info    0x000166d0      0x520 build/objs/freertos_main.o
 .debug_info    0x00016bf0      0x63c build/objs/freertos_syscalls.o
 .debug_info    0x0001722c       0x23 build/objs/portASM.o
 .debug_info    0x0001724f       0x24 build/objs/start.o
 .debug_info    0x00017273      0x168 /opt/riscv-newlib/lib/gcc/riscv32-unknown-elf/15.2.0/libgcc.a(_clzsi2.o)
 .debug_info    0x000173db      0xa29 /opt/riscv-newlib/lib/gcc/riscv32-unknown-elf/15.2.0/libgcc.a(_udivdi3.o)
 .debug_info    0x00017e04       0x31 /opt/riscv-newlib/lib/gcc/riscv32-unknown-elf/15.2.0/libgcc.a(muldi3.o)
 .debug_info    0x00017e35       0x5e /opt/riscv-newlib/lib/gcc/riscv32-unknown-elf/15.2.0/libgcc.a(div.o)
 .debug_info    0x00017e93       0xf2 /opt/riscv-newlib/lib/gcc/riscv32-unknown-elf/15.2.0/libgcc.a(_clz.o)
 .debug_info    0x00017f85      0xa8f /opt/riscv-newlib/lib/gcc/riscv32-unknown-elf/15.2.0/libgcc.a(_umoddi3.o)
 .debug_info    0x00018a14      0x582 /opt/riscv-newlib/lib/gcc/riscv32-unknown-elf/15.2.0/libgcc.a(adddf3.o)
 .debug_info    0x00018f96      0x901 /opt/riscv-newlib/lib/gcc/riscv32-unknown-elf/15.2.0/libgcc.a(divdf3.o)
 .debug_info    0x00019897      0x248 /opt/riscv-newlib/lib/gcc/riscv32-unknown-elf/15.2.0/libgcc.a(eqdf2.o)
 .debug_info    0x00019adf      0x25a /opt/riscv-newlib/lib/gcc/riscv32-unknown-elf/15.2.0/libgcc.a(gedf2.o)
 .debug_info    0x00019d39      0x25a /opt/riscv-newlib/lib/gcc/riscv32-unknown-elf/15.2.0/libgcc.a(ledf2.o)
 .debug_info    0x00019f93      0x9eb /opt/riscv-newlib/lib/gcc/riscv32-unknown-elf/15.2.0/libgcc.a(muldf3.o)
 .debug_info    0x0001a97e      0x582 /opt/riscv-newlib/lib/gcc/riscv32-unknown-elf/15.2.0/libgcc.a(subdf3.o)
 .debug_info    0x0001af00      0x1de /opt/riscv-newlib/lib/gcc/riscv32-unknown-elf/15.2.0/libgcc.a(fixdfsi.o)
 .debug_info    0x0001b0de      0x289 /opt/riscv-newlib/lib/gcc/riscv32-unknown-elf/15.2.0/libgcc.a(floatsidf.o)
 .debug_info    0x0001b367      0x244 /opt/riscv-newlib/lib/gcc/riscv32-unknown-elf/15.2.0/libgcc.a(eqtf2.o)
 .debug_info    0x0001b5ab      0x24a /opt/riscv-newlib/lib/gcc/riscv32-unknown-elf/15.2.0/libgcc.a(getf2.o)
 .debug_info    0x0001b7f5      0x24a /opt/riscv-newlib/lib/gcc/riscv32-unknown-elf/15.2.0/libgcc.a(letf2.o)
 .debug_info    0x0001ba3f     0x1c48 /opt/riscv-newlib/lib/gcc/riscv32-unknown-elf/15.2.0/libgcc.a(multf3.o)
 .debug_info    0x0001d687      0xe7b /opt/riscv-newlib/lib/gcc/riscv32-unknown-elf/15.2.0/libgcc.a(subtf3.o)
 .debug_info    0x0001e502      0x235 /opt/riscv-newlib/lib/gcc/riscv32-unknown-elf/15.2.0/libgcc.a(unordtf2.o)
 .debug_info    0x0001e737      0x27d /opt/riscv-newlib/lib/gcc/riscv32-unknown-elf/15.2.0/libgcc.a(fixtfsi.o)
 .debug_info    0x0001e9b4      0x366 /opt/riscv-newlib/lib/gcc/riscv32-unknown-elf/15.2.0/libgcc.a(floatsitf.o)
 .debug_info    0x0001ed1a      0x3e9 /opt/riscv-newlib/lib/gcc/riscv32-unknown-elf/15.2.0/libgcc.a(extenddftf2.o)

.debug_abbrev   0x00000000     0x48e0
 .debug_abbrev  0x00000000      0x2cd build/objs/app_main.o
 .debug_abbrev  0x000002cd       0x92 build/objs/logo.o
 .debug_abbrev  0x0000035f       0x92 build/objs/ui.o
 .debug_abbrev  0x000003f1      0x1c8 build/objs/driver_st7789_interface.o
 .debug_abbrev  0x000005b9      0x474 build/objs/driver_st7789.o
 .debug_abbrev  0x00000a2d       0xe3 build/objs/gpio_driver.o
 .debug_abbrev  0x00000b10      0x1aa build/objs/spi_driver.o
 .debug_abbrev  0x00000cba      0x55b build/objs/tasks.o
 .debug_abbrev  0x00001215      0x10b build/objs/list.o
 .debug_abbrev  0x00001320      0x489 build/objs/queue.o
 .debug_abbrev  0x000017a9      0x499 build/objs/timers.o
 .debug_abbrev  0x00001c42      0x315 build/objs/heap_4.o
 .debug_abbrev  0x00001f57      0x196 build/objs/port.o
 .debug_abbrev  0x000020ed      0x2e5 build/objs/printf-stdarg.o
 .debug_abbrev  0x000023d2      0x1d1 build/objs/freertos_main.o
 .debug_abbrev  0x000025a3      0x1f3 build/objs/freertos_syscalls.o
 .debug_abbrev  0x00002796       0x12 build/objs/portASM.o
 .debug_abbrev  0x000027a8       0x14 build/objs/start.o
 .debug_abbrev  0x000027bc       0xd9 /opt/riscv-newlib/lib/gcc/riscv32-unknown-elf/15.2.0/libgcc.a(_clzsi2.o)
 .debug_abbrev  0x00002895      0x1db /opt/riscv-newlib/lib/gcc/riscv32-unknown-elf/15.2.0/libgcc.a(_udivdi3.o)
 .debug_abbrev  0x00002a70       0x28 /opt/riscv-newlib/lib/gcc/riscv32-unknown-elf/15.2.0/libgcc.a(muldi3.o)
 .debug_abbrev  0x00002a98       0x28 /opt/riscv-newlib/lib/gcc/riscv32-unknown-elf/15.2.0/libgcc.a(div.o)
 .debug_abbrev  0x00002ac0       0x76 /opt/riscv-newlib/lib/gcc/riscv32-unknown-elf/15.2.0/libgcc.a(_clz.o)
 .debug_abbrev  0x00002b36      0x1e6 /opt/riscv-newlib/lib/gcc/riscv32-unknown-elf/15.2.0/libgcc.a(_umoddi3.o)
 .debug_abbrev  0x00002d1c      0x195 /opt/riscv-newlib/lib/gcc/riscv32-unknown-elf/15.2.0/libgcc.a(adddf3.o)
 .debug_abbrev  0x00002eb1      0x19f /opt/riscv-newlib/lib/gcc/riscv32-unknown-elf/15.2.0/libgcc.a(divdf3.o)
 .debug_abbrev  0x00003050      0x170 /opt/riscv-newlib/lib/gcc/riscv32-unknown-elf/15.2.0/libgcc.a(eqdf2.o)
 .debug_abbrev  0x000031c0      0x174 /opt/riscv-newlib/lib/gcc/riscv32-unknown-elf/15.2.0/libgcc.a(gedf2.o)
 .debug_abbrev  0x00003334      0x174 /opt/riscv-newlib/lib/gcc/riscv32-unknown-elf/15.2.0/libgcc.a(ledf2.o)
 .debug_abbrev  0x000034a8      0x1b1 /opt/riscv-newlib/lib/gcc/riscv32-unknown-elf/15.2.0/libgcc.a(muldf3.o)
 .debug_abbrev  0x00003659      0x195 /opt/riscv-newlib/lib/gcc/riscv32-unknown-elf/15.2.0/libgcc.a(subdf3.o)
 .debug_abbrev  0x000037ee      0x15e /opt/riscv-newlib/lib/gcc/riscv32-unknown-elf/15.2.0/libgcc.a(fixdfsi.o)
 .debug_abbrev  0x0000394c      0x173 /opt/riscv-newlib/lib/gcc/riscv32-unknown-elf/15.2.0/libgcc.a(floatsidf.o)
 .debug_abbrev  0x00003abf      0x169 /opt/riscv-newlib/lib/gcc/riscv32-unknown-elf/15.2.0/libgcc.a(eqtf2.o)
 .debug_abbrev  0x00003c28      0x182 /opt/riscv-newlib/lib/gcc/riscv32-unknown-elf/15.2.0/libgcc.a(getf2.o)
 .debug_abbrev  0x00003daa      0x182 /opt/riscv-newlib/lib/gcc/riscv32-unknown-elf/15.2.0/libgcc.a(letf2.o)
 .debug_abbrev  0x00003f2c      0x1ac /opt/riscv-newlib/lib/gcc/riscv32-unknown-elf/15.2.0/libgcc.a(multf3.o)
 .debug_abbrev  0x000040d8      0x1d2 /opt/riscv-newlib/lib/gcc/riscv32-unknown-elf/15.2.0/libgcc.a(subtf3.o)
 .debug_abbrev  0x000042aa      0x157 /opt/riscv-newlib/lib/gcc/riscv32-unknown-elf/15.2.0/libgcc.a(unordtf2.o)
 .debug_abbrev  0x00004401      0x18b /opt/riscv-newlib/lib/gcc/riscv32-unknown-elf/15.2.0/libgcc.a(fixtfsi.o)
 .debug_abbrev  0x0000458c      0x1ae /opt/riscv-newlib/lib/gcc/riscv32-unknown-elf/15.2.0/libgcc.a(floatsitf.o)
 .debug_abbrev  0x0000473a      0x1a6 /opt/riscv-newlib/lib/gcc/riscv32-unknown-elf/15.2.0/libgcc.a(extenddftf2.o)

.debug_loclists
                0x00000000    0x2381b
 .debug_loclists
                0x00000000       0xf0 build/objs/app_main.o
 .debug_loclists
                0x000000f0      0x243 build/objs/driver_st7789_interface.o
 .debug_loclists
                0x00000333     0xb52b build/objs/driver_st7789.o
 .debug_loclists
                0x0000b85e      0x2a3 build/objs/gpio_driver.o
 .debug_loclists
                0x0000bb01      0x372 build/objs/spi_driver.o
 .debug_loclists
                0x0000be73     0x3c56 build/objs/tasks.o
 .debug_loclists
                0x0000fac9       0x7c build/objs/list.o
 .debug_loclists
                0x0000fb45     0x437f build/objs/queue.o
 .debug_loclists
                0x00013ec4     0x1539 build/objs/timers.o
 .debug_loclists
                0x000153fd      0x587 build/objs/heap_4.o
 .debug_loclists
                0x00015984       0x3a build/objs/port.o
 .debug_loclists
                0x000159be     0x2d8c build/objs/printf-stdarg.o
 .debug_loclists
                0x0001874a       0xa4 build/objs/freertos_main.o
 .debug_loclists
                0x000187ee      0x2ac build/objs/freertos_syscalls.o
 .debug_loclists
                0x00018a9a       0x52 /opt/riscv-newlib/lib/gcc/riscv32-unknown-elf/15.2.0/libgcc.a(_clzsi2.o)
 .debug_loclists
                0x00018aec      0xde3 /opt/riscv-newlib/lib/gcc/riscv32-unknown-elf/15.2.0/libgcc.a(_udivdi3.o)
 .debug_loclists
                0x000198cf      0x99a /opt/riscv-newlib/lib/gcc/riscv32-unknown-elf/15.2.0/libgcc.a(_umoddi3.o)
 .debug_loclists
                0x0001a269      0xf5f /opt/riscv-newlib/lib/gcc/riscv32-unknown-elf/15.2.0/libgcc.a(adddf3.o)
 .debug_loclists
                0x0001b1c8      0xf58 /opt/riscv-newlib/lib/gcc/riscv32-unknown-elf/15.2.0/libgcc.a(divdf3.o)
 .debug_loclists
                0x0001c120       0x99 /opt/riscv-newlib/lib/gcc/riscv32-unknown-elf/15.2.0/libgcc.a(eqdf2.o)
 .debug_loclists
                0x0001c1b9       0xfa /opt/riscv-newlib/lib/gcc/riscv32-unknown-elf/15.2.0/libgcc.a(gedf2.o)
 .debug_loclists
                0x0001c2b3       0xfa /opt/riscv-newlib/lib/gcc/riscv32-unknown-elf/15.2.0/libgcc.a(ledf2.o)
 .debug_loclists
                0x0001c3ad      0xb94 /opt/riscv-newlib/lib/gcc/riscv32-unknown-elf/15.2.0/libgcc.a(muldf3.o)
 .debug_loclists
                0x0001cf41      0xf74 /opt/riscv-newlib/lib/gcc/riscv32-unknown-elf/15.2.0/libgcc.a(subdf3.o)
 .debug_loclists
                0x0001deb5       0xe5 /opt/riscv-newlib/lib/gcc/riscv32-unknown-elf/15.2.0/libgcc.a(fixdfsi.o)
 .debug_loclists
                0x0001df9a       0xee /opt/riscv-newlib/lib/gcc/riscv32-unknown-elf/15.2.0/libgcc.a(floatsidf.o)
 .debug_loclists
                0x0001e088       0xe2 /opt/riscv-newlib/lib/gcc/riscv32-unknown-elf/15.2.0/libgcc.a(eqtf2.o)
 .debug_loclists
                0x0001e16a       0xc4 /opt/riscv-newlib/lib/gcc/riscv32-unknown-elf/15.2.0/libgcc.a(getf2.o)
 .debug_loclists
                0x0001e22e       0xc4 /opt/riscv-newlib/lib/gcc/riscv32-unknown-elf/15.2.0/libgcc.a(letf2.o)
 .debug_loclists
                0x0001e2f2     0x211b /opt/riscv-newlib/lib/gcc/riscv32-unknown-elf/15.2.0/libgcc.a(multf3.o)
 .debug_loclists
                0x0002040d     0x2d80 /opt/riscv-newlib/lib/gcc/riscv32-unknown-elf/15.2.0/libgcc.a(subtf3.o)
 .debug_loclists
                0x0002318d       0x76 /opt/riscv-newlib/lib/gcc/riscv32-unknown-elf/15.2.0/libgcc.a(unordtf2.o)
 .debug_loclists
                0x00023203      0x155 /opt/riscv-newlib/lib/gcc/riscv32-unknown-elf/15.2.0/libgcc.a(fixtfsi.o)
 .debug_loclists
                0x00023358      0x182 /opt/riscv-newlib/lib/gcc/riscv32-unknown-elf/15.2.0/libgcc.a(floatsitf.o)
 .debug_loclists
                0x000234da      0x341 /opt/riscv-newlib/lib/gcc/riscv32-unknown-elf/15.2.0/libgcc.a(extenddftf2.o)

.debug_aranges  0x00000000      0xe60
 .debug_aranges
                0x00000000       0x28 build/objs/app_main.o
 .debug_aranges
                0x00000028       0x18 build/objs/logo.o
 .debug_aranges
                0x00000040       0x18 build/objs/ui.o
 .debug_aranges
                0x00000058       0x70 build/objs/driver_st7789_interface.o
 .debug_aranges
                0x000000c8      0x2d0 build/objs/driver_st7789.o
 .debug_aranges
                0x00000398       0x80 build/objs/gpio_driver.o
 .debug_aranges
                0x00000418       0x70 build/objs/spi_driver.o
 .debug_aranges
                0x00000488      0x220 build/objs/tasks.o
 .debug_aranges
                0x000006a8       0x40 build/objs/list.o
 .debug_aranges
                0x000006e8      0x170 build/objs/queue.o
 .debug_aranges
                0x00000858       0xd0 build/objs/timers.o
 .debug_aranges
                0x00000928       0x60 build/objs/heap_4.o
 .debug_aranges
                0x00000988       0x30 build/objs/port.o
 .debug_aranges
                0x000009b8       0x68 build/objs/printf-stdarg.o
 .debug_aranges
                0x00000a20       0x70 build/objs/freertos_main.o
 .debug_aranges
                0x00000a90       0x78 build/objs/freertos_syscalls.o
 .debug_aranges
                0x00000b08       0x40 build/objs/portASM.o
 .debug_aranges
                0x00000b48       0x20 build/objs/start.o
 .debug_aranges
                0x00000b68       0x20 /opt/riscv-newlib/lib/gcc/riscv32-unknown-elf/15.2.0/libgcc.a(_clzsi2.o)
 .debug_aranges
                0x00000b88       0x20 /opt/riscv-newlib/lib/gcc/riscv32-unknown-elf/15.2.0/libgcc.a(_udivdi3.o)
 .debug_aranges
                0x00000ba8       0x20 /opt/riscv-newlib/lib/gcc/riscv32-unknown-elf/15.2.0/libgcc.a(muldi3.o)
 .debug_aranges
                0x00000bc8       0x20 /opt/riscv-newlib/lib/gcc/riscv32-unknown-elf/15.2.0/libgcc.a(div.o)
 .debug_aranges
                0x00000be8       0x18 /opt/riscv-newlib/lib/gcc/riscv32-unknown-elf/15.2.0/libgcc.a(_clz.o)
 .debug_aranges
                0x00000c00       0x20 /opt/riscv-newlib/lib/gcc/riscv32-unknown-elf/15.2.0/libgcc.a(_umoddi3.o)
 .debug_aranges
                0x00000c20       0x20 /opt/riscv-newlib/lib/gcc/riscv32-unknown-elf/15.2.0/libgcc.a(adddf3.o)
 .debug_aranges
                0x00000c40       0x20 /opt/riscv-newlib/lib/gcc/riscv32-unknown-elf/15.2.0/libgcc.a(divdf3.o)
 .debug_aranges
                0x00000c60       0x20 /opt/riscv-newlib/lib/gcc/riscv32-unknown-elf/15.2.0/libgcc.a(eqdf2.o)
 .debug_aranges
                0x00000c80       0x20 /opt/riscv-newlib/lib/gcc/riscv32-unknown-elf/15.2.0/libgcc.a(gedf2.o)
 .debug_aranges
                0x00000ca0       0x20 /opt/riscv-newlib/lib/gcc/riscv32-unknown-elf/15.2.0/libgcc.a(ledf2.o)
 .debug_aranges
                0x00000cc0       0x20 /opt/riscv-newlib/lib/gcc/riscv32-unknown-elf/15.2.0/libgcc.a(muldf3.o)
 .debug_aranges
                0x00000ce0       0x20 /opt/riscv-newlib/lib/gcc/riscv32-unknown-elf/15.2.0/libgcc.a(subdf3.o)
 .debug_aranges
                0x00000d00       0x20 /opt/riscv-newlib/lib/gcc/riscv32-unknown-elf/15.2.0/libgcc.a(fixdfsi.o)
 .debug_aranges
                0x00000d20       0x20 /opt/riscv-newlib/lib/gcc/riscv32-unknown-elf/15.2.0/libgcc.a(floatsidf.o)
 .debug_aranges
                0x00000d40       0x20 /opt/riscv-newlib/lib/gcc/riscv32-unknown-elf/15.2.0/libgcc.a(eqtf2.o)
 .debug_aranges
                0x00000d60       0x20 /opt/riscv-newlib/lib/gcc/riscv32-unknown-elf/15.2.0/libgcc.a(getf2.o)
 .debug_aranges
                0x00000d80       0x20 /opt/riscv-newlib/lib/gcc/riscv32-unknown-elf/15.2.0/libgcc.a(letf2.o)
 .debug_aranges
                0x00000da0       0x20 /opt/riscv-newlib/lib/gcc/riscv32-unknown-elf/15.2.0/libgcc.a(multf3.o)
 .debug_aranges
                0x00000dc0       0x20 /opt/riscv-newlib/lib/gcc/riscv32-unknown-elf/15.2.0/libgcc.a(subtf3.o)
 .debug_aranges
                0x00000de0       0x20 /opt/riscv-newlib/lib/gcc/riscv32-unknown-elf/15.2.0/libgcc.a(unordtf2.o)
 .debug_aranges
                0x00000e00       0x20 /opt/riscv-newlib/lib/gcc/riscv32-unknown-elf/15.2.0/libgcc.a(fixtfsi.o)
 .debug_aranges
                0x00000e20       0x20 /opt/riscv-newlib/lib/gcc/riscv32-unknown-elf/15.2.0/libgcc.a(floatsitf.o)
 .debug_aranges
                0x00000e40       0x20 /opt/riscv-newlib/lib/gcc/riscv32-unknown-elf/15.2.0/libgcc.a(extenddftf2.o)

.debug_rnglists
                0x00000000     0x2c67
 .debug_rnglists
                0x00000000       0x59 build/objs/app_main.o
 .debug_rnglists
                0x00000059       0x60 build/objs/driver_st7789_interface.o
 .debug_rnglists
                0x000000b9      0x64f build/objs/driver_st7789.o
 .debug_rnglists
                0x00000708       0x5b build/objs/gpio_driver.o
 .debug_rnglists
                0x00000763      0x11e build/objs/spi_driver.o
 .debug_rnglists
                0x00000881      0x7be build/objs/tasks.o
 .debug_rnglists
                0x0000103f       0x2b build/objs/list.o
 .debug_rnglists
                0x0000106a      0x634 build/objs/queue.o
 .debug_rnglists
                0x0000169e      0x269 build/objs/timers.o
 .debug_rnglists
                0x00001907       0x66 build/objs/heap_4.o
 .debug_rnglists
                0x0000196d       0x1f build/objs/port.o
 .debug_rnglists
                0x0000198c      0x32e build/objs/printf-stdarg.o
 .debug_rnglists
                0x00001cba       0x4f build/objs/freertos_main.o
 .debug_rnglists
                0x00001d09       0x61 build/objs/freertos_syscalls.o
 .debug_rnglists
                0x00001d6a       0x30 build/objs/portASM.o
 .debug_rnglists
                0x00001d9a       0x16 /opt/riscv-newlib/lib/gcc/riscv32-unknown-elf/15.2.0/libgcc.a(_clzsi2.o)
 .debug_rnglists
                0x00001db0       0xd0 /opt/riscv-newlib/lib/gcc/riscv32-unknown-elf/15.2.0/libgcc.a(_udivdi3.o)
 .debug_rnglists
                0x00001e80       0x98 /opt/riscv-newlib/lib/gcc/riscv32-unknown-elf/15.2.0/libgcc.a(_umoddi3.o)
 .debug_rnglists
                0x00001f18       0xe5 /opt/riscv-newlib/lib/gcc/riscv32-unknown-elf/15.2.0/libgcc.a(adddf3.o)
 .debug_rnglists
                0x00001ffd      0x124 /opt/riscv-newlib/lib/gcc/riscv32-unknown-elf/15.2.0/libgcc.a(divdf3.o)
 .debug_rnglists
                0x00002121       0x20 /opt/riscv-newlib/lib/gcc/riscv32-unknown-elf/15.2.0/libgcc.a(eqdf2.o)
 .debug_rnglists
                0x00002141       0x26 /opt/riscv-newlib/lib/gcc/riscv32-unknown-elf/15.2.0/libgcc.a(gedf2.o)
 .debug_rnglists
                0x00002167       0x26 /opt/riscv-newlib/lib/gcc/riscv32-unknown-elf/15.2.0/libgcc.a(ledf2.o)
 .debug_rnglists
                0x0000218d      0x145 /opt/riscv-newlib/lib/gcc/riscv32-unknown-elf/15.2.0/libgcc.a(muldf3.o)
 .debug_rnglists
                0x000022d2       0xeb /opt/riscv-newlib/lib/gcc/riscv32-unknown-elf/15.2.0/libgcc.a(subdf3.o)
 .debug_rnglists
                0x000023bd       0x13 /opt/riscv-newlib/lib/gcc/riscv32-unknown-elf/15.2.0/libgcc.a(fixdfsi.o)
 .debug_rnglists
                0x000023d0       0x2e /opt/riscv-newlib/lib/gcc/riscv32-unknown-elf/15.2.0/libgcc.a(floatsidf.o)
 .debug_rnglists
                0x000023fe       0x29 /opt/riscv-newlib/lib/gcc/riscv32-unknown-elf/15.2.0/libgcc.a(eqtf2.o)
 .debug_rnglists
                0x00002427       0x3c /opt/riscv-newlib/lib/gcc/riscv32-unknown-elf/15.2.0/libgcc.a(getf2.o)
 .debug_rnglists
                0x00002463       0x3c /opt/riscv-newlib/lib/gcc/riscv32-unknown-elf/15.2.0/libgcc.a(letf2.o)
 .debug_rnglists
                0x0000249f      0x543 /opt/riscv-newlib/lib/gcc/riscv32-unknown-elf/15.2.0/libgcc.a(multf3.o)
 .debug_rnglists
                0x000029e2      0x1bd /opt/riscv-newlib/lib/gcc/riscv32-unknown-elf/15.2.0/libgcc.a(subtf3.o)
 .debug_rnglists
                0x00002b9f       0x29 /opt/riscv-newlib/lib/gcc/riscv32-unknown-elf/15.2.0/libgcc.a(unordtf2.o)
 .debug_rnglists
                0x00002bc8       0x32 /opt/riscv-newlib/lib/gcc/riscv32-unknown-elf/15.2.0/libgcc.a(fixtfsi.o)
 .debug_rnglists
                0x00002bfa       0x37 /opt/riscv-newlib/lib/gcc/riscv32-unknown-elf/15.2.0/libgcc.a(floatsitf.o)
 .debug_rnglists
                0x00002c31       0x36 /opt/riscv-newlib/lib/gcc/riscv32-unknown-elf/15.2.0/libgcc.a(extenddftf2.o)

.debug_macro    0x00000000     0x59bb
 .debug_macro   0x00000000      0x254 build/objs/app_main.o
 .debug_macro   0x00000254      0x826 build/objs/app_main.o
 .debug_macro   0x00000a7a       0x22 build/objs/app_main.o
 .debug_macro   0x00000a9c       0x8e build/objs/app_main.o
 .debug_macro   0x00000b2a       0x51 build/objs/app_main.o
 .debug_macro   0x00000b7b      0x103 build/objs/app_main.o
 .debug_macro   0x00000c7e       0x6a build/objs/app_main.o
 .debug_macro   0x00000ce8      0x1df build/objs/app_main.o
 .debug_macro   0x00000ec7       0x4d build/objs/app_main.o
 .debug_macro   0x00000f14       0x19 build/objs/app_main.o
 .debug_macro   0x00000f2d       0x42 build/objs/app_main.o
 .debug_macro   0x00000f6f       0x34 build/objs/app_main.o
 .debug_macro   0x00000fa3       0x16 build/objs/app_main.o
 .debug_macro   0x00000fb9       0x9e build/objs/app_main.o
 .debug_macro   0x00001057      0x364 build/objs/app_main.o
 .debug_macro   0x000013bb      0x127 build/objs/app_main.o
 .debug_macro   0x000014e2       0x10 build/objs/app_main.o
 .debug_macro   0x000014f2       0x16 build/objs/app_main.o
 .debug_macro   0x00001508       0x4a build/objs/app_main.o
 .debug_macro   0x00001552       0x34 build/objs/app_main.o
 .debug_macro   0x00001586       0x10 build/objs/app_main.o
 .debug_macro   0x00001596       0x52 build/objs/app_main.o
 .debug_macro   0x000015e8       0x8e build/objs/app_main.o
 .debug_macro   0x00001676       0x1c build/objs/app_main.o
 .debug_macro   0x00001692      0x185 build/objs/app_main.o
 .debug_macro   0x00001817       0x16 build/objs/app_main.o
 .debug_macro   0x0000182d       0x16 build/objs/app_main.o
 .debug_macro   0x00001843      0x146 build/objs/app_main.o
 .debug_macro   0x00001989       0x16 build/objs/app_main.o
 .debug_macro   0x0000199f       0x3c build/objs/app_main.o
 .debug_macro   0x000019db       0x16 build/objs/app_main.o
 .debug_macro   0x000019f1      0x183 build/objs/app_main.o
 .debug_macro   0x00001b74       0x2e build/objs/app_main.o
 .debug_macro   0x00001ba2      0x17c build/objs/app_main.o
 .debug_macro   0x00001d1e       0xc7 build/objs/app_main.o
 .debug_macro   0x00001de5       0x3a build/objs/app_main.o
 .debug_macro   0x00001e1f       0x1f build/objs/app_main.o
 .debug_macro   0x00001e3e       0x12 build/objs/app_main.o
 .debug_macro   0x00001e50     0x10b8 build/objs/app_main.o
 .debug_macro   0x00002f08       0xc3 build/objs/app_main.o
 .debug_macro   0x00002fcb      0x14f build/objs/app_main.o
 .debug_macro   0x0000311a       0x64 build/objs/app_main.o
 .debug_macro   0x0000317e      0x222 build/objs/app_main.o
 .debug_macro   0x000033a0       0x6d build/objs/logo.o
 .debug_macro   0x0000340d       0x6d build/objs/ui.o
 .debug_macro   0x0000347a      0x23d build/objs/driver_st7789_interface.o
 .debug_macro   0x000036b7       0x5e build/objs/driver_st7789_interface.o
 .debug_macro   0x00003715      0x202 build/objs/driver_st7789_interface.o
 .debug_macro   0x00003917       0x10 build/objs/driver_st7789_interface.o
 .debug_macro   0x00003927       0x28 build/objs/driver_st7789_interface.o
 .debug_macro   0x0000394f       0x53 build/objs/driver_st7789_interface.o
 .debug_macro   0x000039a2      0x346 build/objs/driver_st7789.o
 .debug_macro   0x00003ce8       0x4d build/objs/gpio_driver.o
 .debug_macro   0x00003d35       0x22 build/objs/gpio_driver.o
 .debug_macro   0x00003d57       0x4d build/objs/spi_driver.o
 .debug_macro   0x00003da4      0x2c7 build/objs/tasks.o
 .debug_macro   0x0000406b       0x47 build/objs/tasks.o
 .debug_macro   0x000040b2       0x94 build/objs/tasks.o
 .debug_macro   0x00004146       0x16 build/objs/tasks.o
 .debug_macro   0x0000415c      0x11c build/objs/tasks.o
 .debug_macro   0x00004278       0xb0 build/objs/tasks.o
 .debug_macro   0x00004328       0x57 build/objs/tasks.o
 .debug_macro   0x0000437f       0x16 build/objs/tasks.o
 .debug_macro   0x00004395       0x29 build/objs/tasks.o
 .debug_macro   0x000043be       0x98 build/objs/tasks.o
 .debug_macro   0x00004456       0x17 build/objs/tasks.o
 .debug_macro   0x0000446d      0x1a2 build/objs/list.o
 .debug_macro   0x0000460f      0x23a build/objs/queue.o
 .debug_macro   0x00004849       0x8e build/objs/queue.o
 .debug_macro   0x000048d7      0x1f1 build/objs/timers.o
 .debug_macro   0x00004ac8       0x9e build/objs/timers.o
 .debug_macro   0x00004b66      0x238 build/objs/heap_4.o
 .debug_macro   0x00004d9e      0x1c4 build/objs/port.o
 .debug_macro   0x00004f62       0x2c build/objs/printf-stdarg.o
 .debug_macro   0x00004f8e       0x5f build/objs/printf-stdarg.o
 .debug_macro   0x00004fed      0x1e8 build/objs/freertos_main.o
 .debug_macro   0x000051d5      0x1d9 build/objs/freertos_syscalls.o
 .debug_macro   0x000053ae       0x10 build/objs/freertos_syscalls.o
 .debug_macro   0x000053be      0x23c build/objs/freertos_syscalls.o
 .debug_macro   0x000055fa       0x16 build/objs/freertos_syscalls.o
 .debug_macro   0x00005610       0x10 build/objs/freertos_syscalls.o
 .debug_macro   0x00005620       0x10 build/objs/freertos_syscalls.o
 .debug_macro   0x00005630       0x10 build/objs/freertos_syscalls.o
 .debug_macro   0x00005640       0x1c build/objs/freertos_syscalls.o
 .debug_macro   0x0000565c       0x52 build/objs/freertos_syscalls.o
 .debug_macro   0x000056ae       0x22 build/objs/freertos_syscalls.o
 .debug_macro   0x000056d0       0x10 build/objs/freertos_syscalls.o
 .debug_macro   0x000056e0       0x52 build/objs/freertos_syscalls.o
 .debug_macro   0x00005732       0xcf build/objs/freertos_syscalls.o
 .debug_macro   0x00005801       0x1c build/objs/freertos_syscalls.o
 .debug_macro   0x0000581d       0x3d build/objs/freertos_syscalls.o
 .debug_macro   0x0000585a       0x35 build/objs/freertos_syscalls.o
 .debug_macro   0x0000588f      0x12c build/objs/freertos_syscalls.o

.debug_line     0x00000000    0x34dbe
 .debug_line    0x00000000      0x5aa build/objs/app_main.o
 .debug_line    0x000005aa       0x7c build/objs/logo.o
 .debug_line    0x00000626       0x7c build/objs/ui.o
 .debug_line    0x000006a2      0x554 build/objs/driver_st7789_interface.o
 .debug_line    0x00000bf6     0xba6d build/objs/driver_st7789.o
 .debug_line    0x0000c663      0x46b build/objs/gpio_driver.o
 .debug_line    0x0000cace      0x9bb build/objs/spi_driver.o
 .debug_line    0x0000d489     0x929b build/objs/tasks.o
 .debug_line    0x00016724      0x458 build/objs/list.o
 .debug_line    0x00016b7c     0x725d build/objs/queue.o
 .debug_line    0x0001ddd9     0x2273 build/objs/timers.o
 .debug_line    0x0002004c      0xe08 build/objs/heap_4.o
 .debug_line    0x00020e54      0x265 build/objs/port.o
 .debug_line    0x000210b9     0x26e6 build/objs/printf-stdarg.o
 .debug_line    0x0002379f      0x3e6 build/objs/freertos_main.o
 .debug_line    0x00023b85      0x5f0 build/objs/freertos_syscalls.o
 .debug_line    0x00024175      0x31d build/objs/portASM.o
 .debug_line    0x00024492       0xec build/objs/start.o
 .debug_line    0x0002457e       0xef /opt/riscv-newlib/lib/gcc/riscv32-unknown-elf/15.2.0/libgcc.a(_clzsi2.o)
 .debug_line    0x0002466d      0xcc3 /opt/riscv-newlib/lib/gcc/riscv32-unknown-elf/15.2.0/libgcc.a(_udivdi3.o)
 .debug_line    0x00025330       0x7a /opt/riscv-newlib/lib/gcc/riscv32-unknown-elf/15.2.0/libgcc.a(muldi3.o)
 .debug_line    0x000253aa      0x153 /opt/riscv-newlib/lib/gcc/riscv32-unknown-elf/15.2.0/libgcc.a(div.o)
 .debug_line    0x000254fd       0x49 /opt/riscv-newlib/lib/gcc/riscv32-unknown-elf/15.2.0/libgcc.a(_clz.o)
 .debug_line    0x00025546      0xbdf /opt/riscv-newlib/lib/gcc/riscv32-unknown-elf/15.2.0/libgcc.a(_umoddi3.o)
 .debug_line    0x00026125     0x16ba /opt/riscv-newlib/lib/gcc/riscv32-unknown-elf/15.2.0/libgcc.a(adddf3.o)
 .debug_line    0x000277df     0x16b5 /opt/riscv-newlib/lib/gcc/riscv32-unknown-elf/15.2.0/libgcc.a(divdf3.o)
 .debug_line    0x00028e94      0x257 /opt/riscv-newlib/lib/gcc/riscv32-unknown-elf/15.2.0/libgcc.a(eqdf2.o)
 .debug_line    0x000290eb      0x361 /opt/riscv-newlib/lib/gcc/riscv32-unknown-elf/15.2.0/libgcc.a(gedf2.o)
 .debug_line    0x0002944c      0x361 /opt/riscv-newlib/lib/gcc/riscv32-unknown-elf/15.2.0/libgcc.a(ledf2.o)
 .debug_line    0x000297ad     0x15bf /opt/riscv-newlib/lib/gcc/riscv32-unknown-elf/15.2.0/libgcc.a(muldf3.o)
 .debug_line    0x0002ad6c     0x16fd /opt/riscv-newlib/lib/gcc/riscv32-unknown-elf/15.2.0/libgcc.a(subdf3.o)
 .debug_line    0x0002c469      0x239 /opt/riscv-newlib/lib/gcc/riscv32-unknown-elf/15.2.0/libgcc.a(fixdfsi.o)
 .debug_line    0x0002c6a2      0x251 /opt/riscv-newlib/lib/gcc/riscv32-unknown-elf/15.2.0/libgcc.a(floatsidf.o)
 .debug_line    0x0002c8f3      0x2d7 /opt/riscv-newlib/lib/gcc/riscv32-unknown-elf/15.2.0/libgcc.a(eqtf2.o)
 .debug_line    0x0002cbca      0x3db /opt/riscv-newlib/lib/gcc/riscv32-unknown-elf/15.2.0/libgcc.a(getf2.o)
 .debug_line    0x0002cfa5      0x3db /opt/riscv-newlib/lib/gcc/riscv32-unknown-elf/15.2.0/libgcc.a(letf2.o)
 .debug_line    0x0002d380     0x3bcd /opt/riscv-newlib/lib/gcc/riscv32-unknown-elf/15.2.0/libgcc.a(multf3.o)
 .debug_line    0x00030f4d     0x2fe9 /opt/riscv-newlib/lib/gcc/riscv32-unknown-elf/15.2.0/libgcc.a(subtf3.o)
 .debug_line    0x00033f36      0x1fd /opt/riscv-newlib/lib/gcc/riscv32-unknown-elf/15.2.0/libgcc.a(unordtf2.o)
 .debug_line    0x00034133      0x347 /opt/riscv-newlib/lib/gcc/riscv32-unknown-elf/15.2.0/libgcc.a(fixtfsi.o)
 .debug_line    0x0003447a      0x38d /opt/riscv-newlib/lib/gcc/riscv32-unknown-elf/15.2.0/libgcc.a(floatsitf.o)
 .debug_line    0x00034807      0x5b7 /opt/riscv-newlib/lib/gcc/riscv32-unknown-elf/15.2.0/libgcc.a(extenddftf2.o)

.debug_str      0x00000000    0x1e063
 .debug_str     0x00000000    0x1e063 build/objs/app_main.o
                              0x13f88 (size before relaxing)
 .debug_str     0x0001e063        0x0 build/objs/logo.o
                               0x3984 (size before relaxing)
 .debug_str     0x0001e063        0x0 build/objs/ui.o
                               0x397c (size before relaxing)
 .debug_str     0x0001e063        0x0 build/objs/driver_st7789_interface.o
                              0x130c9 (size before relaxing)
 .debug_str     0x0001e063        0x0 build/objs/driver_st7789.o
                               0xa66f (size before relaxing)
 .debug_str     0x0001e063        0x0 build/objs/gpio_driver.o
                               0x360d (size before relaxing)
 .debug_str     0x0001e063        0x0 build/objs/spi_driver.o
                               0x3654 (size before relaxing)
 .debug_str     0x0001e063        0x0 build/objs/tasks.o
                              0x14167 (size before relaxing)
 .debug_str     0x0001e063        0x0 build/objs/list.o
                              0x10709 (size before relaxing)
 .debug_str     0x0001e063        0x0 build/objs/queue.o
                              0x13404 (size before relaxing)
 .debug_str     0x0001e063        0x0 build/objs/timers.o
                              0x137a1 (size before relaxing)
 .debug_str     0x0001e063        0x0 build/objs/heap_4.o
                              0x12260 (size before relaxing)
 .debug_str     0x0001e063        0x0 build/objs/port.o
                              0x11b46 (size before relaxing)
 .debug_str     0x0001e063        0x0 build/objs/printf-stdarg.o
                               0x2cd8 (size before relaxing)
 .debug_str     0x0001e063        0x0 build/objs/freertos_main.o
                              0x122c3 (size before relaxing)
 .debug_str     0x0001e063        0x0 build/objs/freertos_syscalls.o
                               0x8283 (size before relaxing)
 .debug_str     0x0001e063        0x0 build/objs/portASM.o
                                 0x7c (size before relaxing)
 .debug_str     0x0001e063        0x0 build/objs/start.o
                                 0x5a (size before relaxing)
 .debug_str     0x0001e063        0x0 /opt/riscv-newlib/lib/gcc/riscv32-unknown-elf/15.2.0/libgcc.a(_clzsi2.o)
                                0x1cd (size before relaxing)
 .debug_str     0x0001e063        0x0 /opt/riscv-newlib/lib/gcc/riscv32-unknown-elf/15.2.0/libgcc.a(_udivdi3.o)
                                0x28c (size before relaxing)
 .debug_str     0x0001e063        0x0 /opt/riscv-newlib/lib/gcc/riscv32-unknown-elf/15.2.0/libgcc.a(muldi3.o)
                                 0xa4 (size before relaxing)
 .debug_str     0x0001e063        0x0 /opt/riscv-newlib/lib/gcc/riscv32-unknown-elf/15.2.0/libgcc.a(div.o)
                                 0xd1 (size before relaxing)
 .debug_str     0x0001e063        0x0 /opt/riscv-newlib/lib/gcc/riscv32-unknown-elf/15.2.0/libgcc.a(_clz.o)
                                0x1b0 (size before relaxing)
 .debug_str     0x0001e063        0x0 /opt/riscv-newlib/lib/gcc/riscv32-unknown-elf/15.2.0/libgcc.a(_umoddi3.o)
                                0x28c (size before relaxing)
 .debug_str     0x0001e063        0x0 /opt/riscv-newlib/lib/gcc/riscv32-unknown-elf/15.2.0/libgcc.a(adddf3.o)
                                0x29d (size before relaxing)
 .debug_str     0x0001e063        0x0 /opt/riscv-newlib/lib/gcc/riscv32-unknown-elf/15.2.0/libgcc.a(divdf3.o)
                                0x388 (size before relaxing)
 .debug_str     0x0001e063        0x0 /opt/riscv-newlib/lib/gcc/riscv32-unknown-elf/15.2.0/libgcc.a(eqdf2.o)
                                0x1af (size before relaxing)
 .debug_str     0x0001e063        0x0 /opt/riscv-newlib/lib/gcc/riscv32-unknown-elf/15.2.0/libgcc.a(gedf2.o)
                                0x1d3 (size before relaxing)
 .debug_str     0x0001e063        0x0 /opt/riscv-newlib/lib/gcc/riscv32-unknown-elf/15.2.0/libgcc.a(ledf2.o)
                                0x1d3 (size before relaxing)
 .debug_str     0x0001e063        0x0 /opt/riscv-newlib/lib/gcc/riscv32-unknown-elf/15.2.0/libgcc.a(muldf3.o)
                                0x3c3 (size before relaxing)
 .debug_str     0x0001e063        0x0 /opt/riscv-newlib/lib/gcc/riscv32-unknown-elf/15.2.0/libgcc.a(subdf3.o)
                                0x29d (size before relaxing)
 .debug_str     0x0001e063        0x0 /opt/riscv-newlib/lib/gcc/riscv32-unknown-elf/15.2.0/libgcc.a(fixdfsi.o)
                                0x1aa (size before relaxing)
 .debug_str     0x0001e063        0x0 /opt/riscv-newlib/lib/gcc/riscv32-unknown-elf/15.2.0/libgcc.a(floatsidf.o)
                                0x247 (size before relaxing)
 .debug_str     0x0001e063        0x0 /opt/riscv-newlib/lib/gcc/riscv32-unknown-elf/15.2.0/libgcc.a(eqtf2.o)
                                0x1ac (size before relaxing)
 .debug_str     0x0001e063        0x0 /opt/riscv-newlib/lib/gcc/riscv32-unknown-elf/15.2.0/libgcc.a(getf2.o)
                                0x1d0 (size before relaxing)
 .debug_str     0x0001e063        0x0 /opt/riscv-newlib/lib/gcc/riscv32-unknown-elf/15.2.0/libgcc.a(letf2.o)
                                0x1d0 (size before relaxing)
 .debug_str     0x0001e063        0x0 /opt/riscv-newlib/lib/gcc/riscv32-unknown-elf/15.2.0/libgcc.a(multf3.o)
                                0x54a (size before relaxing)
 .debug_str     0x0001e063        0x0 /opt/riscv-newlib/lib/gcc/riscv32-unknown-elf/15.2.0/libgcc.a(subtf3.o)
                                0x41f (size before relaxing)
 .debug_str     0x0001e063        0x0 /opt/riscv-newlib/lib/gcc/riscv32-unknown-elf/15.2.0/libgcc.a(unordtf2.o)
                                0x1af (size before relaxing)
 .debug_str     0x0001e063        0x0 /opt/riscv-newlib/lib/gcc/riscv32-unknown-elf/15.2.0/libgcc.a(fixtfsi.o)
                                0x212 (size before relaxing)
 .debug_str     0x0001e063        0x0 /opt/riscv-newlib/lib/gcc/riscv32-unknown-elf/15.2.0/libgcc.a(floatsitf.o)
                                0x2e0 (size before relaxing)
 .debug_str     0x0001e063        0x0 /opt/riscv-newlib/lib/gcc/riscv32-unknown-elf/15.2.0/libgcc.a(extenddftf2.o)
                                0x22b (size before relaxing)

.debug_line_str
                0x00000000      0xa6c
 .debug_line_str
                0x00000000      0xa6c build/objs/app_main.o
                                0x389 (size before relaxing)
 .debug_line_str
                0x00000a6c        0x0 build/objs/logo.o
                                0x177 (size before relaxing)
 .debug_line_str
                0x00000a6c        0x0 build/objs/ui.o
                                0x171 (size before relaxing)
 .debug_line_str
                0x00000a6c        0x0 build/objs/driver_st7789_interface.o
                                0x3a6 (size before relaxing)
 .debug_line_str
                0x00000a6c        0x0 build/objs/driver_st7789.o
                                0x285 (size before relaxing)
 .debug_line_str
                0x00000a6c        0x0 build/objs/gpio_driver.o
                                 0xb4 (size before relaxing)
 .debug_line_str
                0x00000a6c        0x0 build/objs/spi_driver.o
                                 0xb1 (size before relaxing)
 .debug_line_str
                0x00000a6c        0x0 build/objs/tasks.o
                                0x33d (size before relaxing)
 .debug_line_str
                0x00000a6c        0x0 build/objs/list.o
                                0x2f4 (size before relaxing)
 .debug_line_str
                0x00000a6c        0x0 build/objs/queue.o
                                0x32d (size before relaxing)
 .debug_line_str
                0x00000a6c        0x0 build/objs/timers.o
                                0x310 (size before relaxing)
 .debug_line_str
                0x00000a6c        0x0 build/objs/heap_4.o
                                0x349 (size before relaxing)
 .debug_line_str
                0x00000a6c        0x0 build/objs/port.o
                                0x304 (size before relaxing)
 .debug_line_str
                0x00000a6c        0x0 build/objs/printf-stdarg.o
                                 0xc1 (size before relaxing)
 .debug_line_str
                0x00000a6c        0x0 build/objs/freertos_main.o
                                0x307 (size before relaxing)
 .debug_line_str
                0x00000a6c        0x0 build/objs/freertos_syscalls.o
                                0x2be (size before relaxing)
 .debug_line_str